Component: ARM Compiler 6.12 Tool: armlink [5d624300]

==============================================================================

Section Cross References

    startup_py32f040xx.o(RESET) refers to startup_py32f040xx.o(STACK) for __initial_sp
    startup_py32f040xx.o(RESET) refers to startup_py32f040xx.o(.text) for Reset_Handler
    startup_py32f040xx.o(RESET) refers to py32f040_it.o(.text.NMI_Handler) for NMI_Handler
    startup_py32f040xx.o(RESET) refers to py32f040_it.o(.text.HardFault_Handler) for HardFault_Handler
    startup_py32f040xx.o(RESET) refers to py32f040_it.o(.text.SVC_Handler) for SVC_Handler
    startup_py32f040xx.o(RESET) refers to py32f040_it.o(.text.PendSV_Handler) for PendSV_Handler
    startup_py32f040xx.o(RESET) refers to py32f040_it.o(.text.SysTick_Handler) for SysTick_Handler
    startup_py32f040xx.o(RESET) refers to py32f040_it.o(.text.ADC_COMP_IRQHandler) for ADC_COMP_IRQHandler
    startup_py32f040xx.o(.text) refers to system_py32f040.o(.text.SystemInit) for SystemInit
    startup_py32f040xx.o(.text) refers to entry.o(.ARM.Collect$$$$00000000) for __main
    system_py32f040.o(.text.SystemCoreClockUpdate) refers to system_py32f040.o(.rodata.HSIFreqTable) for HSIFreqTable
    system_py32f040.o(.text.SystemCoreClockUpdate) refers to system_py32f040.o(.data.SystemCoreClock) for SystemCoreClock
    system_py32f040.o(.text.SystemCoreClockUpdate) refers to system_py32f040.o(.rodata.AHBPrescTable) for AHBPrescTable
    system_py32f040.o(.ARM.exidx.text.SystemCoreClockUpdate) refers to system_py32f040.o(.text.SystemCoreClockUpdate) for [Anonymous Symbol]
    system_py32f040.o(.ARM.exidx.text.SystemInit) refers to system_py32f040.o(.text.SystemInit) for [Anonymous Symbol]
    main.o(.text.main) refers to py32f040_hal.o(.text.HAL_Init) for HAL_Init
    main.o(.text.main) refers to main.o(.text.APP_SystemClockConfig) for APP_SystemClockConfig
    main.o(.text.main) refers to main.o(.text.APP_AdcConfig) for APP_AdcConfig
    main.o(.text.main) refers to main.o(.text.APP_GpioConfig_Led) for APP_GpioConfig_Led
    main.o(.text.main) refers to main.o(.text.APP_GpioConfig_Button) for APP_GpioConfig_Button
    main.o(.text.main) refers to main.o(.text.APP_GpioConfig_Input) for APP_GpioConfig_Input
    main.o(.text.main) refers to lcd.o(.text.LCD_Init) for LCD_Init
    main.o(.text.main) refers to lcd.o(.text.LCD_SetCursor) for LCD_SetCursor
    main.o(.text.main) refers to lcd.o(.text.LCD_Print) for LCD_Print
    main.o(.text.main) refers to py32f040_hal.o(.text.HAL_GetTick) for HAL_GetTick
    main.o(.text.main) refers to py32f040_hal_adc.o(.text.HAL_ADC_Start_IT) for HAL_ADC_Start_IT
    main.o(.text.main) refers to main.o(.text.Button_Read) for Button_Read
    main.o(.text.main) refers to lcd.o(.text.LCD_PrintNumber) for LCD_PrintNumber
    main.o(.text.main) refers to uidiv.o(.text) for __aeabi_uidiv
    main.o(.text.main) refers to py32f040_hal_gpio.o(.text.HAL_GPIO_TogglePin) for HAL_GPIO_TogglePin
    main.o(.text.main) refers to main.o(.text.LED_Off) for LED_Off
    main.o(.text.main) refers to main.o(.bss..L_MergedGlobals.8) for [Anonymous Symbol]
    main.o(.text.main) refers to main.o(.data..L_MergedGlobals) for [Anonymous Symbol]
    main.o(.text.main) refers to main.o(.rodata.str1.1) for .L.str.4
    main.o(.ARM.exidx.text.main) refers to main.o(.text.main) for [Anonymous Symbol]
    main.o(.text.APP_SystemClockConfig) refers to memseta.o(.text) for __aeabi_memclr4
    main.o(.text.APP_SystemClockConfig) refers to py32f040_hal_rcc.o(.text.HAL_RCC_OscConfig) for HAL_RCC_OscConfig
    main.o(.text.APP_SystemClockConfig) refers to py32f040_hal_rcc.o(.text.HAL_RCC_ClockConfig) for HAL_RCC_ClockConfig
    main.o(.ARM.exidx.text.APP_SystemClockConfig) refers to main.o(.text.APP_SystemClockConfig) for [Anonymous Symbol]
    main.o(.text.APP_AdcConfig) refers to memseta.o(.text) for __aeabi_memclr4
    main.o(.text.APP_AdcConfig) refers to py32f040_hal_rcc_ex.o(.text.HAL_RCCEx_PeriphCLKConfig) for HAL_RCCEx_PeriphCLKConfig
    main.o(.text.APP_AdcConfig) refers to py32f040_hal_adc.o(.text.HAL_ADC_Init) for HAL_ADC_Init
    main.o(.text.APP_AdcConfig) refers to py32f040_hal_adc.o(.text.HAL_ADC_ConfigChannel) for HAL_ADC_ConfigChannel
    main.o(.text.APP_AdcConfig) refers to py32f040_hal_adc_ex.o(.text.HAL_ADCEx_Calibration_Start) for HAL_ADCEx_Calibration_Start
    main.o(.text.APP_AdcConfig) refers to main.o(.bss..L_MergedGlobals.8) for [Anonymous Symbol]
    main.o(.ARM.exidx.text.APP_AdcConfig) refers to main.o(.text.APP_AdcConfig) for [Anonymous Symbol]
    main.o(.text.APP_GpioConfig_Led) refers to py32f040_hal_gpio.o(.text.HAL_GPIO_Init) for HAL_GPIO_Init
    main.o(.ARM.exidx.text.APP_GpioConfig_Led) refers to main.o(.text.APP_GpioConfig_Led) for [Anonymous Symbol]
    main.o(.text.APP_GpioConfig_Button) refers to py32f040_hal_gpio.o(.text.HAL_GPIO_Init) for HAL_GPIO_Init
[...]
    entry2.o(.ARM.Collect$$$$00002712) refers to startup_py32f040xx.o(STACK) for __initial_sp
    entry2.o(__vectab_stack_and_reset_area) refers to startup_py32f040xx.o(STACK) for __initial_sp
    entry2.o(__vectab_stack_and_reset_area) refers to entry.o(.ARM.Collect$$$$00000000) for __main
    entry5.o(.ARM.Collect$$$$00000004) refers to init.o(.text) for __scatterload
    entry9a.o(.ARM.Collect$$$$0000000B) refers to main.o(.text.main) for main
    entry9b.o(.ARM.Collect$$$$0000000C) refers to main.o(.text.main) for main
    uldiv.o(.text) refers to llushr.o(.text) for __aeabi_llsr
    uldiv.o(.text) refers to llshl.o(.text) for __aeabi_llsl
    dadd.o(.text) refers (Special) to iusefp.o(.text) for __I$use$fp
    dadd.o(.text) refers to llshl.o(.text) for __aeabi_llsl
    dadd.o(.text) refers to llsshr.o(.text) for __aeabi_lasr
    dadd.o(.text) refers to depilogue.o(.text) for _double_epilogue
    dmul.o(.text) refers (Special) to iusefp.o(.text) for __I$use$fp
    dmul.o(.text) refers to depilogue.o(.text) for _double_epilogue
    ddiv.o(.text) refers (Special) to iusefp.o(.text) for __I$use$fp
    ddiv.o(.text) refers to depilogue.o(.text) for _double_round
    dfixul.o(.text) refers (Special) to iusefp.o(.text) for __I$use$fp
    dfixul.o(.text) refers to llushr.o(.text) for __aeabi_llsr
    dfixul.o(.text) refers to llshl.o(.text) for __aeabi_llsl
    cdrcmple.o(.text) refers (Special) to iusefp.o(.text) for __I$use$fp
    init.o(.text) refers to entry5.o(.ARM.Collect$$$$00000004) for __main_after_scatterload
    depilogue.o(.text) refers (Special) to iusefp.o(.text) for __I$use$fp
    depilogue.o(.text) refers to depilogue.o(i.__ARM_clz) for __ARM_clz
    depilogue.o(.text) refers to llshl.o(.text) for __aeabi_llsl
    depilogue.o(.text) refers to llushr.o(.text) for __aeabi_llsr
    depilogue.o(i.__ARM_clz) refers (Special) to iusefp.o(.text) for __I$use$fp


==============================================================================

Removing Unused input sections from the image.

    Removing startup_py32f040xx.o(HEAP), (512 bytes).
    Removing system_py32f040.o(.text), (0 bytes).
    Removing system_py32f040.o(.text.SystemCoreClockUpdate), (148 bytes).
    Removing system_py32f040.o(.ARM.exidx.text.SystemCoreClockUpdate), (8 bytes).
    Removing system_py32f040.o(.ARM.exidx.text.SystemInit), (8 bytes).
    Removing main.o(.text), (0 bytes).
    Removing main.o(.ARM.exidx.text.main), (8 bytes).
    Removing main.o(.ARM.exidx.text.APP_SystemClockConfig), (8 bytes).
    Removing main.o(.ARM.exidx.text.APP_AdcConfig), (8 bytes).
    Removing main.o(.ARM.exidx.text.APP_GpioConfig_Led), (8 bytes).
    Removing main.o(.ARM.exidx.text.APP_GpioConfig_Button), (8 bytes).
    Removing main.o(.ARM.exidx.text.APP_GpioConfig_Input), (8 bytes).
    Removing main.o(.ARM.exidx.text.Button_Read), (8 bytes).
    Removing main.o(.ARM.exidx.text.LED_Off), (8 bytes).
    Removing main.o(.ARM.exidx.text.HAL_ADC_ConvCpltCallback), (8 bytes).
    Removing main.o(.text.APP_ErrorHandler), (2 bytes).
    Removing main.o(.ARM.exidx.text.APP_ErrorHandler), (8 bytes).
    Removing main.o(.text.LED_On), (10 bytes).
    Removing main.o(.ARM.exidx.text.LED_On), (8 bytes).
    Removing main.o(.ARM.use_no_argv), (4 bytes).
    Removing py32f040_hal_msp.o(.text), (0 bytes).
    Removing py32f040_hal_msp.o(.ARM.exidx.text.HAL_MspInit), (8 bytes).
    Removing py32f040_hal_msp.o(.ARM.exidx.text.HAL_ADC_MspInit), (8 bytes).
    Removing py32f040_it.o(.text), (0 bytes).
    Removing py32f040_it.o(.ARM.exidx.text.NMI_Handler), (8 bytes).
    Removing py32f040_it.o(.ARM.exidx.text.HardFault_Handler), (8 bytes).
    Removing py32f040_it.o(.ARM.exidx.text.SVC_Handler), (8 bytes).
    Removing py32f040_it.o(.ARM.exidx.text.PendSV_Handler), (8 bytes).
    Removing py32f040_it.o(.ARM.exidx.text.SysTick_Handler), (8 bytes).
    Removing py32f040_it.o(.ARM.exidx.text.ADC_COMP_IRQHandler), (8 bytes).
    Removing py32f040xx_start_kit.o(.text), (0 bytes).
    Removing py32f040xx_start_kit.o(.text.BSP_GetVersion), (6 bytes).
    Removing py32f040xx_start_kit.o(.ARM.exidx.text.BSP_GetVersion), (8 bytes).
    Removing py32f040xx_start_kit.o(.text.BSP_LED_Init), (72 bytes).
    Removing py32f040xx_start_kit.o(.ARM.exidx.text.BSP_LED_Init), (8 bytes).
    Removing py32f040xx_start_kit.o(.text.BSP_LED_DeInit), (32 bytes).
    Removing py32f040xx_start_kit.o(.ARM.exidx.text.BSP_LED_DeInit), (8 bytes).
    Removing py32f040xx_start_kit.o(.text.BSP_LED_On), (24 bytes).
    Removing py32f040xx_start_kit.o(.ARM.exidx.text.BSP_LED_On), (8 bytes).
    Removing py32f040xx_start_kit.o(.text.BSP_LED_Off), (24 bytes).
    Removing py32f040xx_start_kit.o(.ARM.exidx.text.BSP_LED_Off), (8 bytes).
    Removing py32f040xx_start_kit.o(.text.BSP_LED_Toggle), (20 bytes).
    Removing py32f040xx_start_kit.o(.ARM.exidx.text.BSP_LED_Toggle), (8 bytes).
    Removing py32f040xx_start_kit.o(.text.BSP_PB_Init), (112 bytes).
    Removing py32f040xx_start_kit.o(.ARM.exidx.text.BSP_PB_Init), (8 bytes).
    Removing py32f040xx_start_kit.o(.text.BSP_PB_DeInit), (28 bytes).
    Removing py32f040xx_start_kit.o(.ARM.exidx.text.BSP_PB_DeInit), (8 bytes).
    Removing py32f040xx_start_kit.o(.text.BSP_PB_GetState), (20 bytes).
    Removing py32f040xx_start_kit.o(.ARM.exidx.text.BSP_PB_GetState), (8 bytes).
    Removing py32f040xx_start_kit.o(.text.BSP_USART_Config), (164 bytes).
    Removing py32f040xx_start_kit.o(.ARM.exidx.text.BSP_USART_Config), (8 bytes).
    Removing py32f040xx_start_kit.o(.text.fputc), (28 bytes).
    Removing py32f040xx_start_kit.o(.ARM.exidx.text.fputc), (8 bytes).
    Removing py32f040xx_start_kit.o(.text.fgetc), (28 bytes).
    Removing py32f040xx_start_kit.o(.ARM.exidx.text.fgetc), (8 bytes).
    Removing py32f040xx_start_kit.o(.data.LED_PORT), (4 bytes).
    Removing py32f040xx_start_kit.o(.rodata.LED_PIN), (2 bytes).
    Removing py32f040xx_start_kit.o(.data.BUTTON_PORT), (4 bytes).
    Removing py32f040xx_start_kit.o(.rodata.BUTTON_PIN), (2 bytes).
    Removing py32f040xx_start_kit.o(.rodata.BUTTON_IRQn), (1 bytes).
    Removing py32f040xx_start_kit.o(.bss.DebugUartHandle), (76 bytes).
    Removing py32f040_hal.o(.text), (0 bytes).
    Removing py32f040_hal.o(.ARM.exidx.text.HAL_Init), (8 bytes).
    Removing py32f040_hal.o(.ARM.exidx.text.HAL_InitTick), (8 bytes).
    Removing py32f040_hal.o(.text.HAL_MspInit), (2 bytes).
    Removing py32f040_hal.o(.ARM.exidx.text.HAL_MspInit), (8 bytes).
    Removing py32f040_hal.o(.text.HAL_DeInit), (36 bytes).
    Removing py32f040_hal.o(.ARM.exidx.text.HAL_DeInit), (8 bytes).
    Removing py32f040_hal.o(.text.HAL_MspDeInit), (2 bytes).
    Removing py32f040_hal.o(.ARM.exidx.text.HAL_MspDeInit), (8 bytes).
    Removing py32f040_hal.o(.ARM.exidx.text.HAL_IncTick), (8 bytes).
    Removing py32f040_hal.o(.ARM.exidx.text.HAL_GetTick), (8 bytes).
    Removing py32f040_hal.o(.text.HAL_GetTickPrio), (12 bytes).
    Removing py32f040_hal.o(.ARM.exidx.text.HAL_GetTickPrio), (8 bytes).
    Removing py32f040_hal.o(.text.HAL_SetTickFreq), (36 bytes).
    Removing py32f040_hal.o(.ARM.exidx.text.HAL_SetTickFreq), (8 bytes).
    Removing py32f040_hal.o(.text.HAL_GetTickFreq), (12 bytes).
    Removing py32f040_hal.o(.ARM.exidx.text.HAL_GetTickFreq), (8 bytes).
    Removing py32f040_hal.o(.ARM.exidx.text.HAL_Delay), (8 bytes).
    Removing py32f040_hal.o(.text.HAL_SuspendTick), (16 bytes).
    Removing py32f040_hal.o(.ARM.exidx.text.HAL_SuspendTick), (8 bytes).
    Removing py32f040_hal.o(.text.HAL_ResumeTick), (16 bytes).
    Removing py32f040_hal.o(.ARM.exidx.text.HAL_ResumeTick), (8 bytes).
    Removing py32f040_hal.o(.text.HAL_GetHalVersion), (6 bytes).
    Removing py32f040_hal.o(.ARM.exidx.text.HAL_GetHalVersion), (8 bytes).
    Removing py32f040_hal.o(.text.HAL_GetREVID), (12 bytes).
    Removing py32f040_hal.o(.ARM.exidx.text.HAL_GetREVID), (8 bytes).
    Removing py32f040_hal.o(.text.HAL_GetUIDw0), (12 bytes).
    Removing py32f040_hal.o(.ARM.exidx.text.HAL_GetUIDw0), (8 bytes).
    Removing py32f040_hal.o(.text.HAL_GetUIDw1), (12 bytes).
    Removing py32f040_hal.o(.ARM.exidx.text.HAL_GetUIDw1), (8 bytes).
    Removing py32f040_hal.o(.text.HAL_GetUIDw2), (12 bytes).
    Removing py32f040_hal.o(.ARM.exidx.text.HAL_GetUIDw2), (8 bytes).
    Removing py32f040_hal.o(.text.HAL_DBGMCU_EnableDBGMCUSleepMode), (16 bytes).
    Removing py32f040_hal.o(.ARM.exidx.text.HAL_DBGMCU_EnableDBGMCUSleepMode), (8 bytes).
    Removing py32f040_hal.o(.text.HAL_DBGMCU_DisableDBGMCUSleepMode), (16 bytes).
    Removing py32f040_hal.o(.ARM.exidx.text.HAL_DBGMCU_DisableDBGMCUSleepMode), (8 bytes).
    Removing py32f040_hal.o(.text.HAL_DBGMCU_EnableDBGMCUStopMode), (16 bytes).
    Removing py32f040_hal.o(.ARM.exidx.text.HAL_DBGMCU_EnableDBGMCUStopMode), (8 bytes).
    Removing py32f040_hal.o(.text.HAL_DBGMCU_DisableDBGMCUStopMode), (16 bytes).
    Removing py32f040_hal.o(.ARM.exidx.text.HAL_DBGMCU_DisableDBGMCUStopMode), (8 bytes).
    Removing py32f040_hal.o(.text.HAL_SYSCFG_TIM3ETRSource), (20 bytes).
    Removing py32f040_hal.o(.ARM.exidx.text.HAL_SYSCFG_TIM3ETRSource), (8 bytes).
    Removing py32f040_hal.o(.text.HAL_SYSCFG_TIM2ETRSource), (20 bytes).
    Removing py32f040_hal.o(.ARM.exidx.text.HAL_SYSCFG_TIM2ETRSource), (8 bytes).
    Removing py32f040_hal.o(.text.HAL_SYSCFG_TIM1ETRSource), (20 bytes).
    Removing py32f040_hal.o(.ARM.exidx.text.HAL_SYSCFG_TIM1ETRSource), (8 bytes).
    Removing py32f040_hal.o(.text.HAL_SYSCFG_TIM3IC1Source), (20 bytes).
    Removing py32f040_hal.o(.ARM.exidx.text.HAL_SYSCFG_TIM3IC1Source), (8 bytes).
    Removing py32f040_hal.o(.text.HAL_SYSCFG_TIM2IC4Source), (20 bytes).
    Removing py32f040_hal.o(.ARM.exidx.text.HAL_SYSCFG_TIM2IC4Source), (8 bytes).
    Removing py32f040_hal.o(.text.HAL_SYSCFG_TIM1IC1Source), (20 bytes).
    Removing py32f040_hal.o(.ARM.exidx.text.HAL_SYSCFG_TIM1IC1Source), (8 bytes).
    Removing py32f040_hal.o(.text.HAL_SYSCFG_EnableGPIONoiseFilter), (76 bytes).
    Removing py32f040_hal.o(.ARM.exidx.text.HAL_SYSCFG_EnableGPIONoiseFilter), (8 bytes).
    Removing py32f040_hal.o(.text.HAL_SYSCFG_DisableGPIONoiseFilter), (76 bytes).
    Removing py32f040_hal.o(.ARM.exidx.text.HAL_SYSCFG_DisableGPIONoiseFilter), (8 bytes).
    Removing py32f040_hal_cortex.o(.text), (0 bytes).
    Removing py32f040_hal_cortex.o(.ARM.exidx.text.HAL_NVIC_SetPriority), (8 bytes).
    Removing py32f040_hal_cortex.o(.ARM.exidx.text.__NVIC_SetPriority), (8 bytes).
    Removing py32f040_hal_cortex.o(.ARM.exidx.text.HAL_NVIC_EnableIRQ), (8 bytes).
    Removing py32f040_hal_cortex.o(.text.HAL_NVIC_DisableIRQ), (32 bytes).
    Removing py32f040_hal_cortex.o(.ARM.exidx.text.HAL_NVIC_DisableIRQ), (8 bytes).
    Removing py32f040_hal_cortex.o(.text.HAL_NVIC_SystemReset), (4 bytes).
    Removing py32f040_hal_cortex.o(.ARM.exidx.text.HAL_NVIC_SystemReset), (8 bytes).
    Removing py32f040_hal_cortex.o(.text.__NVIC_SystemReset), (28 bytes).
    Removing py32f040_hal_cortex.o(.ARM.exidx.text.__NVIC_SystemReset), (8 bytes).
    Removing py32f040_hal_cortex.o(.ARM.exidx.text.HAL_SYSTICK_Config), (8 bytes).
    Removing py32f040_hal_cortex.o(.text.HAL_NVIC_GetPriority), (52 bytes).
    Removing py32f040_hal_cortex.o(.ARM.exidx.text.HAL_NVIC_GetPriority), (8 bytes).
    Removing py32f040_hal_cortex.o(.text.HAL_NVIC_SetPendingIRQ), (24 bytes).
    Removing py32f040_hal_cortex.o(.ARM.exidx.text.HAL_NVIC_SetPendingIRQ), (8 bytes).
    Removing py32f040_hal_cortex.o(.text.HAL_NVIC_GetPendingIRQ), (40 bytes).
    Removing py32f040_hal_cortex.o(.ARM.exidx.text.HAL_NVIC_GetPendingIRQ), (8 bytes).
    Removing py32f040_hal_cortex.o(.text.HAL_NVIC_ClearPendingIRQ), (24 bytes).
    Removing py32f040_hal_cortex.o(.ARM.exidx.text.HAL_NVIC_ClearPendingIRQ), (8 bytes).
    Removing py32f040_hal_cortex.o(.text.HAL_SYSTICK_CLKSourceConfig), (24 bytes).
    Removing py32f040_hal_cortex.o(.ARM.exidx.text.HAL_SYSTICK_CLKSourceConfig), (8 bytes).
    Removing py32f040_hal_cortex.o(.text.HAL_SYSTICK_IRQHandler), (8 bytes).
    Removing py32f040_hal_cortex.o(.ARM.exidx.text.HAL_SYSTICK_IRQHandler), (8 bytes).
    Removing py32f040_hal_cortex.o(.text.HAL_SYSTICK_Callback), (2 bytes).
    Removing py32f040_hal_cortex.o(.ARM.exidx.text.HAL_SYSTICK_Callback), (8 bytes).
    Removing py32f040_hal_dma.o(.text), (0 bytes).
    Removing py32f040_hal_dma.o(.text.HAL_DMA_Init), (116 bytes).
    Removing py32f040_hal_dma.o(.ARM.exidx.text.HAL_DMA_Init), (8 bytes).
    Removing py32f040_hal_dma.o(.text.HAL_DMA_DeInit), (88 bytes).
    Removing py32f040_hal_dma.o(.ARM.exidx.text.HAL_DMA_DeInit), (8 bytes).
    Removing py32f040_hal_dma.o(.text.HAL_DMA_Start), (76 bytes).
    Removing py32f040_hal_dma.o(.ARM.exidx.text.HAL_DMA_Start), (8 bytes).
    Removing py32f040_hal_dma.o(.text.DMA_SetConfig), (38 bytes).
    Removing py32f040_hal_dma.o(.ARM.exidx.text.DMA_SetConfig), (8 bytes).
    Removing py32f040_hal_dma.o(.text.HAL_DMA_Start_IT), (102 bytes).
    Removing py32f040_hal_dma.o(.ARM.exidx.text.HAL_DMA_Start_IT), (8 bytes).
    Removing py32f040_hal_dma.o(.text.HAL_DMA_Abort), (64 bytes).
    Removing py32f040_hal_dma.o(.ARM.exidx.text.HAL_DMA_Abort), (8 bytes).
    Removing py32f040_hal_dma.o(.text.HAL_DMA_Abort_IT), (160 bytes).
    Removing py32f040_hal_dma.o(.ARM.exidx.text.HAL_DMA_Abort_IT), (8 bytes).
    Removing py32f040_hal_dma.o(.text.HAL_DMA_PollForTransfer), (560 bytes).
    Removing py32f040_hal_dma.o(.ARM.exidx.text.HAL_DMA_PollForTransfer), (8 bytes).
    Removing py32f040_hal_dma.o(.text.HAL_DMA_IRQHandler), (312 bytes).
    Removing py32f040_hal_dma.o(.ARM.exidx.text.HAL_DMA_IRQHandler), (8 bytes).
    Removing py32f040_hal_dma.o(.text.HAL_DMA_RegisterCallback), (70 bytes).
    Removing py32f040_hal_dma.o(.ARM.exidx.text.HAL_DMA_RegisterCallback), (8 bytes).
    Removing py32f040_hal_dma.o(.text.HAL_DMA_UnRegisterCallback), (88 bytes).
    Removing py32f040_hal_dma.o(.ARM.exidx.text.HAL_DMA_UnRegisterCallback), (8 bytes).
    Removing py32f040_hal_dma.o(.text.HAL_DMA_ChannelMap), (84 bytes).
    Removing py32f040_hal_dma.o(.ARM.exidx.text.HAL_DMA_ChannelMap), (8 bytes).
    Removing py32f040_hal_dma.o(.text.HAL_DMA_GetState), (6 bytes).
    Removing py32f040_hal_dma.o(.ARM.exidx.text.HAL_DMA_GetState), (8 bytes).
    Removing py32f040_hal_dma.o(.text.HAL_DMA_GetError), (4 bytes).
    Removing py32f040_hal_dma.o(.ARM.exidx.text.HAL_DMA_GetError), (8 bytes).
    Removing py32f040_hal_gpio.o(.text), (0 bytes).
    Removing py32f040_hal_gpio.o(.ARM.exidx.text.HAL_GPIO_Init), (8 bytes).
    Removing py32f040_hal_gpio.o(.text.HAL_GPIO_DeInit), (244 bytes).
    Removing py32f040_hal_gpio.o(.ARM.exidx.text.HAL_GPIO_DeInit), (8 bytes).
    Removing py32f040_hal_gpio.o(.ARM.exidx.text.HAL_GPIO_ReadPin), (8 bytes).
    Removing py32f040_hal_gpio.o(.ARM.exidx.text.HAL_GPIO_WritePin), (8 bytes).
    Removing py32f040_hal_gpio.o(.ARM.exidx.text.HAL_GPIO_TogglePin), (8 bytes).
    Removing py32f040_hal_gpio.o(.text.HAL_GPIO_LockPin), (44 bytes).
    Removing py32f040_hal_gpio.o(.ARM.exidx.text.HAL_GPIO_LockPin), (8 bytes).
    Removing py32f040_hal_gpio.o(.text.HAL_GPIO_EXTI_Callback), (2 bytes).
    Removing py32f040_hal_gpio.o(.ARM.exidx.text.HAL_GPIO_EXTI_Callback), (8 bytes).
    Removing py32f040_hal_gpio.o(.text.HAL_GPIO_EXTI_IRQHandler), (24 bytes).
    Removing py32f040_hal_gpio.o(.ARM.exidx.text.HAL_GPIO_EXTI_IRQHandler), (8 bytes).
    Removing py32f040_hal_pwr.o(.text), (0 bytes).
    Removing py32f040_hal_pwr.o(.text.HAL_PWR_DeInit), (24 bytes).
    Removing py32f040_hal_pwr.o(.ARM.exidx.text.HAL_PWR_DeInit), (8 bytes).
    Removing py32f040_hal_pwr.o(.text.HAL_PWR_EnableBkUpAccess), (20 bytes).
    Removing py32f040_hal_pwr.o(.ARM.exidx.text.HAL_PWR_EnableBkUpAccess), (8 bytes).
    Removing py32f040_hal_pwr.o(.text.HAL_PWR_DisableBkUpAccess), (20 bytes).
    Removing py32f040_hal_pwr.o(.ARM.exidx.text.HAL_PWR_DisableBkUpAccess), (8 bytes).
    Removing py32f040_hal_pwr.o(.text.HAL_PWR_ConfigPVD), (124 bytes).
    Removing py32f040_hal_pwr.o(.ARM.exidx.text.HAL_PWR_ConfigPVD), (8 bytes).
    Removing py32f040_hal_pwr.o(.text.HAL_PWR_EnablePVD), (16 bytes).
    Removing py32f040_hal_pwr.o(.ARM.exidx.text.HAL_PWR_EnablePVD), (8 bytes).
    Removing py32f040_hal_pwr.o(.text.HAL_PWR_DisablePVD), (16 bytes).
    Removing py32f040_hal_pwr.o(.ARM.exidx.text.HAL_PWR_DisablePVD), (8 bytes).
    Removing py32f040_hal_pwr.o(.text.HAL_PWR_ConfigStopMode), (36 bytes).
    Removing py32f040_hal_pwr.o(.ARM.exidx.text.HAL_PWR_ConfigStopMode), (8 bytes).
    Removing py32f040_hal_pwr.o(.text.HAL_PWR_ConfigBIAS), (44 bytes).
    Removing py32f040_hal_pwr.o(.ARM.exidx.text.HAL_PWR_ConfigBIAS), (8 bytes).
    Removing py32f040_hal_pwr.o(.text.HAL_PWR_EnterSLEEPMode), (32 bytes).
    Removing py32f040_hal_pwr.o(.ARM.exidx.text.HAL_PWR_EnterSLEEPMode), (8 bytes).
    Removing py32f040_hal_pwr.o(.text.HAL_PWR_EnterSTOPMode), (64 bytes).
    Removing py32f040_hal_pwr.o(.ARM.exidx.text.HAL_PWR_EnterSTOPMode), (8 bytes).
    Removing py32f040_hal_pwr.o(.text.HAL_PWR_EnableSleepOnExit), (16 bytes).
    Removing py32f040_hal_pwr.o(.ARM.exidx.text.HAL_PWR_EnableSleepOnExit), (8 bytes).
    Removing py32f040_hal_pwr.o(.text.HAL_PWR_DisableSleepOnExit), (16 bytes).
    Removing py32f040_hal_pwr.o(.ARM.exidx.text.HAL_PWR_DisableSleepOnExit), (8 bytes).
    Removing py32f040_hal_pwr.o(.text.HAL_PWR_EnableSEVOnPend), (16 bytes).
    Removing py32f040_hal_pwr.o(.ARM.exidx.text.HAL_PWR_EnableSEVOnPend), (8 bytes).
    Removing py32f040_hal_pwr.o(.text.HAL_PWR_DisableSEVOnPend), (16 bytes).
    Removing py32f040_hal_pwr.o(.ARM.exidx.text.HAL_PWR_DisableSEVOnPend), (8 bytes).
    Removing py32f040_hal_pwr.o(.text.HAL_PWR_PVD_IRQHandler), (28 bytes).
    Removing py32f040_hal_pwr.o(.ARM.exidx.text.HAL_PWR_PVD_IRQHandler), (8 bytes).
    Removing py32f040_hal_pwr.o(.text.HAL_PWR_PVD_Callback), (2 bytes).
    Removing py32f040_hal_pwr.o(.ARM.exidx.text.HAL_PWR_PVD_Callback), (8 bytes).
    Removing py32f040_hal_rcc.o(.text), (0 bytes).
    Removing py32f040_hal_rcc.o(.text.HAL_RCC_DeInit), (200 bytes).
    Removing py32f040_hal_rcc.o(.ARM.exidx.text.HAL_RCC_DeInit), (8 bytes).
    Removing py32f040_hal_rcc.o(.ARM.exidx.text.HAL_RCC_OscConfig), (8 bytes).
    Removing py32f040_hal_rcc.o(.ARM.exidx.text.HAL_RCC_GetSysClockFreq), (8 bytes).
    Removing py32f040_hal_rcc.o(.ARM.exidx.text.HAL_RCC_ClockConfig), (8 bytes).
    Removing py32f040_hal_rcc.o(.text.HAL_RCC_MCOConfig), (184 bytes).
    Removing py32f040_hal_rcc.o(.ARM.exidx.text.HAL_RCC_MCOConfig), (8 bytes).
    Removing py32f040_hal_rcc.o(.text.HAL_RCC_GetHCLKFreq), (12 bytes).
    Removing py32f040_hal_rcc.o(.ARM.exidx.text.HAL_RCC_GetHCLKFreq), (8 bytes).
    Removing py32f040_hal_rcc.o(.ARM.exidx.text.HAL_RCC_GetPCLK1Freq), (8 bytes).
    Removing py32f040_hal_rcc.o(.text.HAL_RCC_GetOscConfig), (140 bytes).
    Removing py32f040_hal_rcc.o(.ARM.exidx.text.HAL_RCC_GetOscConfig), (8 bytes).
    Removing py32f040_hal_rcc.o(.text.HAL_RCC_GetClockConfig), (52 bytes).
    Removing py32f040_hal_rcc.o(.ARM.exidx.text.HAL_RCC_GetClockConfig), (8 bytes).
    Removing py32f040_hal_rcc.o(.text.HAL_RCC_EnableCSS), (20 bytes).
    Removing py32f040_hal_rcc.o(.ARM.exidx.text.HAL_RCC_EnableCSS), (8 bytes).
    Removing py32f040_hal_rcc.o(.text.HAL_RCC_EnableLSECSS), (16 bytes).
    Removing py32f040_hal_rcc.o(.ARM.exidx.text.HAL_RCC_EnableLSECSS), (8 bytes).
    Removing py32f040_hal_rcc.o(.text.HAL_RCC_DisableLSECSS), (16 bytes).
    Removing py32f040_hal_rcc.o(.ARM.exidx.text.HAL_RCC_DisableLSECSS), (8 bytes).
    Removing py32f040_hal_rcc.o(.text.HAL_RCC_NMI_IRQHandler), (36 bytes).
    Removing py32f040_hal_rcc.o(.ARM.exidx.text.HAL_RCC_NMI_IRQHandler), (8 bytes).
    Removing py32f040_hal_rcc.o(.text.HAL_RCC_CSSCallback), (2 bytes).
    Removing py32f040_hal_rcc.o(.ARM.exidx.text.HAL_RCC_CSSCallback), (8 bytes).
    Removing py32f040_hal_rcc.o(.text.HAL_RCC_LSECSSCallback), (2 bytes).
    Removing py32f040_hal_rcc.o(.ARM.exidx.text.HAL_RCC_LSECSSCallback), (8 bytes).
    Removing py32f040_hal_rcc_ex.o(.text), (0 bytes).
    Removing py32f040_hal_rcc_ex.o(.ARM.exidx.text.HAL_RCCEx_PeriphCLKConfig), (8 bytes).
    Removing py32f040_hal_rcc_ex.o(.text.HAL_RCCEx_GetPeriphCLKConfig), (72 bytes).
    Removing py32f040_hal_rcc_ex.o(.ARM.exidx.text.HAL_RCCEx_GetPeriphCLKConfig), (8 bytes).
    Removing py32f040_hal_rcc_ex.o(.ARM.exidx.text.HAL_RCCEx_GetPeriphCLKFreq), (8 bytes).
    Removing py32f040_hal_rcc_ex.o(.text.HAL_RCCEx_EnableLSCO), (108 bytes).
    Removing py32f040_hal_rcc_ex.o(.ARM.exidx.text.HAL_RCCEx_EnableLSCO), (8 bytes).
    Removing py32f040_hal_rcc_ex.o(.text.HAL_RCCEx_DisableLSCO), (88 bytes).
    Removing py32f040_hal_rcc_ex.o(.ARM.exidx.text.HAL_RCCEx_DisableLSCO), (8 bytes).
    Removing py32f040_hal_uart.o(.text), (0 bytes).
    Removing py32f040_hal_uart.o(.text.HAL_UART_Init), (136 bytes).
    Removing py32f040_hal_uart.o(.ARM.exidx.text.HAL_UART_Init), (8 bytes).
    Removing py32f040_hal_uart.o(.text.HAL_UART_MspInit), (2 bytes).
    Removing py32f040_hal_uart.o(.ARM.exidx.text.HAL_UART_MspInit), (8 bytes).
    Removing py32f040_hal_uart.o(.text.UART_SetConfig), (188 bytes).
    Removing py32f040_hal_uart.o(.ARM.exidx.text.UART_SetConfig), (8 bytes).
    Removing py32f040_hal_uart.o(.text.HAL_HalfDuplex_Init), (106 bytes).
    Removing py32f040_hal_uart.o(.ARM.exidx.text.HAL_HalfDuplex_Init), (8 bytes).
    Removing py32f040_hal_uart.o(.text.HAL_LIN_Init), (134 bytes).
    Removing py32f040_hal_uart.o(.ARM.exidx.text.HAL_LIN_Init), (8 bytes).
    Removing py32f040_hal_uart.o(.text.HAL_MultiProcessor_Init), (136 bytes).
    Removing py32f040_hal_uart.o(.ARM.exidx.text.HAL_MultiProcessor_Init), (8 bytes).
    Removing py32f040_hal_uart.o(.text.HAL_UART_DeInit), (52 bytes).
    Removing py32f040_hal_uart.o(.ARM.exidx.text.HAL_UART_DeInit), (8 bytes).
    Removing py32f040_hal_uart.o(.text.HAL_UART_MspDeInit), (2 bytes).
    Removing py32f040_hal_uart.o(.ARM.exidx.text.HAL_UART_MspDeInit), (8 bytes).
    Removing py32f040_hal_uart.o(.text.HAL_UART_Transmit), (228 bytes).
    Removing py32f040_hal_uart.o(.ARM.exidx.text.HAL_UART_Transmit), (8 bytes).
    Removing py32f040_hal_uart.o(.text.UART_WaitOnFlagUntilTimeout), (84 bytes).
    Removing py32f040_hal_uart.o(.ARM.exidx.text.UART_WaitOnFlagUntilTimeout), (8 bytes).
    Removing py32f040_hal_uart.o(.text.HAL_UART_Receive), (208 bytes).
    Removing py32f040_hal_uart.o(.ARM.exidx.text.HAL_UART_Receive), (8 bytes).
    Removing py32f040_hal_uart.o(.text.HAL_UART_Transmit_IT), (74 bytes).
    Removing py32f040_hal_uart.o(.ARM.exidx.text.HAL_UART_Transmit_IT), (8 bytes).
    Removing py32f040_hal_uart.o(.text.HAL_UART_Receive_IT), (90 bytes).
    Removing py32f040_hal_uart.o(.ARM.exidx.text.HAL_UART_Receive_IT), (8 bytes).
    Removing py32f040_hal_uart.o(.text.HAL_UART_Transmit_DMA), (128 bytes).
    Removing py32f040_hal_uart.o(.ARM.exidx.text.HAL_UART_Transmit_DMA), (8 bytes).
    Removing py32f040_hal_uart.o(.text.UART_DMATransmitCplt), (44 bytes).
    Removing py32f040_hal_uart.o(.ARM.exidx.text.UART_DMATransmitCplt), (8 bytes).
    Removing py32f040_hal_uart.o(.text.UART_DMATxHalfCplt), (10 bytes).
    Removing py32f040_hal_uart.o(.ARM.exidx.text.UART_DMATxHalfCplt), (8 bytes).
    Removing py32f040_hal_uart.o(.text.UART_DMAError), (88 bytes).
    Removing py32f040_hal_uart.o(.ARM.exidx.text.UART_DMAError), (8 bytes).
    Removing py32f040_hal_uart.o(.text.HAL_UART_Receive_DMA), (168 bytes).
    Removing py32f040_hal_uart.o(.ARM.exidx.text.HAL_UART_Receive_DMA), (8 bytes).
    Removing py32f040_hal_uart.o(.text.UART_DMAReceiveCplt), (56 bytes).
    Removing py32f040_hal_uart.o(.ARM.exidx.text.UART_DMAReceiveCplt), (8 bytes).
    Removing py32f040_hal_uart.o(.text.UART_DMARxHalfCplt), (10 bytes).
    Removing py32f040_hal_uart.o(.ARM.exidx.text.UART_DMARxHalfCplt), (8 bytes).
    Removing py32f040_hal_uart.o(.text.HAL_UART_DMAPause), (92 bytes).
    Removing py32f040_hal_uart.o(.ARM.exidx.text.HAL_UART_DMAPause), (8 bytes).
    Removing py32f040_hal_uart.o(.text.HAL_UART_DMAResume), (94 bytes).
    Removing py32f040_hal_uart.o(.ARM.exidx.text.HAL_UART_DMAResume), (8 bytes).
    Removing py32f040_hal_uart.o(.text.HAL_UART_DMAStop), (102 bytes).
    Removing py32f040_hal_uart.o(.ARM.exidx.text.HAL_UART_DMAStop), (8 bytes).
    Removing py32f040_hal_uart.o(.text.UART_EndRxTransfer), (28 bytes).
    Removing py32f040_hal_uart.o(.ARM.exidx.text.UART_EndRxTransfer), (8 bytes).
    Removing py32f040_hal_uart.o(.text.HAL_UART_Abort), (138 bytes).
    Removing py32f040_hal_uart.o(.ARM.exidx.text.HAL_UART_Abort), (8 bytes).
    Removing py32f040_hal_uart.o(.text.HAL_UART_AbortTransmit), (76 bytes).
    Removing py32f040_hal_uart.o(.ARM.exidx.text.HAL_UART_AbortTransmit), (8 bytes).
    Removing py32f040_hal_uart.o(.text.HAL_UART_AbortReceive), (86 bytes).
    Removing py32f040_hal_uart.o(.ARM.exidx.text.HAL_UART_AbortReceive), (8 bytes).
    Removing py32f040_hal_uart.o(.text.HAL_UART_Abort_IT), (176 bytes).
    Removing py32f040_hal_uart.o(.ARM.exidx.text.HAL_UART_Abort_IT), (8 bytes).
    Removing py32f040_hal_uart.o(.text.UART_DMATxAbortCallback), (46 bytes).
    Removing py32f040_hal_uart.o(.ARM.exidx.text.UART_DMATxAbortCallback), (8 bytes).
    Removing py32f040_hal_uart.o(.text.UART_DMARxAbortCallback), (46 bytes).
    Removing py32f040_hal_uart.o(.ARM.exidx.text.UART_DMARxAbortCallback), (8 bytes).
    Removing py32f040_hal_uart.o(.text.HAL_UART_AbortCpltCallback), (2 bytes).
    Removing py32f040_hal_uart.o(.ARM.exidx.text.HAL_UART_AbortCpltCallback), (8 bytes).
    Removing py32f040_hal_uart.o(.text.HAL_UART_AbortTransmit_IT), (80 bytes).
    Removing py32f040_hal_uart.o(.ARM.exidx.text.HAL_UART_AbortTransmit_IT), (8 bytes).
    Removing py32f040_hal_uart.o(.text.UART_DMATxOnlyAbortCallback), (20 bytes).
    Removing py32f040_hal_uart.o(.ARM.exidx.text.UART_DMATxOnlyAbortCallback), (8 bytes).
    Removing py32f040_hal_uart.o(.text.HAL_UART_AbortTransmitCpltCallback), (2 bytes).
    Removing py32f040_hal_uart.o(.ARM.exidx.text.HAL_UART_AbortTransmitCpltCallback), (8 bytes).
    Removing py32f040_hal_uart.o(.text.HAL_UART_AbortReceive_IT), (88 bytes).
    Removing py32f040_hal_uart.o(.ARM.exidx.text.HAL_UART_AbortReceive_IT), (8 bytes).
    Removing py32f040_hal_uart.o(.text.UART_DMARxOnlyAbortCallback), (20 bytes).
    Removing py32f040_hal_uart.o(.ARM.exidx.text.UART_DMARxOnlyAbortCallback), (8 bytes).
    Removing py32f040_hal_uart.o(.text.HAL_UART_AbortReceiveCpltCallback), (2 bytes).
    Removing py32f040_hal_uart.o(.ARM.exidx.text.HAL_UART_AbortReceiveCpltCallback), (8 bytes).
    Removing py32f040_hal_uart.o(.text.HAL_UART_IRQHandler), (364 bytes).
    Removing py32f040_hal_uart.o(.ARM.exidx.text.HAL_UART_IRQHandler), (8 bytes).
    Removing py32f040_hal_uart.o(.text.UART_Receive_IT), (108 bytes).
    Removing py32f040_hal_uart.o(.ARM.exidx.text.UART_Receive_IT), (8 bytes).
    Removing py32f040_hal_uart.o(.text.UART_DMAAbortOnError), (16 bytes).
    Removing py32f040_hal_uart.o(.ARM.exidx.text.UART_DMAAbortOnError), (8 bytes).
    Removing py32f040_hal_uart.o(.text.HAL_UART_ErrorCallback), (2 bytes).
    Removing py32f040_hal_uart.o(.ARM.exidx.text.HAL_UART_ErrorCallback), (8 bytes).
    Removing py32f040_hal_uart.o(.text.HAL_UART_IdleFrameDetectCpltCallback), (2 bytes).
    Removing py32f040_hal_uart.o(.ARM.exidx.text.HAL_UART_IdleFrameDetectCpltCallback), (8 bytes).
    Removing py32f040_hal_uart.o(.text.HAL_UART_TxCpltCallback), (2 bytes).
    Removing py32f040_hal_uart.o(.ARM.exidx.text.HAL_UART_TxCpltCallback), (8 bytes).
    Removing py32f040_hal_uart.o(.text.HAL_UART_TxHalfCpltCallback), (2 bytes).
    Removing py32f040_hal_uart.o(.ARM.exidx.text.HAL_UART_TxHalfCpltCallback), (8 bytes).
    Removing py32f040_hal_uart.o(.text.HAL_UART_RxCpltCallback), (2 bytes).
    Removing py32f040_hal_uart.o(.ARM.exidx.text.HAL_UART_RxCpltCallback), (8 bytes).
    Removing py32f040_hal_uart.o(.text.HAL_UART_RxHalfCpltCallback), (2 bytes).
    Removing py32f040_hal_uart.o(.ARM.exidx.text.HAL_UART_RxHalfCpltCallback), (8 bytes).
    Removing py32f040_hal_uart.o(.text.HAL_LIN_SendBreak), (44 bytes).
    Removing py32f040_hal_uart.o(.ARM.exidx.text.HAL_LIN_SendBreak), (8 bytes).
    Removing py32f040_hal_uart.o(.text.HAL_MultiProcessor_EnterMuteMode), (44 bytes).
    Removing py32f040_hal_uart.o(.ARM.exidx.text.HAL_MultiProcessor_EnterMuteMode), (8 bytes).
    Removing py32f040_hal_uart.o(.text.HAL_MultiProcessor_ExitMuteMode), (44 bytes).
    Removing py32f040_hal_uart.o(.ARM.exidx.text.HAL_MultiProcessor_ExitMuteMode), (8 bytes).
    Removing py32f040_hal_uart.o(.text.HAL_HalfDuplex_EnableTransmitter), (48 bytes).
    Removing py32f040_hal_uart.o(.ARM.exidx.text.HAL_HalfDuplex_EnableTransmitter), (8 bytes).
    Removing py32f040_hal_uart.o(.text.HAL_HalfDuplex_EnableReceiver), (48 bytes).
    Removing py32f040_hal_uart.o(.ARM.exidx.text.HAL_HalfDuplex_EnableReceiver), (8 bytes).
    Removing py32f040_hal_uart.o(.text.HAL_UART_GetState), (14 bytes).
    Removing py32f040_hal_uart.o(.ARM.exidx.text.HAL_UART_GetState), (8 bytes).
    Removing py32f040_hal_uart.o(.text.HAL_UART_GetError), (4 bytes).
    Removing py32f040_hal_uart.o(.ARM.exidx.text.HAL_UART_GetError), (8 bytes).
    Removing py32f040_ll_usart.o(.text), (0 bytes).
    Removing py32f040_hal_adc.o(.text), (0 bytes).
    Removing py32f040_hal_adc.o(.ARM.exidx.text.HAL_ADC_Init), (8 bytes).
    Removing py32f040_hal_adc.o(.text.HAL_ADC_MspInit), (2 bytes).
    Removing py32f040_hal_adc.o(.ARM.exidx.text.HAL_ADC_MspInit), (8 bytes).
    Removing py32f040_hal_adc.o(.ARM.exidx.text.ADC_ConversionStop_Disable), (8 bytes).
    Removing py32f040_hal_adc.o(.text.HAL_ADC_DeInit), (188 bytes).
    Removing py32f040_hal_adc.o(.ARM.exidx.text.HAL_ADC_DeInit), (8 bytes).
    Removing py32f040_hal_adc.o(.text.HAL_ADC_MspDeInit), (2 bytes).
    Removing py32f040_hal_adc.o(.ARM.exidx.text.HAL_ADC_MspDeInit), (8 bytes).
    Removing py32f040_hal_adc.o(.text.HAL_ADC_Start), (136 bytes).
    Removing py32f040_hal_adc.o(.ARM.exidx.text.HAL_ADC_Start), (8 bytes).
    Removing py32f040_hal_adc.o(.ARM.exidx.text.ADC_Enable), (8 bytes).
    Removing py32f040_hal_adc.o(.text.HAL_ADC_Stop), (56 bytes).
    Removing py32f040_hal_adc.o(.ARM.exidx.text.HAL_ADC_Stop), (8 bytes).
    Removing py32f040_hal_adc.o(.text.HAL_ADC_PollForConversion), (372 bytes).
    Removing py32f040_hal_adc.o(.ARM.exidx.text.HAL_ADC_PollForConversion), (8 bytes).
    Removing py32f040_hal_adc.o(.text.HAL_ADC_PollForEvent), (102 bytes).
    Removing py32f040_hal_adc.o(.ARM.exidx.text.HAL_ADC_PollForEvent), (8 bytes).
    Removing py32f040_hal_adc.o(.ARM.exidx.text.HAL_ADC_Start_IT), (8 bytes).
    Removing py32f040_hal_adc.o(.text.HAL_ADC_Stop_IT), (68 bytes).
    Removing py32f040_hal_adc.o(.ARM.exidx.text.HAL_ADC_Stop_IT), (8 bytes).
    Removing py32f040_hal_adc.o(.text.HAL_ADC_Start_DMA), (188 bytes).
    Removing py32f040_hal_adc.o(.ARM.exidx.text.HAL_ADC_Start_DMA), (8 bytes).
    Removing py32f040_hal_adc.o(.text.ADC_DMAConvCplt), (80 bytes).
    Removing py32f040_hal_adc.o(.ARM.exidx.text.ADC_DMAConvCplt), (8 bytes).
    Removing py32f040_hal_adc.o(.text.ADC_DMAHalfConvCplt), (10 bytes).
    Removing py32f040_hal_adc.o(.ARM.exidx.text.ADC_DMAHalfConvCplt), (8 bytes).
    Removing py32f040_hal_adc.o(.text.ADC_DMAError), (26 bytes).
    Removing py32f040_hal_adc.o(.ARM.exidx.text.ADC_DMAError), (8 bytes).
    Removing py32f040_hal_adc.o(.text.HAL_ADC_Stop_DMA), (80 bytes).
    Removing py32f040_hal_adc.o(.ARM.exidx.text.HAL_ADC_Stop_DMA), (8 bytes).
    Removing py32f040_hal_adc.o(.text.HAL_ADC_GetValue), (6 bytes).
    Removing py32f040_hal_adc.o(.ARM.exidx.text.HAL_ADC_GetValue), (8 bytes).
    Removing py32f040_hal_adc.o(.ARM.exidx.text.HAL_ADC_IRQHandler), (8 bytes).
    Removing py32f040_hal_adc.o(.text.HAL_ADC_ConvCpltCallback), (2 bytes).
    Removing py32f040_hal_adc.o(.ARM.exidx.text.HAL_ADC_ConvCpltCallback), (8 bytes).
    Removing py32f040_hal_adc.o(.ARM.exidx.text.HAL_ADC_LevelOutOfWindowCallback), (8 bytes).
    Removing py32f040_hal_adc.o(.ARM.exidx.text.HAL_ADC_ErrorCallback), (8 bytes).
    Removing py32f040_hal_adc.o(.ARM.exidx.text.HAL_ADC_OverCallback), (8 bytes).
    Removing py32f040_hal_adc.o(.text.HAL_ADC_ConvHalfCpltCallback), (2 bytes).
    Removing py32f040_hal_adc.o(.ARM.exidx.text.HAL_ADC_ConvHalfCpltCallback), (8 bytes).
    Removing py32f040_hal_adc.o(.ARM.exidx.text.HAL_ADC_ConfigChannel), (8 bytes).
    Removing py32f040_hal_adc.o(.text.HAL_ADC_ConfigVrefBuf), (38 bytes).
    Removing py32f040_hal_adc.o(.ARM.exidx.text.HAL_ADC_ConfigVrefBuf), (8 bytes).
    Removing py32f040_hal_adc.o(.text.HAL_ADC_AnalogWDGConfig), (76 bytes).
    Removing py32f040_hal_adc.o(.ARM.exidx.text.HAL_ADC_AnalogWDGConfig), (8 bytes).
    Removing py32f040_hal_adc.o(.text.HAL_ADC_GetState), (4 bytes).
    Removing py32f040_hal_adc.o(.ARM.exidx.text.HAL_ADC_GetState), (8 bytes).
    Removing py32f040_hal_adc.o(.text.HAL_ADC_GetError), (4 bytes).
    Removing py32f040_hal_adc.o(.ARM.exidx.text.HAL_ADC_GetError), (8 bytes).
    Removing py32f040_hal_adc.o(.text.ADC_ConversionStop), (74 bytes).
    Removing py32f040_hal_adc.o(.ARM.exidx.text.ADC_ConversionStop), (8 bytes).
    Removing py32f040_hal_adc_ex.o(.text), (0 bytes).
    Removing py32f040_hal_adc_ex.o(.ARM.exidx.text.HAL_ADCEx_Calibration_Start), (8 bytes).
    Removing py32f040_hal_adc_ex.o(.text.HAL_ADCEx_Calibration_SetAndStart), (252 bytes).
    Removing py32f040_hal_adc_ex.o(.ARM.exidx.text.HAL_ADCEx_Calibration_SetAndStart), (8 bytes).
    Removing py32f040_hal_adc_ex.o(.text.HAL_ADCEx_Calibration_GetStatus), (72 bytes).
    Removing py32f040_hal_adc_ex.o(.ARM.exidx.text.HAL_ADCEx_Calibration_GetStatus), (8 bytes).
    Removing py32f040_hal_adc_ex.o(.text.HAL_ADCEx_InjectedStart), (116 bytes).
    Removing py32f040_hal_adc_ex.o(.ARM.exidx.text.HAL_ADCEx_InjectedStart), (8 bytes).
    Removing py32f040_hal_adc_ex.o(.text.HAL_ADCEx_InjectedStop), (80 bytes).
    Removing py32f040_hal_adc_ex.o(.ARM.exidx.text.HAL_ADCEx_InjectedStop), (8 bytes).
    Removing py32f040_hal_adc_ex.o(.text.HAL_ADCEx_InjectedPollForConversion), (388 bytes).
    Removing py32f040_hal_adc_ex.o(.ARM.exidx.text.HAL_ADCEx_InjectedPollForConversion), (8 bytes).
    Removing py32f040_hal_adc_ex.o(.text.HAL_ADCEx_InjectedStart_IT), (124 bytes).
    Removing py32f040_hal_adc_ex.o(.ARM.exidx.text.HAL_ADCEx_InjectedStart_IT), (8 bytes).
    Removing py32f040_hal_adc_ex.o(.text.HAL_ADCEx_InjectedStop_IT), (88 bytes).
    Removing py32f040_hal_adc_ex.o(.ARM.exidx.text.HAL_ADCEx_InjectedStop_IT), (8 bytes).
    Removing py32f040_hal_adc_ex.o(.text.HAL_ADCEx_InjectedGetValue), (38 bytes).
    Removing py32f040_hal_adc_ex.o(.ARM.exidx.text.HAL_ADCEx_InjectedGetValue), (8 bytes).
    Removing py32f040_hal_adc_ex.o(.ARM.exidx.text.HAL_ADCEx_InjectedConvCpltCallback), (8 bytes).
    Removing py32f040_hal_adc_ex.o(.text.HAL_ADCEx_InjectedConfigChannel), (536 bytes).
    Removing py32f040_hal_adc_ex.o(.ARM.exidx.text.HAL_ADCEx_InjectedConfigChannel), (8 bytes).
    Removing lcd.o(.text), (0 bytes).
    Removing lcd.o(.ARM.exidx.text.LCD_Init), (8 bytes).
    Removing lcd.o(.ARM.exidx.text.LCD_Send4Bits), (8 bytes).
    Removing lcd.o(.ARM.exidx.text.LCD_SendCommand), (8 bytes).
    Removing lcd.o(.ARM.exidx.text.LCD_SetCursor), (8 bytes).
    Removing lcd.o(.ARM.exidx.text.LCD_Print), (8 bytes).
    Removing lcd.o(.ARM.exidx.text.LCD_SendData), (8 bytes).
    Removing lcd.o(.ARM.exidx.text.LCD_PrintNumber), (8 bytes).
    Removing dadd.o(.text), (356 bytes).
    Removing dmul.o(.text), (208 bytes).
    Removing ddiv.o(.text), (240 bytes).
    Removing dfixul.o(.text), (64 bytes).
    Removing cdrcmple.o(.text), (40 bytes).
    Removing depilogue.o(.text), (190 bytes).
    Removing depilogue.o(i.__ARM_clz), (46 bytes).

449 unused section(s) (total 15633 bytes) removed from the image.

==============================================================================

Image Symbol Table

    Local Symbols

    Symbol Name                              Value     Ov Type        Size  Object(Section)

    ../clib/microlib/division.c              0x00000000   Number         0  uidiv.o ABSOLUTE
    ../clib/microlib/division.c              0x00000000   Number         0  uldiv.o ABSOLUTE
    ../clib/microlib/init/entry.s            0x00000000   Number         0  entry.o ABSOLUTE
    ../clib/microlib/init/entry.s            0x00000000   Number         0  entry2.o ABSOLUTE
    ../clib/microlib/init/entry.s            0x00000000   Number         0  entry5.o ABSOLUTE
    ../clib/microlib/init/entry.s            0x00000000   Number         0  entry7a.o ABSOLUTE
    ../clib/microlib/init/entry.s            0x00000000   Number         0  entry7b.o ABSOLUTE
    ../clib/microlib/init/entry.s            0x00000000   Number         0  entry8a.o ABSOLUTE
    ../clib/microlib/init/entry.s            0x00000000   Number         0  entry8b.o ABSOLUTE
    ../clib/microlib/init/entry.s            0x00000000   Number         0  entry9a.o ABSOLUTE
    ../clib/microlib/init/entry.s            0x00000000   Number         0  entry9b.o ABSOLUTE
    ../clib/microlib/init/entry.s            0x00000000   Number         0  entry10a.o ABSOLUTE
    ../clib/microlib/init/entry.s            0x00000000   Number         0  entry10b.o ABSOLUTE
    ../clib/microlib/init/entry.s            0x00000000   Number         0  entry11a.o ABSOLUTE
    ../clib/microlib/init/entry.s            0x00000000   Number         0  entry11b.o ABSOLUTE
    ../clib/microlib/longlong.c              0x00000000   Number         0  llshl.o ABSOLUTE
    ../clib/microlib/longlong.c              0x00000000   Number         0  llushr.o ABSOLUTE
    ../clib/microlib/longlong.c              0x00000000   Number         0  llsshr.o ABSOLUTE
    ../clib/microlib/printf/printf.c         0x00000000   Number         0  printfb.o ABSOLUTE
    ../clib/microlib/printf/printf.c         0x00000000   Number         0  printf0.o ABSOLUTE
    ../clib/microlib/printf/printf.c         0x00000000   Number         0  printf1.o ABSOLUTE
    ../clib/microlib/printf/printf.c         0x00000000   Number         0  printf2.o ABSOLUTE
    ../clib/microlib/printf/printf.c         0x00000000   Number         0  printf3.o ABSOLUTE
    ../clib/microlib/printf/printf.c         0x00000000   Number         0  printf4.o ABSOLUTE
    ../clib/microlib/printf/printf.c         0x00000000   Number         0  printf5.o ABSOLUTE
    ../clib/microlib/printf/printf.c         0x00000000   Number         0  printf6.o ABSOLUTE
    ../clib/microlib/printf/printf.c         0x00000000   Number         0  printf7.o ABSOLUTE
    ../clib/microlib/printf/printf.c         0x00000000   Number         0  printf8.o ABSOLUTE
    ../clib/microlib/printf/printf.c         0x00000000   Number         0  printfa.o ABSOLUTE
    ../clib/microlib/printf/stubs.s          0x00000000   Number         0  stubs.o ABSOLUTE
    ../clib/microlib/stdio/streams.c         0x00000000   Number         0  stdout.o ABSOLUTE
    ../clib/microlib/string/memset.c         0x00000000   Number         0  memseta.o ABSOLUTE
    ../clib/microlib/stubs.s                 0x00000000   Number         0  iusefp.o ABSOLUTE
    ../fplib/microlib/fpadd.c                0x00000000   Number         0  dadd.o ABSOLUTE
    ../fplib/microlib/fpdiv.c                0x00000000   Number         0  ddiv.o ABSOLUTE
    ../fplib/microlib/fpepilogue.c           0x00000000   Number         0  depilogue.o ABSOLUTE
    ../fplib/microlib/fpfix.c                0x00000000   Number         0  dfixul.o ABSOLUTE
    ../fplib/microlib/fpmul.c                0x00000000   Number         0  dmul.o ABSOLUTE
    cdrcmple.s                               0x00000000   Number         0  cdrcmple.o ABSOLUTE
    dc.s                                     0x00000000   Number         0  dc.o ABSOLUTE
    handlers.s                               0x00000000   Number         0  handlers.o ABSOLUTE
    init.s                                   0x00000000   Number         0  init.o ABSOLUTE
    lcd.c                                    0x00000000   Number         0  lcd.o ABSOLUTE
    main.c                                   0x00000000   Number         0  main.o ABSOLUTE
    py32f040_hal.c                           0x00000000   Number         0  py32f040_hal.o ABSOLUTE
    py32f040_hal_adc.c                       0x00000000   Number         0  py32f040_hal_adc.o ABSOLUTE
    py32f040_hal_adc_ex.c                    0x00000000   Number         0  py32f040_hal_adc_ex.o ABSOLUTE
    py32f040_hal_cortex.c                    0x00000000   Number         0  py32f040_hal_cortex.o ABSOLUTE
    py32f040_hal_dma.c                       0x00000000   Number         0  py32f040_hal_dma.o ABSOLUTE
    py32f040_hal_gpio.c                      0x00000000   Number         0  py32f040_hal_gpio.o ABSOLUTE
    py32f040_hal_msp.c                       0x00000000   Number         0  py32f040_hal_msp.o ABSOLUTE
    py32f040_hal_pwr.c                       0x00000000   Number         0  py32f040_hal_pwr.o ABSOLUTE
    py32f040_hal_rcc.c                       0x00000000   Number         0  py32f040_hal_rcc.o ABSOLUTE
    py32f040_hal_rcc_ex.c                    0x00000000   Number         0  py32f040_hal_rcc_ex.o ABSOLUTE
    py32f040_hal_uart.c                      0x00000000   Number         0  py32f040_hal_uart.o ABSOLUTE
    py32f040_it.c                            0x00000000   Number         0  py32f040_it.o ABSOLUTE
    py32f040_ll_usart.c                      0x00000000   Number         0  py32f040_ll_usart.o ABSOLUTE
    py32f040xx_Start_Kit.c                   0x00000000   Number         0  py32f040xx_start_kit.o ABSOLUTE
    startup_py32f040xx.s                     0x00000000   Number         0  startup_py32f040xx.o ABSOLUTE
    system_py32f040.c                        0x00000000   Number         0  system_py32f040.o ABSOLUTE
    RESET                                    0x08000000   Section      192  startup_py32f040xx.o(RESET)
    .ARM.Collect$$$$00000000                 0x080000c0   Section        0  entry.o(.ARM.Collect$$$$00000000)
    .ARM.Collect$$$$00000001                 0x080000c0   Section        4  entry2.o(.ARM.Collect$$$$00000001)
    .ARM.Collect$$$$00000004                 0x080000c4   Section        4  entry5.o(.ARM.Collect$$$$00000004)
    .ARM.Collect$$$$00000008                 0x080000c8   Section        0  entry7b.o(.ARM.Collect$$$$00000008)
    .ARM.Collect$$$$0000000A                 0x080000c8   Section        0  entry8b.o(.ARM.Collect$$$$0000000A)
    .ARM.Collect$$$$0000000B                 0x080000c8   Section        8  entry9a.o(.ARM.Collect$$$$0000000B)
    __lit__00000000                          0x080000d0   Data           4  entry2.o(.ARM.Collect$$$$00002712)
    .ARM.Collect$$$$0000000D                 0x080000d0   Section        0  entry10a.o(.ARM.Collect$$$$0000000D)
    .ARM.Collect$$$$0000000F                 0x080000d0   Section        0  entry11a.o(.ARM.Collect$$$$0000000F)
    .ARM.Collect$$$$00002712                 0x080000d0   Section        4  entry2.o(.ARM.Collect$$$$00002712)
    .text                                    0x080000d4   Section       28  startup_py32f040xx.o(.text)
    .text                                    0x080000f0   Section        0  uidiv.o(.text)
    .text                                    0x0800011c   Section        0  memseta.o(.text)
    .text                                    0x08000140   Section       36  init.o(.text)
    [Anonymous Symbol]                       0x08000164   Section        0  py32f040_it.o(.text.ADC_COMP_IRQHandler)
    __arm_cp.5_0                             0x08000170   Number         4  py32f040_it.o(.text.ADC_COMP_IRQHandler)
    [Anonymous Symbol]                       0x08000174   Section        0  py32f040_hal_adc.o(.text.ADC_ConversionStop_Disable)
    [Anonymous Symbol]                       0x080001bc   Section        0  py32f040_hal_adc.o(.text.ADC_Enable)
    __arm_cp.6_1                             0x08000234   Number         4  py32f040_hal_adc.o(.text.ADC_Enable)
    [Anonymous Symbol]                       0x08000238   Section        0  main.o(.text.APP_AdcConfig)
    __arm_cp.2_0                             0x080002ac   Number         4  main.o(.text.APP_AdcConfig)
    __arm_cp.2_2                             0x080002b0   Number         4  main.o(.text.APP_AdcConfig)
    [Anonymous Symbol]                       0x080002b4   Section        0  main.o(.text.APP_GpioConfig_Button)
    [Anonymous Symbol]                       0x080002f8   Section        0  main.o(.text.APP_GpioConfig_Input)
    [Anonymous Symbol]                       0x08000338   Section        0  main.o(.text.APP_GpioConfig_Led)
    __arm_cp.3_0                             0x0800037c   Number         4  main.o(.text.APP_GpioConfig_Led)
    __arm_cp.3_1                             0x08000380   Number         4  main.o(.text.APP_GpioConfig_Led)
    [Anonymous Symbol]                       0x08000384   Section        0  main.o(.text.APP_SystemClockConfig)
    __arm_cp.1_0                             0x080003d4   Number         4  main.o(.text.APP_SystemClockConfig)
    __arm_cp.1_1                             0x080003d8   Number         4  main.o(.text.APP_SystemClockConfig)
    [Anonymous Symbol]                       0x080003dc   Section        0  main.o(.text.Button_Read)
    [Anonymous Symbol]                       0x080003ec   Section        0  py32f040_hal_adc_ex.o(.text.HAL_ADCEx_Calibration_Start)
    __arm_cp.0_0                             0x080004c8   Number         4  py32f040_hal_adc_ex.o(.text.HAL_ADCEx_Calibration_Start)
    __arm_cp.0_1                             0x080004cc   Number         4  py32f040_hal_adc_ex.o(.text.HAL_ADCEx_Calibration_Start)
    [Anonymous Symbol]                       0x080004d0   Section        0  py32f040_hal_adc_ex.o(.text.HAL_ADCEx_InjectedConvCpltCallback)
    [Anonymous Symbol]                       0x080004d4   Section        0  py32f040_hal_adc.o(.text.HAL_ADC_ConfigChannel)
    __arm_cp.24_0                            0x08000608   Number         4  py32f040_hal_adc.o(.text.HAL_ADC_ConfigChannel)
    __arm_cp.24_1                            0x0800060c   Number         4  py32f040_hal_adc.o(.text.HAL_ADC_ConfigChannel)
    __arm_cp.24_2                            0x08000610   Number         4  py32f040_hal_adc.o(.text.HAL_ADC_ConfigChannel)
    [Anonymous Symbol]                       0x08000614   Section        0  main.o(.text.HAL_ADC_ConvCpltCallback)
    __arm_cp.8_0                             0x08000620   Number         4  main.o(.text.HAL_ADC_ConvCpltCallback)
    [Anonymous Symbol]                       0x08000624   Section        0  py32f040_hal_adc.o(.text.HAL_ADC_ErrorCallback)
    [Anonymous Symbol]                       0x08000628   Section        0  py32f040_hal_adc.o(.text.HAL_ADC_IRQHandler)
    __arm_cp.18_0                            0x08000744   Number         4  py32f040_hal_adc.o(.text.HAL_ADC_IRQHandler)
    [Anonymous Symbol]                       0x08000748   Section        0  py32f040_hal_adc.o(.text.HAL_ADC_Init)
    __arm_cp.0_0                             0x08000864   Number         4  py32f040_hal_adc.o(.text.HAL_ADC_Init)
    __arm_cp.0_1                             0x08000868   Number         4  py32f040_hal_adc.o(.text.HAL_ADC_Init)
    __arm_cp.0_2                             0x0800086c   Number         4  py32f040_hal_adc.o(.text.HAL_ADC_Init)
    __arm_cp.0_3                             0x08000870   Number         4  py32f040_hal_adc.o(.text.HAL_ADC_Init)
    __arm_cp.0_4                             0x08000874   Number         4  py32f040_hal_adc.o(.text.HAL_ADC_Init)
    __arm_cp.0_5                             0x08000878   Number         4  py32f040_hal_adc.o(.text.HAL_ADC_Init)
    [Anonymous Symbol]                       0x0800087c   Section        0  py32f040_hal_adc.o(.text.HAL_ADC_LevelOutOfWindowCallback)
    [Anonymous Symbol]                       0x08000880   Section        0  py32f040_hal_msp.o(.text.HAL_ADC_MspInit)
    __arm_cp.1_0                             0x080008c8   Number         4  py32f040_hal_msp.o(.text.HAL_ADC_MspInit)
    [Anonymous Symbol]                       0x080008cc   Section        0  py32f040_hal_adc.o(.text.HAL_ADC_OverCallback)
    [Anonymous Symbol]                       0x080008d0   Section        0  py32f040_hal_adc.o(.text.HAL_ADC_Start_IT)
    __arm_cp.10_0                            0x0800095c   Number         4  py32f040_hal_adc.o(.text.HAL_ADC_Start_IT)
    __arm_cp.10_1                            0x08000960   Number         4  py32f040_hal_adc.o(.text.HAL_ADC_Start_IT)
    [Anonymous Symbol]                       0x08000964   Section        0  py32f040_hal.o(.text.HAL_Delay)
    [Anonymous Symbol]                       0x08000984   Section        0  py32f040_hal_gpio.o(.text.HAL_GPIO_Init)
    __arm_cp.0_0                             0x08000af4   Number         4  py32f040_hal_gpio.o(.text.HAL_GPIO_Init)
    __arm_cp.0_1                             0x08000af8   Number         4  py32f040_hal_gpio.o(.text.HAL_GPIO_Init)
    __arm_cp.0_2                             0x08000afc   Number         4  py32f040_hal_gpio.o(.text.HAL_GPIO_Init)
    __arm_cp.0_3                             0x08000b00   Number         4  py32f040_hal_gpio.o(.text.HAL_GPIO_Init)
    __arm_cp.0_4                             0x08000b04   Number         4  py32f040_hal_gpio.o(.text.HAL_GPIO_Init)
    [Anonymous Symbol]                       0x08000b08   Section        0  py32f040_hal_gpio.o(.text.HAL_GPIO_ReadPin)
    [Anonymous Symbol]                       0x08000b14   Section        0  py32f040_hal_gpio.o(.text.HAL_GPIO_TogglePin)
    [Anonymous Symbol]                       0x08000b24   Section        0  py32f040_hal_gpio.o(.text.HAL_GPIO_WritePin)
    [Anonymous Symbol]                       0x08000b34   Section        0  py32f040_hal.o(.text.HAL_GetTick)
    [Anonymous Symbol]                       0x08000b3c   Section        0  py32f040_hal.o(.text.HAL_IncTick)
    __arm_cp.5_1                             0x08000b4c   Number         4  py32f040_hal.o(.text.HAL_IncTick)
    [Anonymous Symbol]                       0x08000b50   Section        0  py32f040_hal.o(.text.HAL_Init)
    [Anonymous Symbol]                       0x08000b68   Section        0  py32f040_hal.o(.text.HAL_InitTick)
    __arm_cp.1_0                             0x08000ba8   Number         4  py32f040_hal.o(.text.HAL_InitTick)
    __arm_cp.1_1                             0x08000bac   Number         4  py32f040_hal.o(.text.HAL_InitTick)
    [Anonymous Symbol]                       0x08000bb0   Section        0  py32f040_hal_msp.o(.text.HAL_MspInit)
    [Anonymous Symbol]                       0x08000bd8   Section        0  py32f040_hal_cortex.o(.text.HAL_NVIC_EnableIRQ)
    __arm_cp.2_0                             0x08000bec   Number         4  py32f040_hal_cortex.o(.text.HAL_NVIC_EnableIRQ)
    [Anonymous Symbol]                       0x08000bf0   Section        0  py32f040_hal_cortex.o(.text.HAL_NVIC_SetPriority)
    [Anonymous Symbol]                       0x08000bf8   Section        0  py32f040_hal_rcc_ex.o(.text.HAL_RCCEx_GetPeriphCLKFreq)
    __arm_cp.2_0                             0x08000d14   Number         4  py32f040_hal_rcc_ex.o(.text.HAL_RCCEx_GetPeriphCLKFreq)
    __arm_cp.2_1                             0x08000d18   Number         4  py32f040_hal_rcc_ex.o(.text.HAL_RCCEx_GetPeriphCLKFreq)
    [Anonymous Symbol]                       0x08000d1c   Section        0  py32f040_hal_rcc_ex.o(.text.HAL_RCCEx_PeriphCLKConfig)
    __arm_cp.0_0                             0x08000e4c   Number         4  py32f040_hal_rcc_ex.o(.text.HAL_RCCEx_PeriphCLKConfig)
    __arm_cp.0_1                             0x08000e50   Number         4  py32f040_hal_rcc_ex.o(.text.HAL_RCCEx_PeriphCLKConfig)
    __arm_cp.0_2                             0x08000e54   Number         4  py32f040_hal_rcc_ex.o(.text.HAL_RCCEx_PeriphCLKConfig)
    [Anonymous Symbol]                       0x08000e58   Section        0  py32f040_hal_rcc.o(.text.HAL_RCC_ClockConfig)
    __arm_cp.3_0                             0x08000fc4   Number         4  py32f040_hal_rcc.o(.text.HAL_RCC_ClockConfig)
    __arm_cp.3_1                             0x08000fc8   Number         4  py32f040_hal_rcc.o(.text.HAL_RCC_ClockConfig)
    __arm_cp.3_3                             0x08000fcc   Number         4  py32f040_hal_rcc.o(.text.HAL_RCC_ClockConfig)
    __arm_cp.3_5                             0x08000fd0   Number         4  py32f040_hal_rcc.o(.text.HAL_RCC_ClockConfig)
    [Anonymous Symbol]                       0x08000fd4   Section        0  py32f040_hal_rcc.o(.text.HAL_RCC_GetPCLK1Freq)
    __arm_cp.6_0                             0x08000ff0   Number         4  py32f040_hal_rcc.o(.text.HAL_RCC_GetPCLK1Freq)
    __arm_cp.6_1                             0x08000ff4   Number         4  py32f040_hal_rcc.o(.text.HAL_RCC_GetPCLK1Freq)
    __arm_cp.6_2                             0x08000ff8   Number         4  py32f040_hal_rcc.o(.text.HAL_RCC_GetPCLK1Freq)
    [Anonymous Symbol]                       0x08000ffc   Section        0  py32f040_hal_rcc.o(.text.HAL_RCC_GetSysClockFreq)
    __arm_cp.2_0                             0x0800108c   Number         4  py32f040_hal_rcc.o(.text.HAL_RCC_GetSysClockFreq)
    __arm_cp.2_1                             0x08001090   Number         4  py32f040_hal_rcc.o(.text.HAL_RCC_GetSysClockFreq)
    __arm_cp.2_3                             0x080010a4   Number         4  py32f040_hal_rcc.o(.text.HAL_RCC_GetSysClockFreq)
    __arm_cp.2_4                             0x080010a8   Number         4  py32f040_hal_rcc.o(.text.HAL_RCC_GetSysClockFreq)
    [Anonymous Symbol]                       0x080010ac   Section        0  py32f040_hal_rcc.o(.text.HAL_RCC_OscConfig)
    __arm_cp.1_0                             0x08001550   Number         4  py32f040_hal_rcc.o(.text.HAL_RCC_OscConfig)
    __arm_cp.1_1                             0x08001554   Number         4  py32f040_hal_rcc.o(.text.HAL_RCC_OscConfig)
    __arm_cp.1_2                             0x08001558   Number         4  py32f040_hal_rcc.o(.text.HAL_RCC_OscConfig)
    __arm_cp.1_3                             0x0800155c   Number         4  py32f040_hal_rcc.o(.text.HAL_RCC_OscConfig)
    __arm_cp.1_4                             0x08001560   Number         4  py32f040_hal_rcc.o(.text.HAL_RCC_OscConfig)
    __arm_cp.1_5                             0x08001564   Number         4  py32f040_hal_rcc.o(.text.HAL_RCC_OscConfig)
    __arm_cp.1_6                             0x08001568   Number         4  py32f040_hal_rcc.o(.text.HAL_RCC_OscConfig)
    __arm_cp.1_8                             0x08001574   Number         4  py32f040_hal_rcc.o(.text.HAL_RCC_OscConfig)
    [Anonymous Symbol]                       0x08001578   Section        0  py32f040_hal_cortex.o(.text.HAL_SYSTICK_Config)
    __arm_cp.6_0                             0x080015a0   Number         4  py32f040_hal_cortex.o(.text.HAL_SYSTICK_Config)
    __arm_cp.6_1                             0x080015a4   Number         4  py32f040_hal_cortex.o(.text.HAL_SYSTICK_Config)
    __arm_cp.6_2                             0x080015a8   Number         4  py32f040_hal_cortex.o(.text.HAL_SYSTICK_Config)
    [Anonymous Symbol]                       0x080015ac   Section        0  py32f040_it.o(.text.HardFault_Handler)
    [Anonymous Symbol]                       0x080015b0   Section        0  lcd.o(.text.LCD_Init)
    __arm_cp.0_0                             0x08001634   Number         4  lcd.o(.text.LCD_Init)
    __arm_cp.0_2                             0x08001638   Number         4  lcd.o(.text.LCD_Init)
    __arm_cp.0_3                             0x0800163c   Number         4  lcd.o(.text.LCD_Init)
    __arm_cp.0_4                             0x08001640   Number         4  lcd.o(.text.LCD_Init)
    [Anonymous Symbol]                       0x08001644   Section        0  lcd.o(.text.LCD_Print)
    [Anonymous Symbol]                       0x08001658   Section        0  lcd.o(.text.LCD_PrintNumber)
    LCD_Send4Bits                            0x08001679   Thumb Code    92  lcd.o(.text.LCD_Send4Bits)
    [Anonymous Symbol]                       0x08001678   Section        0  lcd.o(.text.LCD_Send4Bits)
    __arm_cp.1_1                             0x080016cc   Number         4  lcd.o(.text.LCD_Send4Bits)
    [Anonymous Symbol]                       0x080016d0   Section        0  lcd.o(.text.LCD_SendCommand)
    [Anonymous Symbol]                       0x080016f8   Section        0  lcd.o(.text.LCD_SendData)
    [Anonymous Symbol]                       0x08001720   Section        0  lcd.o(.text.LCD_SetCursor)
    [Anonymous Symbol]                       0x08001734   Section        0  main.o(.text.LED_Off)
    [Anonymous Symbol]                       0x0800173e   Section        0  py32f040_it.o(.text.NMI_Handler)
    [Anonymous Symbol]                       0x08001740   Section        0  py32f040_it.o(.text.PendSV_Handler)
    [Anonymous Symbol]                       0x08001742   Section        0  py32f040_it.o(.text.SVC_Handler)
    [Anonymous Symbol]                       0x08001744   Section        0  py32f040_it.o(.text.SysTick_Handler)
    [Anonymous Symbol]                       0x0800174c   Section        0  system_py32f040.o(.text.SystemInit)
    __arm_cp.1_0                             0x08001774   Number         4  system_py32f040.o(.text.SystemInit)
    __arm_cp.1_1                             0x08001778   Number         4  system_py32f040.o(.text.SystemInit)
    __arm_cp.1_2                             0x0800177c   Number         4  system_py32f040.o(.text.SystemInit)
    __arm_cp.1_3                             0x08001780   Number         4  system_py32f040.o(.text.SystemInit)
    __NVIC_SetPriority                       0x08001785   Thumb Code    64  py32f040_hal_cortex.o(.text.__NVIC_SetPriority)
    [Anonymous Symbol]                       0x08001784   Section        0  py32f040_hal_cortex.o(.text.__NVIC_SetPriority)
    __arm_cp.1_0                             0x080017bc   Number         4  py32f040_hal_cortex.o(.text.__NVIC_SetPriority)
    __arm_cp.1_1                             0x080017c0   Number         4  py32f040_hal_cortex.o(.text.__NVIC_SetPriority)
    [Anonymous Symbol]                       0x080017c4   Section        0  main.o(.text.main)
    __arm_cp.0_0                             0x08001990   Number         4  main.o(.text.main)
    __arm_cp.0_3                             0x080019b8   Number         4  main.o(.text.main)
    __arm_cp.0_4                             0x080019bc   Number         4  main.o(.text.main)
    __arm_cp.0_5                             0x080019c0   Number         4  main.o(.text.main)
    __arm_cp.0_6                             0x080019c4   Number         4  main.o(.text.main)
    __arm_cp.0_7                             0x080019c8   Number         4  main.o(.text.main)
    i.__0sprintf$1                           0x08001a08   Section        0  printf1.o(i.__0sprintf$1)
    i.__scatterload_copy                     0x08001a30   Section       14  handlers.o(i.__scatterload_copy)
    i.__scatterload_null                     0x08001a3e   Section        2  handlers.o(i.__scatterload_null)
    i.__scatterload_zeroinit                 0x08001a40   Section       14  handlers.o(i.__scatterload_zeroinit)
    _printf_core                             0x08001a51   Thumb Code   332  printf1.o(i._printf_core)
    i._printf_core                           0x08001a50   Section        0  printf1.o(i._printf_core)
    _sputc                                   0x08001ba1   Thumb Code    10  printf1.o(i._sputc)
    i._sputc                                 0x08001ba0   Section        0  printf1.o(i._sputc)
    [Anonymous Symbol]                       0x08001bac   Section        0  py32f040_hal_rcc.o(.rodata..L__const.HAL_RCC_GetSysClockFreq.hsiValue)
    .L.str.5                                 0x08001c40   Data           7  main.o(.rodata.str1.1)
    [Anonymous Symbol]                       0x08001c40   Section        0  main.o(.rodata.str1.1)
    .L.str.4                                 0x08001c47   Data           8  main.o(.rodata.str1.1)
    [Anonymous Symbol]                       0x20000000   Section        0  main.o(.data..L_MergedGlobals)
    main.delay_ms                            0x20000004   Data           4  main.o(.data..L_MergedGlobals)
    [Anonymous Symbol]                       0x20000008   Section        0  py32f040_hal.o(.data..L_MergedGlobals)
    main.adc_count                           0x20000018   Data           1  main.o(.bss..L_MergedGlobals.8)
    [Anonymous Symbol]                       0x20000018   Section        0  main.o(.bss..L_MergedGlobals.8)
    main.led_state                           0x20000019   Data           1  main.o(.bss..L_MergedGlobals.8)
    main.adc_avg                             0x2000001e   Data           2  main.o(.bss..L_MergedGlobals.8)
    main.button_last_tick                    0x20000024   Data           4  main.o(.bss..L_MergedGlobals.8)
    main.adc_sum                             0x20000028   Data           4  main.o(.bss..L_MergedGlobals.8)
    main.last_tick                           0x2000002c   Data           4  main.o(.bss..L_MergedGlobals.8)
    STACK                                    0x20000068   Section      512  startup_py32f040xx.o(STACK)

    Global Symbols

    Symbol Name                              Value     Ov Type        Size  Object(Section)

    BuildAttributes$$THM_ISAv3M$S$PE$A:L22$X:L11$S22$IEEE1$IW$~IW$USESV6$~STKCKD$USESV7$~SHL$OSPACE$ROPI$EBA8$MICROLIB$REQ8$PRES8$EABIv2 0x00000000   Number         0  anon$$obj.o ABSOLUTE
    _printf_a                                0x00000000   Number         0  stubs.o ABSOLUTE
    _printf_c                                0x00000000   Number         0  stubs.o ABSOLUTE
    _printf_charcount                        0x00000000   Number         0  stubs.o ABSOLUTE
    _printf_d                                0x00000000   Number         0  stubs.o ABSOLUTE
    _printf_e                                0x00000000   Number         0  stubs.o ABSOLUTE
    _printf_f                                0x00000000   Number         0  stubs.o ABSOLUTE
    _printf_flags                            0x00000000   Number         0  stubs.o ABSOLUTE
    _printf_fp_dec                           0x00000000   Number         0  stubs.o ABSOLUTE
    _printf_fp_hex                           0x00000000   Number         0  stubs.o ABSOLUTE
    _printf_g                                0x00000000   Number         0  stubs.o ABSOLUTE
    _printf_i                                0x00000000   Number         0  stubs.o ABSOLUTE
    _printf_int_dec                          0x00000000   Number         0  stubs.o ABSOLUTE
    _printf_l                                0x00000000   Number         0  stubs.o ABSOLUTE
    _printf_lc                               0x00000000   Number         0  stubs.o ABSOLUTE
    _printf_ll                               0x00000000   Number         0  stubs.o ABSOLUTE
    _printf_lld                              0x00000000   Number         0  stubs.o ABSOLUTE
    _printf_lli                              0x00000000   Number         0  stubs.o ABSOLUTE
    _printf_llo                              0x00000000   Number         0  stubs.o ABSOLUTE
    _printf_llu                              0x00000000   Number         0  stubs.o ABSOLUTE
    _printf_llx                              0x00000000   Number         0  stubs.o ABSOLUTE
    _printf_longlong_dec                     0x00000000   Number         0  stubs.o ABSOLUTE
    _printf_longlong_hex                     0x00000000   Number         0  stubs.o ABSOLUTE
    _printf_longlong_oct                     0x00000000   Number         0  stubs.o ABSOLUTE
    _printf_ls                               0x00000000   Number         0  stubs.o ABSOLUTE
    _printf_mbtowc                           0x00000000   Number         0  stubs.o ABSOLUTE
    _printf_n                                0x00000000   Number         0  stubs.o ABSOLUTE
    _printf_o                                0x00000000   Number         0  stubs.o ABSOLUTE
    _printf_p                                0x00000000   Number         0  stubs.o ABSOLUTE
    _printf_percent                          0x00000000   Number         0  stubs.o ABSOLUTE
    _printf_pre_padding                      0x00000000   Number         0  stubs.o ABSOLUTE
    _printf_return_value                     0x00000000   Number         0  stubs.o ABSOLUTE
    _printf_s                                0x00000000   Number         0  stubs.o ABSOLUTE
    _printf_sizespec                         0x00000000   Number         0  stubs.o ABSOLUTE
    _printf_str                              0x00000000   Number         0  stubs.o ABSOLUTE
    _printf_truncate_signed                  0x00000000   Number         0  stubs.o ABSOLUTE
    _printf_truncate_unsigned                0x00000000   Number         0  stubs.o ABSOLUTE
    _printf_u                                0x00000000   Number         0  stubs.o ABSOLUTE
    _printf_wc                               0x00000000   Number         0  stubs.o ABSOLUTE
    _printf_wctomb                           0x00000000   Number         0  stubs.o ABSOLUTE
    _printf_widthprec                        0x00000000   Number         0  stubs.o ABSOLUTE
    _printf_x                                0x00000000   Number         0  stubs.o ABSOLUTE
    __cpp_initialize__aeabi_                  - Undefined Weak Reference
    __cxa_finalize                            - Undefined Weak Reference
    __decompress                              - Undefined Weak Reference
    _clock_init                               - Undefined Weak Reference
    _microlib_exit                            - Undefined Weak Reference
    __Vectors_Size                           0x000000c0   Number         0  startup_py32f040xx.o ABSOLUTE
    __Vectors                                0x08000000   Data           4  startup_py32f040xx.o(RESET)
    __Vectors_End                            0x080000c0   Data           0  startup_py32f040xx.o(RESET)
    __main                                   0x080000c1   Thumb Code     0  entry.o(.ARM.Collect$$$$00000000)
    _main_stk                                0x080000c1   Thumb Code     0  entry2.o(.ARM.Collect$$$$00000001)
    _main_scatterload                        0x080000c5   Thumb Code     0  entry5.o(.ARM.Collect$$$$00000004)
    __main_after_scatterload                 0x080000c9   Thumb Code     0  entry5.o(.ARM.Collect$$$$00000004)
    _main_clock                              0x080000c9   Thumb Code     0  entry7b.o(.ARM.Collect$$$$00000008)
    _main_cpp_init                           0x080000c9   Thumb Code     0  entry8b.o(.ARM.Collect$$$$0000000A)
    _main_init                               0x080000c9   Thumb Code     0  entry9a.o(.ARM.Collect$$$$0000000B)
    __rt_final_cpp                           0x080000d1   Thumb Code     0  entry10a.o(.ARM.Collect$$$$0000000D)
    __rt_final_exit                          0x080000d1   Thumb Code     0  entry11a.o(.ARM.Collect$$$$0000000F)
    Reset_Handler                            0x080000d5   Thumb Code     8  startup_py32f040xx.o(.text)
    DMA1_Channel1_IRQHandler                 0x080000e7   Thumb Code     0  startup_py32f040xx.o(.text)
    DMA1_Channel2_3_IRQHandler               0x080000e7   Thumb Code     0  startup_py32f040xx.o(.text)
    DMA1_Channel4_5_6_7_IRQHandler           0x080000e7   Thumb Code     0  startup_py32f040xx.o(.text)
    EXTI0_1_IRQHandler                       0x080000e7   Thumb Code     0  startup_py32f040xx.o(.text)
    EXTI2_3_IRQHandler                       0x080000e7   Thumb Code     0  startup_py32f040xx.o(.text)
    EXTI4_15_IRQHandler                      0x080000e7   Thumb Code     0  startup_py32f040xx.o(.text)
    FLASH_IRQHandler                         0x080000e7   Thumb Code     0  startup_py32f040xx.o(.text)
    I2C1_IRQHandler                          0x080000e7   Thumb Code     0  startup_py32f040xx.o(.text)
    I2C2_IRQHandler                          0x080000e7   Thumb Code     0  startup_py32f040xx.o(.text)
    LCD_IRQHandler                           0x080000e7   Thumb Code     0  startup_py32f040xx.o(.text)
    PVD_IRQHandler                           0x080000e7   Thumb Code     0  startup_py32f040xx.o(.text)
    RCC_IRQHandler                           0x080000e7   Thumb Code     0  startup_py32f040xx.o(.text)
    RTC_IRQHandler                           0x080000e7   Thumb Code     0  startup_py32f040xx.o(.text)
    SPI1_IRQHandler                          0x080000e7   Thumb Code     0  startup_py32f040xx.o(.text)
    SPI2_IRQHandler                          0x080000e7   Thumb Code     0  startup_py32f040xx.o(.text)
    TIM14_IRQHandler                         0x080000e7   Thumb Code     0  startup_py32f040xx.o(.text)
    TIM15_IRQHandler                         0x080000e7   Thumb Code     0  startup_py32f040xx.o(.text)
    TIM16_IRQHandler                         0x080000e7   Thumb Code     0  startup_py32f040xx.o(.text)
    TIM17_IRQHandler                         0x080000e7   Thumb Code     0  startup_py32f040xx.o(.text)
    TIM1_BRK_UP_TRG_COM_IRQHandler           0x080000e7   Thumb Code     0  startup_py32f040xx.o(.text)
    TIM1_CC_IRQHandler                       0x080000e7   Thumb Code     0  startup_py32f040xx.o(.text)
    TIM2_IRQHandler                          0x080000e7   Thumb Code     0  startup_py32f040xx.o(.text)
    TIM3_IRQHandler                          0x080000e7   Thumb Code     0  startup_py32f040xx.o(.text)
    TIM6_LPTIM1_IRQHandler                   0x080000e7   Thumb Code     0  startup_py32f040xx.o(.text)
    TIM7_IRQHandler                          0x080000e7   Thumb Code     0  startup_py32f040xx.o(.text)
    USART1_IRQHandler                        0x080000e7   Thumb Code     0  startup_py32f040xx.o(.text)
    USART2_IRQHandler                        0x080000e7   Thumb Code     0  startup_py32f040xx.o(.text)
    USART3_4_IRQHandler                      0x080000e7   Thumb Code     0  startup_py32f040xx.o(.text)
    WWDG_IRQHandler                          0x080000e7   Thumb Code     0  startup_py32f040xx.o(.text)
    __aeabi_uidiv                            0x080000f1   Thumb Code     0  uidiv.o(.text)
    __aeabi_uidivmod                         0x080000f1   Thumb Code    44  uidiv.o(.text)
    __aeabi_memset                           0x0800011d   Thumb Code    14  memseta.o(.text)
    __aeabi_memset4                          0x0800011d   Thumb Code     0  memseta.o(.text)
    __aeabi_memset8                          0x0800011d   Thumb Code     0  memseta.o(.text)
    __aeabi_memclr                           0x0800012b   Thumb Code     4  memseta.o(.text)
    __aeabi_memclr4                          0x0800012b   Thumb Code     0  memseta.o(.text)
    __aeabi_memclr8                          0x0800012b   Thumb Code     0  memseta.o(.text)
    _memset$wrapper                          0x0800012f   Thumb Code    18  memseta.o(.text)
    __scatterload                            0x08000141   Thumb Code    28  init.o(.text)
    __scatterload_rt2                        0x08000141   Thumb Code     0  init.o(.text)
    ADC_COMP_IRQHandler                      0x08000165   Thumb Code    16  py32f040_it.o(.text.ADC_COMP_IRQHandler)
    ADC_ConversionStop_Disable               0x08000175   Thumb Code    70  py32f040_hal_adc.o(.text.ADC_ConversionStop_Disable)
    ADC_Enable                               0x080001bd   Thumb Code   128  py32f040_hal_adc.o(.text.ADC_Enable)
    APP_AdcConfig                            0x08000239   Thumb Code   128  main.o(.text.APP_AdcConfig)
    APP_GpioConfig_Button                    0x080002b5   Thumb Code    76  main.o(.text.APP_GpioConfig_Button)
    APP_GpioConfig_Input                     0x080002f9   Thumb Code    72  main.o(.text.APP_GpioConfig_Input)
    APP_GpioConfig_Led                       0x08000339   Thumb Code    76  main.o(.text.APP_GpioConfig_Led)
    APP_SystemClockConfig                    0x08000385   Thumb Code    88  main.o(.text.APP_SystemClockConfig)
    Button_Read                              0x080003dd   Thumb Code    14  main.o(.text.Button_Read)
    HAL_ADCEx_Calibration_Start              0x080003ed   Thumb Code   228  py32f040_hal_adc_ex.o(.text.HAL_ADCEx_Calibration_Start)
    HAL_ADCEx_InjectedConvCpltCallback       0x080004d1   Thumb Code     2  py32f040_hal_adc_ex.o(.text.HAL_ADCEx_InjectedConvCpltCallback)
    HAL_ADC_ConfigChannel                    0x080004d5   Thumb Code   320  py32f040_hal_adc.o(.text.HAL_ADC_ConfigChannel)
    HAL_ADC_ConvCpltCallback                 0x08000615   Thumb Code    16  main.o(.text.HAL_ADC_ConvCpltCallback)
    HAL_ADC_ErrorCallback                    0x08000625   Thumb Code     2  py32f040_hal_adc.o(.text.HAL_ADC_ErrorCallback)
    HAL_ADC_IRQHandler                       0x08000629   Thumb Code   288  py32f040_hal_adc.o(.text.HAL_ADC_IRQHandler)
    HAL_ADC_Init                             0x08000749   Thumb Code   308  py32f040_hal_adc.o(.text.HAL_ADC_Init)
    HAL_ADC_LevelOutOfWindowCallback         0x0800087d   Thumb Code     2  py32f040_hal_adc.o(.text.HAL_ADC_LevelOutOfWindowCallback)
    HAL_ADC_MspInit                          0x08000881   Thumb Code    76  py32f040_hal_msp.o(.text.HAL_ADC_MspInit)
    HAL_ADC_OverCallback                     0x080008cd   Thumb Code     2  py32f040_hal_adc.o(.text.HAL_ADC_OverCallback)
    HAL_ADC_Start_IT                         0x080008d1   Thumb Code   148  py32f040_hal_adc.o(.text.HAL_ADC_Start_IT)
    HAL_Delay                                0x08000965   Thumb Code    36  py32f040_hal.o(.text.HAL_Delay)
    HAL_GPIO_Init                            0x08000985   Thumb Code   388  py32f040_hal_gpio.o(.text.HAL_GPIO_Init)
    HAL_GPIO_ReadPin                         0x08000b09   Thumb Code    12  py32f040_hal_gpio.o(.text.HAL_GPIO_ReadPin)
    HAL_GPIO_TogglePin                       0x08000b15   Thumb Code    16  py32f040_hal_gpio.o(.text.HAL_GPIO_TogglePin)
    HAL_GPIO_WritePin                        0x08000b25   Thumb Code    14  py32f040_hal_gpio.o(.text.HAL_GPIO_WritePin)
    HAL_GetTick                              0x08000b35   Thumb Code    12  py32f040_hal.o(.text.HAL_GetTick)
    HAL_IncTick                              0x08000b3d   Thumb Code    24  py32f040_hal.o(.text.HAL_IncTick)
    HAL_Init                                 0x08000b51   Thumb Code    24  py32f040_hal.o(.text.HAL_Init)
    HAL_InitTick                             0x08000b69   Thumb Code    72  py32f040_hal.o(.text.HAL_InitTick)
    HAL_MspInit                              0x08000bb1   Thumb Code    44  py32f040_hal_msp.o(.text.HAL_MspInit)
    HAL_NVIC_EnableIRQ                       0x08000bd9   Thumb Code    24  py32f040_hal_cortex.o(.text.HAL_NVIC_EnableIRQ)
    HAL_NVIC_SetPriority                     0x08000bf1   Thumb Code     8  py32f040_hal_cortex.o(.text.HAL_NVIC_SetPriority)
    HAL_RCCEx_GetPeriphCLKFreq               0x08000bf9   Thumb Code   292  py32f040_hal_rcc_ex.o(.text.HAL_RCCEx_GetPeriphCLKFreq)
    HAL_RCCEx_PeriphCLKConfig                0x08000d1d   Thumb Code   320  py32f040_hal_rcc_ex.o(.text.HAL_RCCEx_PeriphCLKConfig)
    HAL_RCC_ClockConfig                      0x08000e59   Thumb Code   388  py32f040_hal_rcc.o(.text.HAL_RCC_ClockConfig)
    HAL_RCC_GetPCLK1Freq                     0x08000fd5   Thumb Code    40  py32f040_hal_rcc.o(.text.HAL_RCC_GetPCLK1Freq)
    HAL_RCC_GetSysClockFreq                  0x08000ffd   Thumb Code   176  py32f040_hal_rcc.o(.text.HAL_RCC_GetSysClockFreq)
    HAL_RCC_OscConfig                        0x080010ad   Thumb Code  1228  py32f040_hal_rcc.o(.text.HAL_RCC_OscConfig)
    HAL_SYSTICK_Config                       0x08001579   Thumb Code    52  py32f040_hal_cortex.o(.text.HAL_SYSTICK_Config)
    HardFault_Handler                        0x080015ad   Thumb Code     2  py32f040_it.o(.text.HardFault_Handler)
    LCD_Init                                 0x080015b1   Thumb Code   152  lcd.o(.text.LCD_Init)
    LCD_Print                                0x08001645   Thumb Code    20  lcd.o(.text.LCD_Print)
    LCD_PrintNumber                          0x08001659   Thumb Code    32  lcd.o(.text.LCD_PrintNumber)
    LCD_SendCommand                          0x080016d1   Thumb Code    44  lcd.o(.text.LCD_SendCommand)
    LCD_SendData                             0x080016f9   Thumb Code    44  lcd.o(.text.LCD_SendData)
    LCD_SetCursor                            0x08001721   Thumb Code    20  lcd.o(.text.LCD_SetCursor)
    LED_Off                                  0x08001735   Thumb Code    10  main.o(.text.LED_Off)
    NMI_Handler                              0x0800173f   Thumb Code     2  py32f040_it.o(.text.NMI_Handler)
    PendSV_Handler                           0x08001741   Thumb Code     2  py32f040_it.o(.text.PendSV_Handler)
    SVC_Handler                              0x08001743   Thumb Code     2  py32f040_it.o(.text.SVC_Handler)
    SysTick_Handler                          0x08001745   Thumb Code     8  py32f040_it.o(.text.SysTick_Handler)
    SystemInit                               0x0800174d   Thumb Code    56  system_py32f040.o(.text.SystemInit)
    main                                     0x080017c5   Thumb Code   580  main.o(.text.main)
    __0sprintf$1                             0x08001a09   Thumb Code    36  printf1.o(i.__0sprintf$1)
    __1sprintf$1                             0x08001a09   Thumb Code     0  printf1.o(i.__0sprintf$1)
    __2sprintf                               0x08001a09   Thumb Code     0  printf1.o(i.__0sprintf$1)
    __scatterload_copy                       0x08001a31   Thumb Code    14  handlers.o(i.__scatterload_copy)
    __scatterload_null                       0x08001a3f   Thumb Code     2  handlers.o(i.__scatterload_null)
    __scatterload_zeroinit                   0x08001a41   Thumb Code    14  handlers.o(i.__scatterload_zeroinit)
    AHBPrescTable                            0x08001bc0   Data          64  system_py32f040.o(.rodata.AHBPrescTable)
    APBPrescTable                            0x08001c00   Data          32  system_py32f040.o(.rodata.APBPrescTable)
    HSIFreqTable                             0x08001c20   Data          32  system_py32f040.o(.rodata.HSIFreqTable)
    Region$$Table$$Base                      0x08001c50   Number         0  anon$$obj.o(Region$$Table)
    Region$$Table$$Limit                     0x08001c70   Number         0  anon$$obj.o(Region$$Table)
    running                                  0x20000000   Data           1  main.o(.data..L_MergedGlobals)
    uwTickPrio                               0x20000008   Data           4  py32f040_hal.o(.data..L_MergedGlobals)
    uwTickFreq                               0x2000000c   Data           4  py32f040_hal.o(.data..L_MergedGlobals)
    SystemCoreClock                          0x20000010   Data           4  system_py32f040.o(.data.SystemCoreClock)
    counter                                  0x2000001a   Data           1  main.o(.bss..L_MergedGlobals.8)
    mainMenu                                 0x2000001c   Data           2  main.o(.bss..L_MergedGlobals.8)
    aADCxConvertedData                       0x20000020   Data           2  main.o(.bss..L_MergedGlobals.8)
    AdcHandle                                0x20000030   Data          52  main.o(.bss..L_MergedGlobals.8)
    uwTick                                   0x20000064   Data           4  py32f040_hal.o(.bss.uwTick)
    __initial_sp                             0x20000268   Data           0  startup_py32f040xx.o(STACK)



==============================================================================

Memory Map of the image

  Image Entry point : 0x080000c1

  Load Region LR_IROM1 (Base: 0x08000000, Size: 0x00001c88, Max: 0x00020000, ABSOLUTE)

    Execution Region ER_IROM1 (Exec base: 0x08000000, Load base: 0x08000000, Size: 0x00001c70, Max: 0x00020000, ABSOLUTE)

    Exec Addr    Load Addr    Size         Type   Attr      Idx    E Section Name        Object

    0x08000000   0x08000000   0x000000c0   Data   RO            3    RESET               startup_py32f040xx.o
    0x080000c0   0x080000c0   0x00000000   Code   RO          643  * .ARM.Collect$$$$00000000  mc_p.l(entry.o)
    0x080000c0   0x080000c0   0x00000004   Code   RO          911    .ARM.Collect$$$$00000001  mc_p.l(entry2.o)
    0x080000c4   0x080000c4   0x00000004   Code   RO          914    .ARM.Collect$$$$00000004  mc_p.l(entry5.o)
    0x080000c8   0x080000c8   0x00000000   Code   RO          916    .ARM.Collect$$$$00000008  mc_p.l(entry7b.o)
    0x080000c8   0x080000c8   0x00000000   Code   RO          918    .ARM.Collect$$$$0000000A  mc_p.l(entry8b.o)
    0x080000c8   0x080000c8   0x00000008   Code   RO          919    .ARM.Collect$$$$0000000B  mc_p.l(entry9a.o)
    0x080000d0   0x080000d0   0x00000000   Code   RO          921    .ARM.Collect$$$$0000000D  mc_p.l(entry10a.o)
    0x080000d0   0x080000d0   0x00000000   Code   RO          923    .ARM.Collect$$$$0000000F  mc_p.l(entry11a.o)
    0x080000d0   0x080000d0   0x00000004   Code   RO          912    .ARM.Collect$$$$00002712  mc_p.l(entry2.o)
    0x080000d4   0x080000d4   0x0000001c   Code   RO            4    .text               startup_py32f040xx.o
    0x080000f0   0x080000f0   0x0000002c   Code   RO          646    .text               mc_p.l(uidiv.o)
    0x0800011c   0x0800011c   0x00000024   Code   RO          648    .text               mc_p.l(memseta.o)
    0x08000140   0x08000140   0x00000024   Code   RO          939    .text               mc_p.l(init.o)
    0x08000164   0x08000164   0x00000010   Code   RO           86    .text.ADC_COMP_IRQHandler  py32f040_it.o
    0x08000174   0x08000174   0x00000046   Code   RO          525    .text.ADC_ConversionStop_Disable  py32f040_hal_adc.o
    0x080001ba   0x080001ba   0x00000002   PAD
    0x080001bc   0x080001bc   0x0000007c   Code   RO          533    .text.ADC_Enable    py32f040_hal_adc.o
    0x08000238   0x08000238   0x0000007c   Code   RO           32    .text.APP_AdcConfig  main.o
    0x080002b4   0x080002b4   0x00000044   Code   RO           36    .text.APP_GpioConfig_Button  main.o
    0x080002f8   0x080002f8   0x00000040   Code   RO           38    .text.APP_GpioConfig_Input  main.o
    0x08000338   0x08000338   0x0000004c   Code   RO           34    .text.APP_GpioConfig_Led  main.o
    0x08000384   0x08000384   0x00000058   Code   RO           30    .text.APP_SystemClockConfig  main.o
    0x080003dc   0x080003dc   0x0000000e   Code   RO           40    .text.Button_Read   main.o
    0x080003ea   0x080003ea   0x00000002   PAD
    0x080003ec   0x080003ec   0x000000e4   Code   RO          590    .text.HAL_ADCEx_Calibration_Start  py32f040_hal_adc_ex.o
    0x080004d0   0x080004d0   0x00000002   Code   RO          608    .text.HAL_ADCEx_InjectedConvCpltCallback  py32f040_hal_adc_ex.o
    0x080004d2   0x080004d2   0x00000002   PAD
    0x080004d4   0x080004d4   0x00000140   Code   RO          569    .text.HAL_ADC_ConfigChannel  py32f040_hal_adc.o
    0x08000614   0x08000614   0x00000010   Code   RO           44    .text.HAL_ADC_ConvCpltCallback  main.o
    0x08000624   0x08000624   0x00000002   Code   RO          563    .text.HAL_ADC_ErrorCallback  py32f040_hal_adc.o
    0x08000626   0x08000626   0x00000002   PAD
    0x08000628   0x08000628   0x00000120   Code   RO          557    .text.HAL_ADC_IRQHandler  py32f040_hal_adc.o
    0x08000748   0x08000748   0x00000134   Code   RO          521    .text.HAL_ADC_Init  py32f040_hal_adc.o
    0x0800087c   0x0800087c   0x00000002   Code   RO          561    .text.HAL_ADC_LevelOutOfWindowCallback  py32f040_hal_adc.o
    0x0800087e   0x0800087e   0x00000002   PAD
    0x08000880   0x08000880   0x0000004c   Code   RO           65    .text.HAL_ADC_MspInit  py32f040_hal_msp.o
    0x080008cc   0x080008cc   0x00000002   Code   RO          565    .text.HAL_ADC_OverCallback  py32f040_hal_adc.o
    0x080008ce   0x080008ce   0x00000002   PAD
    0x080008d0   0x080008d0   0x00000094   Code   RO          541    .text.HAL_ADC_Start_IT  py32f040_hal_adc.o
    0x08000964   0x08000964   0x00000020   Code   RO          155    .text.HAL_Delay     py32f040_hal.o
    0x08000984   0x08000984   0x00000184   Code   RO          280    .text.HAL_GPIO_Init  py32f040_hal_gpio.o
    0x08000b08   0x08000b08   0x0000000c   Code   RO          284    .text.HAL_GPIO_ReadPin  py32f040_hal_gpio.o
    0x08000b14   0x08000b14   0x00000010   Code   RO          288    .text.HAL_GPIO_TogglePin  py32f040_hal_gpio.o
    0x08000b24   0x08000b24   0x0000000e   Code   RO          286    .text.HAL_GPIO_WritePin  py32f040_hal_gpio.o
    0x08000b32   0x08000b32   0x00000002   PAD
    0x08000b34   0x08000b34   0x00000008   Code   RO          147    .text.HAL_GetTick   py32f040_hal.o
    0x08000b3c   0x08000b3c   0x00000014   Code   RO          145    .text.HAL_IncTick   py32f040_hal.o
    0x08000b50   0x08000b50   0x00000018   Code   RO          135    .text.HAL_Init      py32f040_hal.o
    0x08000b68   0x08000b68   0x00000048   Code   RO          137    .text.HAL_InitTick  py32f040_hal.o
    0x08000bb0   0x08000bb0   0x00000028   Code   RO           63    .text.HAL_MspInit   py32f040_hal_msp.o
    0x08000bd8   0x08000bd8   0x00000018   Code   RO          210    .text.HAL_NVIC_EnableIRQ  py32f040_hal_cortex.o
    0x08000bf0   0x08000bf0   0x00000008   Code   RO          206    .text.HAL_NVIC_SetPriority  py32f040_hal_cortex.o
    0x08000bf8   0x08000bf8   0x00000124   Code   RO          390    .text.HAL_RCCEx_GetPeriphCLKFreq  py32f040_hal_rcc_ex.o
    0x08000d1c   0x08000d1c   0x0000013c   Code   RO          386    .text.HAL_RCCEx_PeriphCLKConfig  py32f040_hal_rcc_ex.o
    0x08000e58   0x08000e58   0x0000017c   Code   RO          352    .text.HAL_RCC_ClockConfig  py32f040_hal_rcc.o
    0x08000fd4   0x08000fd4   0x00000028   Code   RO          358    .text.HAL_RCC_GetPCLK1Freq  py32f040_hal_rcc.o
    0x08000ffc   0x08000ffc   0x000000b0   Code   RO          350    .text.HAL_RCC_GetSysClockFreq  py32f040_hal_rcc.o
    0x080010ac   0x080010ac   0x000004cc   Code   RO          348    .text.HAL_RCC_OscConfig  py32f040_hal_rcc.o
    0x08001578   0x08001578   0x00000034   Code   RO          218    .text.HAL_SYSTICK_Config  py32f040_hal_cortex.o
    0x080015ac   0x080015ac   0x00000002   Code   RO           78    .text.HardFault_Handler  py32f040_it.o
    0x080015ae   0x080015ae   0x00000002   PAD
    0x080015b0   0x080015b0   0x00000094   Code   RO          621    .text.LCD_Init      lcd.o
    0x08001644   0x08001644   0x00000014   Code   RO          629    .text.LCD_Print     lcd.o
    0x08001658   0x08001658   0x00000020   Code   RO          633    .text.LCD_PrintNumber  lcd.o
    0x08001678   0x08001678   0x00000058   Code   RO          623    .text.LCD_Send4Bits  lcd.o
    0x080016d0   0x080016d0   0x00000028   Code   RO          625    .text.LCD_SendCommand  lcd.o
    0x080016f8   0x080016f8   0x00000028   Code   RO          631    .text.LCD_SendData  lcd.o
    0x08001720   0x08001720   0x00000014   Code   RO          627    .text.LCD_SetCursor  lcd.o
    0x08001734   0x08001734   0x0000000a   Code   RO           42    .text.LED_Off       main.o
    0x0800173e   0x0800173e   0x00000002   Code   RO           76    .text.NMI_Handler   py32f040_it.o
    0x08001740   0x08001740   0x00000002   Code   RO           82    .text.PendSV_Handler  py32f040_it.o
    0x08001742   0x08001742   0x00000002   Code   RO           80    .text.SVC_Handler   py32f040_it.o
    0x08001744   0x08001744   0x00000008   Code   RO           84    .text.SysTick_Handler  py32f040_it.o
    0x0800174c   0x0800174c   0x00000038   Code   RO           13    .text.SystemInit    system_py32f040.o
    0x08001784   0x08001784   0x00000040   Code   RO          208    .text.__NVIC_SetPriority  py32f040_hal_cortex.o
    0x080017c4   0x080017c4   0x00000244   Code   RO           28    .text.main          main.o
    0x08001a08   0x08001a08   0x00000028   Code   RO          697    i.__0sprintf$1      mc_p.l(printf1.o)
    0x08001a30   0x08001a30   0x0000000e   Code   RO          953    i.__scatterload_copy  mc_p.l(handlers.o)
    0x08001a3e   0x08001a3e   0x00000002   Code   RO          954    i.__scatterload_null  mc_p.l(handlers.o)
    0x08001a40   0x08001a40   0x0000000e   Code   RO          955    i.__scatterload_zeroinit  mc_p.l(handlers.o)
    0x08001a4e   0x08001a4e   0x00000002   PAD
    0x08001a50   0x08001a50   0x00000150   Code   RO          702    i._printf_core      mc_p.l(printf1.o)
    0x08001ba0   0x08001ba0   0x0000000a   Code   RO          704    i._sputc            mc_p.l(printf1.o)
    0x08001baa   0x08001baa   0x00000002   PAD
    0x08001bac   0x08001bac   0x00000014   Data   RO          376    .rodata..L__const.HAL_RCC_GetSysClockFreq.hsiValue  py32f040_hal_rcc.o
    0x08001bc0   0x08001bc0   0x00000040   Data   RO           16    .rodata.AHBPrescTable  system_py32f040.o
    0x08001c00   0x08001c00   0x00000020   Data   RO           17    .rodata.APBPrescTable  system_py32f040.o
    0x08001c20   0x08001c20   0x00000020   Data   RO           18    .rodata.HSIFreqTable  system_py32f040.o
    0x08001c40   0x08001c40   0x0000000f   Data   RO           50    .rodata.str1.1      main.o
    0x08001c4f   0x08001c4f   0x00000001   PAD
    0x08001c50   0x08001c50   0x00000020   Data   RO          952    Region$$Table       anon$$obj.o


    Execution Region RW_IRAM1 (Exec base: 0x20000000, Load base: 0x08001c70, Size: 0x00000268, Max: 0x00004000, ABSOLUTE)

    Exec Addr    Load Addr    Size         Type   Attr      Idx    E Section Name        Object

    0x20000000   0x08001c70   0x00000008   Data   RW           52    .data..L_MergedGlobals  main.o
    0x20000008   0x08001c78   0x00000008   Data   RW          196    .data..L_MergedGlobals  py32f040_hal.o
    0x20000010   0x08001c80   0x00000004   Data   RW           15    .data.SystemCoreClock  system_py32f040.o
    0x20000014   0x08001c84   0x00000004   PAD
    0x20000018        -       0x0000004c   Zero   RW           53    .bss..L_MergedGlobals.8  main.o
    0x20000064        -       0x00000004   Zero   RW          195    .bss.uwTick         py32f040_hal.o
    0x20000068        -       0x00000200   Zero   RW            1    STACK               startup_py32f040xx.o


==============================================================================

Image component sizes


      Code (inc. data)   RO Data    RW Data    ZI Data      Debug   Object Name

       388         24          0          0          0       3188   lcd.o
      1040        148         15          8         76       8084   main.o
       156         12          0          8          4       6956   py32f040_hal.o
      1264         52          0          0          0      11064   py32f040_hal_adc.o
       230          8          0          0          0       7993   py32f040_hal_adc_ex.o
       148         24          0          0          0       5396   py32f040_hal_cortex.o
       430         20          0          0          0       4196   py32f040_hal_gpio.o
       116          4          0          0          0       4674   py32f040_hal_msp.o
      1824        128         20          0          0       8749   py32f040_hal_rcc.o
       608         20          0          0          0       4135   py32f040_hal_rcc_ex.o
        32          4          0          0          0        784   py32f040_it.o
        28          8        192          0        512        604   startup_py32f040xx.o
        56         16        128          4          0       2146   system_py32f040.o

    ----------------------------------------------------------------------
      6336        468        388         20        596      67969   Object Totals
         0          0         32          0          0          0   (incl. Generated)
        16          0          1          0          4          0   (incl. Padding)

    ----------------------------------------------------------------------

      Code (inc. data)   RO Data    RW Data    ZI Data      Debug   Library Member Name

         0          0          0          0          0          0   entry.o
         0          0          0          0          0          0   entry10a.o
         0          0          0          0          0          0   entry11a.o
         8          4          0          0          0          0   entry2.o
         4          0          0          0          0          0   entry5.o
         0          0          0          0          0          0   entry7b.o
         0          0          0          0          0          0   entry8b.o
         8          4          0          0          0          0   entry9a.o
        30          0          0          0          0          0   handlers.o
        36          8          0          0          0         68   init.o
        36          0          0          0          0        100   memseta.o
       386          8          0          0          0        228   printf1.o
        44          0          0          0          0         72   uidiv.o

    ----------------------------------------------------------------------
       556         24          0          0          0        468   Library Totals
         4          0          0          0          0          0   (incl. Padding)

    ----------------------------------------------------------------------

      Code (inc. data)   RO Data    RW Data    ZI Data      Debug   Library Name

       552         24          0          0          0        468   mc_p.l

    ----------------------------------------------------------------------
       556         24          0          0          0        468   Library Totals

    ----------------------------------------------------------------------

==============================================================================


      Code (inc. data)   RO Data    RW Data    ZI Data      Debug   

      6892        492        388         20        596      68281   Grand Totals
      6892        492        388         20        596      68281   ELF Image Totals
      6892        492        388         20          0          0   ROM Totals

==============================================================================

    Total RO  Size (Code + RO Data)                 7280 (   7.11kB)
    Total RW  Size (RW Data + ZI Data)               616 (   0.60kB)
    Total ROM Size (Code + RO Data + RW Data)       7300 (   7.13kB)

==============================================================================

