Component: ARM Compiler 6.12 Tool: armlink [5d624300]

==============================================================================

Section Cross References

    startup_py32f040xx.o(RESET) refers to startup_py32f040xx.o(STACK) for __initial_sp
    startup_py32f040xx.o(RESET) refers to startup_py32f040xx.o(.text) for Reset_Handler
    startup_py32f040xx.o(RESET) refers to py32f040_it.o(.text.NMI_Handler) for NMI_Handler
    startup_py32f040xx.o(RESET) refers to py32f040_it.o(.text.HardFault_Handler) for HardFault_Handler
    startup_py32f040xx.o(RESET) refers to py32f040_it.o(.text.SVC_Handler) for SVC_Handler
    startup_py32f040xx.o(RESET) refers to py32f040_it.o(.text.PendSV_Handler) for PendSV_Handler
    startup_py32f040xx.o(RESET) refers to py32f040_it.o(.text.SysTick_Handler) for SysTick_Handler
    startup_py32f040xx.o(.text) refers to system_py32f040.o(.text.SystemInit) for SystemInit
    startup_py32f040xx.o(.text) refers to entry.o(.ARM.Collect$$$$00000000) for __main
    system_py32f040.o(.text.SystemCoreClockUpdate) refers to system_py32f040.o(.rodata.HSIFreqTable) for HSIFreqTable
    system_py32f040.o(.text.SystemCoreClockUpdate) refers to system_py32f040.o(.data.SystemCoreClock) for SystemCoreClock
    system_py32f040.o(.text.SystemCoreClockUpdate) refers to system_py32f040.o(.rodata.AHBPrescTable) for AHBPrescTable
    system_py32f040.o(.ARM.exidx.text.SystemCoreClockUpdate) refers to system_py32f040.o(.text.SystemCoreClockUpdate) for [Anonymous Symbol]
    system_py32f040.o(.ARM.exidx.text.SystemInit) refers to system_py32f040.o(.text.SystemInit) for [Anonymous Symbol]
    main.o(.text.main) refers to py32f040_hal.o(.text.HAL_Init) for HAL_Init
    main.o(.text.main) refers to main.o(.text.SystemClock_Config) for SystemClock_Config
    main.o(.text.main) refers to main.o(.text.GPIO_Init) for GPIO_Init
    main.o(.text.main) refers to main.o(.text.LED_Init) for LED_Init
    main.o(.text.main) refers to main.o(.text.Button_Init) for Button_Init
    main.o(.text.main) refers to main.o(.text.GPIO_PWM_A9_Init) for GPIO_PWM_A9_Init
    main.o(.text.main) refers to main.o(.text.MX_TIM1_Init) for MX_TIM1_Init
    main.o(.text.main) refers to main.o(.text.GPIO_UART1_TX_Init) for GPIO_UART1_TX_Init
    main.o(.text.main) refers to main.o(.text.MX_USART1_UART_Init) for MX_USART1_UART_Init
    main.o(.text.main) refers to py32f040_hal_gpio.o(.text.HAL_GPIO_ReadPin) for HAL_GPIO_ReadPin
    main.o(.text.main) refers to main.o(.text.DisplayNumber) for DisplayNumber
    main.o(.text.main) refers to uidiv.o(.text) for __aeabi_uidivmod
    main.o(.text.main) refers to py32f040_hal_gpio.o(.text.HAL_GPIO_WritePin) for HAL_GPIO_WritePin
    main.o(.text.main) refers to py32f040_hal_uart.o(.text.HAL_UART_Transmit) for HAL_UART_Transmit
    main.o(.text.main) refers to main.o(.data.counter_running) for counter_running
    main.o(.text.main) refers to main.o(.bss..L_MergedGlobals) for [Anonymous Symbol]
    main.o(.ARM.exidx.text.main) refers to main.o(.text.main) for [Anonymous Symbol]
    main.o(.text.SystemClock_Config) refers to memseta.o(.text) for __aeabi_memclr4
    main.o(.text.SystemClock_Config) refers to py32f040_hal_rcc.o(.text.HAL_RCC_OscConfig) for HAL_RCC_OscConfig
    main.o(.text.SystemClock_Config) refers to py32f040_hal_rcc.o(.text.HAL_RCC_ClockConfig) for HAL_RCC_ClockConfig
    main.o(.ARM.exidx.text.SystemClock_Config) refers to main.o(.text.SystemClock_Config) for [Anonymous Symbol]
    main.o(.text.GPIO_Init) refers to py32f040_hal_gpio.o(.text.HAL_GPIO_Init) for HAL_GPIO_Init
    main.o(.ARM.exidx.text.GPIO_Init) refers to main.o(.text.GPIO_Init) for [Anonymous Symbol]
    main.o(.text.LED_Init) refers to py32f040_hal_gpio.o(.text.HAL_GPIO_Init) for HAL_GPIO_Init
    main.o(.ARM.exidx.text.LED_Init) refers to main.o(.text.LED_Init) for [Anonymous Symbol]
    main.o(.text.Button_Init) refers to py32f040_hal_gpio.o(.text.HAL_GPIO_Init) for HAL_GPIO_Init
    main.o(.ARM.exidx.text.Button_Init) refers to main.o(.text.Button_Init) for [Anonymous Symbol]
    main.o(.text.GPIO_PWM_A9_Init) refers to py32f040_hal_gpio.o(.text.HAL_GPIO_Init) for HAL_GPIO_Init
    main.o(.ARM.exidx.text.GPIO_PWM_A9_Init) refers to main.o(.text.GPIO_PWM_A9_Init) for [Anonymous Symbol]
    main.o(.text.MX_TIM1_Init) refers to py32f040_hal_tim.o(.text.HAL_TIM_PWM_Init) for HAL_TIM_PWM_Init
    main.o(.text.MX_TIM1_Init) refers to py32f040_hal_tim.o(.text.HAL_TIM_PWM_ConfigChannel) for HAL_TIM_PWM_ConfigChannel
    main.o(.text.MX_TIM1_Init) refers to py32f040_hal_tim.o(.text.HAL_TIM_PWM_Start) for HAL_TIM_PWM_Start
    main.o(.text.MX_TIM1_Init) refers to main.o(.bss.htim1) for htim1
    main.o(.ARM.exidx.text.MX_TIM1_Init) refers to main.o(.text.MX_TIM1_Init) for [Anonymous Symbol]
    main.o(.text.GPIO_UART1_TX_Init) refers to py32f040_hal_gpio.o(.text.HAL_GPIO_Init) for HAL_GPIO_Init
    main.o(.ARM.exidx.text.GPIO_UART1_TX_Init) refers to main.o(.text.GPIO_UART1_TX_Init) for [Anonymous Symbol]
[...]
    Removing py32f040xx_start_kit.o(.ARM.exidx.text.BSP_LED_Init), (8 bytes).
    Removing py32f040xx_start_kit.o(.text.BSP_LED_DeInit), (32 bytes).
    Removing py32f040xx_start_kit.o(.ARM.exidx.text.BSP_LED_DeInit), (8 bytes).
    Removing py32f040xx_start_kit.o(.text.BSP_LED_On), (24 bytes).
    Removing py32f040xx_start_kit.o(.ARM.exidx.text.BSP_LED_On), (8 bytes).
    Removing py32f040xx_start_kit.o(.text.BSP_LED_Off), (24 bytes).
    Removing py32f040xx_start_kit.o(.ARM.exidx.text.BSP_LED_Off), (8 bytes).
    Removing py32f040xx_start_kit.o(.text.BSP_LED_Toggle), (20 bytes).
    Removing py32f040xx_start_kit.o(.ARM.exidx.text.BSP_LED_Toggle), (8 bytes).
    Removing py32f040xx_start_kit.o(.text.BSP_PB_Init), (112 bytes).
    Removing py32f040xx_start_kit.o(.ARM.exidx.text.BSP_PB_Init), (8 bytes).
    Removing py32f040xx_start_kit.o(.text.BSP_PB_DeInit), (28 bytes).
    Removing py32f040xx_start_kit.o(.ARM.exidx.text.BSP_PB_DeInit), (8 bytes).
    Removing py32f040xx_start_kit.o(.text.BSP_PB_GetState), (20 bytes).
    Removing py32f040xx_start_kit.o(.ARM.exidx.text.BSP_PB_GetState), (8 bytes).
    Removing py32f040xx_start_kit.o(.text.BSP_USART_Config), (164 bytes).
    Removing py32f040xx_start_kit.o(.ARM.exidx.text.BSP_USART_Config), (8 bytes).
    Removing py32f040xx_start_kit.o(.text.fputc), (28 bytes).
    Removing py32f040xx_start_kit.o(.ARM.exidx.text.fputc), (8 bytes).
    Removing py32f040xx_start_kit.o(.text.fgetc), (28 bytes).
    Removing py32f040xx_start_kit.o(.ARM.exidx.text.fgetc), (8 bytes).
    Removing py32f040xx_start_kit.o(.data.LED_PORT), (4 bytes).
    Removing py32f040xx_start_kit.o(.rodata.LED_PIN), (2 bytes).
    Removing py32f040xx_start_kit.o(.data.BUTTON_PORT), (4 bytes).
    Removing py32f040xx_start_kit.o(.rodata.BUTTON_PIN), (2 bytes).
    Removing py32f040xx_start_kit.o(.rodata.BUTTON_IRQn), (1 bytes).
    Removing py32f040xx_start_kit.o(.bss.DebugUartHandle), (76 bytes).
    Removing py32f040_hal.o(.text), (0 bytes).
    Removing py32f040_hal.o(.ARM.exidx.text.HAL_Init), (8 bytes).
    Removing py32f040_hal.o(.ARM.exidx.text.HAL_InitTick), (8 bytes).
    Removing py32f040_hal.o(.text.HAL_MspInit), (2 bytes).
    Removing py32f040_hal.o(.ARM.exidx.text.HAL_MspInit), (8 bytes).
    Removing py32f040_hal.o(.text.HAL_DeInit), (36 bytes).
    Removing py32f040_hal.o(.ARM.exidx.text.HAL_DeInit), (8 bytes).
    Removing py32f040_hal.o(.text.HAL_MspDeInit), (2 bytes).
    Removing py32f040_hal.o(.ARM.exidx.text.HAL_MspDeInit), (8 bytes).
    Removing py32f040_hal.o(.ARM.exidx.text.HAL_IncTick), (8 bytes).
    Removing py32f040_hal.o(.ARM.exidx.text.HAL_GetTick), (8 bytes).
    Removing py32f040_hal.o(.text.HAL_GetTickPrio), (12 bytes).
    Removing py32f040_hal.o(.ARM.exidx.text.HAL_GetTickPrio), (8 bytes).
    Removing py32f040_hal.o(.text.HAL_SetTickFreq), (36 bytes).
    Removing py32f040_hal.o(.ARM.exidx.text.HAL_SetTickFreq), (8 bytes).
    Removing py32f040_hal.o(.text.HAL_GetTickFreq), (12 bytes).
    Removing py32f040_hal.o(.ARM.exidx.text.HAL_GetTickFreq), (8 bytes).
    Removing py32f040_hal.o(.ARM.exidx.text.HAL_Delay), (8 bytes).
    Removing py32f040_hal.o(.text.HAL_SuspendTick), (16 bytes).
    Removing py32f040_hal.o(.ARM.exidx.text.HAL_SuspendTick), (8 bytes).
    Removing py32f040_hal.o(.text.HAL_ResumeTick), (16 bytes).
    Removing py32f040_hal.o(.ARM.exidx.text.HAL_ResumeTick), (8 bytes).
    Removing py32f040_hal.o(.text.HAL_GetHalVersion), (6 bytes).
    Removing py32f040_hal.o(.ARM.exidx.text.HAL_GetHalVersion), (8 bytes).
    Removing py32f040_hal.o(.text.HAL_GetREVID), (12 bytes).
    Removing py32f040_hal.o(.ARM.exidx.text.HAL_GetREVID), (8 bytes).
    Removing py32f040_hal.o(.text.HAL_GetUIDw0), (12 bytes).
    Removing py32f040_hal.o(.ARM.exidx.text.HAL_GetUIDw0), (8 bytes).
    Removing py32f040_hal.o(.text.HAL_GetUIDw1), (12 bytes).
    Removing py32f040_hal.o(.ARM.exidx.text.HAL_GetUIDw1), (8 bytes).
    Removing py32f040_hal.o(.text.HAL_GetUIDw2), (12 bytes).
    Removing py32f040_hal.o(.ARM.exidx.text.HAL_GetUIDw2), (8 bytes).
    Removing py32f040_hal.o(.text.HAL_DBGMCU_EnableDBGMCUSleepMode), (16 bytes).
    Removing py32f040_hal.o(.ARM.exidx.text.HAL_DBGMCU_EnableDBGMCUSleepMode), (8 bytes).
    Removing py32f040_hal.o(.text.HAL_DBGMCU_DisableDBGMCUSleepMode), (16 bytes).
    Removing py32f040_hal.o(.ARM.exidx.text.HAL_DBGMCU_DisableDBGMCUSleepMode), (8 bytes).
    Removing py32f040_hal.o(.text.HAL_DBGMCU_EnableDBGMCUStopMode), (16 bytes).
    Removing py32f040_hal.o(.ARM.exidx.text.HAL_DBGMCU_EnableDBGMCUStopMode), (8 bytes).
    Removing py32f040_hal.o(.text.HAL_DBGMCU_DisableDBGMCUStopMode), (16 bytes).
    Removing py32f040_hal.o(.ARM.exidx.text.HAL_DBGMCU_DisableDBGMCUStopMode), (8 bytes).
    Removing py32f040_hal.o(.text.HAL_SYSCFG_TIM3ETRSource), (20 bytes).
    Removing py32f040_hal.o(.ARM.exidx.text.HAL_SYSCFG_TIM3ETRSource), (8 bytes).
    Removing py32f040_hal.o(.text.HAL_SYSCFG_TIM2ETRSource), (20 bytes).
    Removing py32f040_hal.o(.ARM.exidx.text.HAL_SYSCFG_TIM2ETRSource), (8 bytes).
    Removing py32f040_hal.o(.text.HAL_SYSCFG_TIM1ETRSource), (20 bytes).
    Removing py32f040_hal.o(.ARM.exidx.text.HAL_SYSCFG_TIM1ETRSource), (8 bytes).
    Removing py32f040_hal.o(.text.HAL_SYSCFG_TIM3IC1Source), (20 bytes).
    Removing py32f040_hal.o(.ARM.exidx.text.HAL_SYSCFG_TIM3IC1Source), (8 bytes).
    Removing py32f040_hal.o(.text.HAL_SYSCFG_TIM2IC4Source), (20 bytes).
    Removing py32f040_hal.o(.ARM.exidx.text.HAL_SYSCFG_TIM2IC4Source), (8 bytes).
    Removing py32f040_hal.o(.text.HAL_SYSCFG_TIM1IC1Source), (20 bytes).
    Removing py32f040_hal.o(.ARM.exidx.text.HAL_SYSCFG_TIM1IC1Source), (8 bytes).
    Removing py32f040_hal.o(.text.HAL_SYSCFG_EnableGPIONoiseFilter), (76 bytes).
    Removing py32f040_hal.o(.ARM.exidx.text.HAL_SYSCFG_EnableGPIONoiseFilter), (8 bytes).
    Removing py32f040_hal.o(.text.HAL_SYSCFG_DisableGPIONoiseFilter), (76 bytes).
    Removing py32f040_hal.o(.ARM.exidx.text.HAL_SYSCFG_DisableGPIONoiseFilter), (8 bytes).
    Removing py32f040_hal_cortex.o(.text), (0 bytes).
    Removing py32f040_hal_cortex.o(.ARM.exidx.text.HAL_NVIC_SetPriority), (8 bytes).
    Removing py32f040_hal_cortex.o(.ARM.exidx.text.__NVIC_SetPriority), (8 bytes).
    Removing py32f040_hal_cortex.o(.text.HAL_NVIC_EnableIRQ), (24 bytes).
    Removing py32f040_hal_cortex.o(.ARM.exidx.text.HAL_NVIC_EnableIRQ), (8 bytes).
    Removing py32f040_hal_cortex.o(.text.HAL_NVIC_DisableIRQ), (32 bytes).
    Removing py32f040_hal_cortex.o(.ARM.exidx.text.HAL_NVIC_DisableIRQ), (8 bytes).
    Removing py32f040_hal_cortex.o(.text.HAL_NVIC_SystemReset), (4 bytes).
    Removing py32f040_hal_cortex.o(.ARM.exidx.text.HAL_NVIC_SystemReset), (8 bytes).
    Removing py32f040_hal_cortex.o(.text.__NVIC_SystemReset), (28 bytes).
    Removing py32f040_hal_cortex.o(.ARM.exidx.text.__NVIC_SystemReset), (8 bytes).
    Removing py32f040_hal_cortex.o(.ARM.exidx.text.HAL_SYSTICK_Config), (8 bytes).
    Removing py32f040_hal_cortex.o(.text.HAL_NVIC_GetPriority), (52 bytes).
    Removing py32f040_hal_cortex.o(.ARM.exidx.text.HAL_NVIC_GetPriority), (8 bytes).
    Removing py32f040_hal_cortex.o(.text.HAL_NVIC_SetPendingIRQ), (24 bytes).
    Removing py32f040_hal_cortex.o(.ARM.exidx.text.HAL_NVIC_SetPendingIRQ), (8 bytes).
    Removing py32f040_hal_cortex.o(.text.HAL_NVIC_GetPendingIRQ), (40 bytes).
    Removing py32f040_hal_cortex.o(.ARM.exidx.text.HAL_NVIC_GetPendingIRQ), (8 bytes).
    Removing py32f040_hal_cortex.o(.text.HAL_NVIC_ClearPendingIRQ), (24 bytes).
    Removing py32f040_hal_cortex.o(.ARM.exidx.text.HAL_NVIC_ClearPendingIRQ), (8 bytes).
    Removing py32f040_hal_cortex.o(.text.HAL_SYSTICK_CLKSourceConfig), (24 bytes).
    Removing py32f040_hal_cortex.o(.ARM.exidx.text.HAL_SYSTICK_CLKSourceConfig), (8 bytes).
    Removing py32f040_hal_cortex.o(.text.HAL_SYSTICK_IRQHandler), (8 bytes).
    Removing py32f040_hal_cortex.o(.ARM.exidx.text.HAL_SYSTICK_IRQHandler), (8 bytes).
    Removing py32f040_hal_cortex.o(.text.HAL_SYSTICK_Callback), (2 bytes).
    Removing py32f040_hal_cortex.o(.ARM.exidx.text.HAL_SYSTICK_Callback), (8 bytes).
    Removing py32f040_hal_dma.o(.text), (0 bytes).
    Removing py32f040_hal_dma.o(.text.HAL_DMA_Init), (116 bytes).
    Removing py32f040_hal_dma.o(.ARM.exidx.text.HAL_DMA_Init), (8 bytes).
    Removing py32f040_hal_dma.o(.text.HAL_DMA_DeInit), (88 bytes).
    Removing py32f040_hal_dma.o(.ARM.exidx.text.HAL_DMA_DeInit), (8 bytes).
    Removing py32f040_hal_dma.o(.text.HAL_DMA_Start), (76 bytes).
    Removing py32f040_hal_dma.o(.ARM.exidx.text.HAL_DMA_Start), (8 bytes).
    Removing py32f040_hal_dma.o(.text.DMA_SetConfig), (38 bytes).
    Removing py32f040_hal_dma.o(.ARM.exidx.text.DMA_SetConfig), (8 bytes).
    Removing py32f040_hal_dma.o(.text.HAL_DMA_Start_IT), (102 bytes).
    Removing py32f040_hal_dma.o(.ARM.exidx.text.HAL_DMA_Start_IT), (8 bytes).
    Removing py32f040_hal_dma.o(.text.HAL_DMA_Abort), (64 bytes).
    Removing py32f040_hal_dma.o(.ARM.exidx.text.HAL_DMA_Abort), (8 bytes).
    Removing py32f040_hal_dma.o(.text.HAL_DMA_Abort_IT), (160 bytes).
    Removing py32f040_hal_dma.o(.ARM.exidx.text.HAL_DMA_Abort_IT), (8 bytes).
    Removing py32f040_hal_dma.o(.text.HAL_DMA_PollForTransfer), (560 bytes).
    Removing py32f040_hal_dma.o(.ARM.exidx.text.HAL_DMA_PollForTransfer), (8 bytes).
    Removing py32f040_hal_dma.o(.text.HAL_DMA_IRQHandler), (312 bytes).
    Removing py32f040_hal_dma.o(.ARM.exidx.text.HAL_DMA_IRQHandler), (8 bytes).
    Removing py32f040_hal_dma.o(.text.HAL_DMA_RegisterCallback), (70 bytes).
    Removing py32f040_hal_dma.o(.ARM.exidx.text.HAL_DMA_RegisterCallback), (8 bytes).
    Removing py32f040_hal_dma.o(.text.HAL_DMA_UnRegisterCallback), (88 bytes).
    Removing py32f040_hal_dma.o(.ARM.exidx.text.HAL_DMA_UnRegisterCallback), (8 bytes).
    Removing py32f040_hal_dma.o(.text.HAL_DMA_ChannelMap), (84 bytes).
    Removing py32f040_hal_dma.o(.ARM.exidx.text.HAL_DMA_ChannelMap), (8 bytes).
    Removing py32f040_hal_dma.o(.text.HAL_DMA_GetState), (6 bytes).
    Removing py32f040_hal_dma.o(.ARM.exidx.text.HAL_DMA_GetState), (8 bytes).
    Removing py32f040_hal_dma.o(.text.HAL_DMA_GetError), (4 bytes).
    Removing py32f040_hal_dma.o(.ARM.exidx.text.HAL_DMA_GetError), (8 bytes).
    Removing py32f040_hal_gpio.o(.text), (0 bytes).
    Removing py32f040_hal_gpio.o(.ARM.exidx.text.HAL_GPIO_Init), (8 bytes).
    Removing py32f040_hal_gpio.o(.text.HAL_GPIO_DeInit), (244 bytes).
    Removing py32f040_hal_gpio.o(.ARM.exidx.text.HAL_GPIO_DeInit), (8 bytes).
    Removing py32f040_hal_gpio.o(.ARM.exidx.text.HAL_GPIO_ReadPin), (8 bytes).
    Removing py32f040_hal_gpio.o(.ARM.exidx.text.HAL_GPIO_WritePin), (8 bytes).
    Removing py32f040_hal_gpio.o(.text.HAL_GPIO_TogglePin), (16 bytes).
    Removing py32f040_hal_gpio.o(.ARM.exidx.text.HAL_GPIO_TogglePin), (8 bytes).
    Removing py32f040_hal_gpio.o(.text.HAL_GPIO_LockPin), (44 bytes).
    Removing py32f040_hal_gpio.o(.ARM.exidx.text.HAL_GPIO_LockPin), (8 bytes).
    Removing py32f040_hal_gpio.o(.text.HAL_GPIO_EXTI_Callback), (2 bytes).
    Removing py32f040_hal_gpio.o(.ARM.exidx.text.HAL_GPIO_EXTI_Callback), (8 bytes).
    Removing py32f040_hal_gpio.o(.text.HAL_GPIO_EXTI_IRQHandler), (24 bytes).
    Removing py32f040_hal_gpio.o(.ARM.exidx.text.HAL_GPIO_EXTI_IRQHandler), (8 bytes).
    Removing py32f040_hal_pwr.o(.text), (0 bytes).
    Removing py32f040_hal_pwr.o(.text.HAL_PWR_DeInit), (24 bytes).
    Removing py32f040_hal_pwr.o(.ARM.exidx.text.HAL_PWR_DeInit), (8 bytes).
    Removing py32f040_hal_pwr.o(.text.HAL_PWR_EnableBkUpAccess), (20 bytes).
    Removing py32f040_hal_pwr.o(.ARM.exidx.text.HAL_PWR_EnableBkUpAccess), (8 bytes).
    Removing py32f040_hal_pwr.o(.text.HAL_PWR_DisableBkUpAccess), (20 bytes).
    Removing py32f040_hal_pwr.o(.ARM.exidx.text.HAL_PWR_DisableBkUpAccess), (8 bytes).
    Removing py32f040_hal_pwr.o(.text.HAL_PWR_ConfigPVD), (124 bytes).
    Removing py32f040_hal_pwr.o(.ARM.exidx.text.HAL_PWR_ConfigPVD), (8 bytes).
    Removing py32f040_hal_pwr.o(.text.HAL_PWR_EnablePVD), (16 bytes).
    Removing py32f040_hal_pwr.o(.ARM.exidx.text.HAL_PWR_EnablePVD), (8 bytes).
    Removing py32f040_hal_pwr.o(.text.HAL_PWR_DisablePVD), (16 bytes).
    Removing py32f040_hal_pwr.o(.ARM.exidx.text.HAL_PWR_DisablePVD), (8 bytes).
    Removing py32f040_hal_pwr.o(.text.HAL_PWR_ConfigStopMode), (36 bytes).
    Removing py32f040_hal_pwr.o(.ARM.exidx.text.HAL_PWR_ConfigStopMode), (8 bytes).
    Removing py32f040_hal_pwr.o(.text.HAL_PWR_ConfigBIAS), (44 bytes).
    Removing py32f040_hal_pwr.o(.ARM.exidx.text.HAL_PWR_ConfigBIAS), (8 bytes).
    Removing py32f040_hal_pwr.o(.text.HAL_PWR_EnterSLEEPMode), (32 bytes).
    Removing py32f040_hal_pwr.o(.ARM.exidx.text.HAL_PWR_EnterSLEEPMode), (8 bytes).
    Removing py32f040_hal_pwr.o(.text.HAL_PWR_EnterSTOPMode), (64 bytes).
    Removing py32f040_hal_pwr.o(.ARM.exidx.text.HAL_PWR_EnterSTOPMode), (8 bytes).
    Removing py32f040_hal_pwr.o(.text.HAL_PWR_EnableSleepOnExit), (16 bytes).
    Removing py32f040_hal_pwr.o(.ARM.exidx.text.HAL_PWR_EnableSleepOnExit), (8 bytes).
    Removing py32f040_hal_pwr.o(.text.HAL_PWR_DisableSleepOnExit), (16 bytes).
    Removing py32f040_hal_pwr.o(.ARM.exidx.text.HAL_PWR_DisableSleepOnExit), (8 bytes).
    Removing py32f040_hal_pwr.o(.text.HAL_PWR_EnableSEVOnPend), (16 bytes).
    Removing py32f040_hal_pwr.o(.ARM.exidx.text.HAL_PWR_EnableSEVOnPend), (8 bytes).
    Removing py32f040_hal_pwr.o(.text.HAL_PWR_DisableSEVOnPend), (16 bytes).
    Removing py32f040_hal_pwr.o(.ARM.exidx.text.HAL_PWR_DisableSEVOnPend), (8 bytes).
    Removing py32f040_hal_pwr.o(.text.HAL_PWR_PVD_IRQHandler), (28 bytes).
    Removing py32f040_hal_pwr.o(.ARM.exidx.text.HAL_PWR_PVD_IRQHandler), (8 bytes).
    Removing py32f040_hal_pwr.o(.text.HAL_PWR_PVD_Callback), (2 bytes).
    Removing py32f040_hal_pwr.o(.ARM.exidx.text.HAL_PWR_PVD_Callback), (8 bytes).
    Removing py32f040_hal_rcc.o(.text), (0 bytes).
    Removing py32f040_hal_rcc.o(.text.HAL_RCC_DeInit), (200 bytes).
    Removing py32f040_hal_rcc.o(.ARM.exidx.text.HAL_RCC_DeInit), (8 bytes).
    Removing py32f040_hal_rcc.o(.ARM.exidx.text.HAL_RCC_OscConfig), (8 bytes).
    Removing py32f040_hal_rcc.o(.ARM.exidx.text.HAL_RCC_GetSysClockFreq), (8 bytes).
    Removing py32f040_hal_rcc.o(.ARM.exidx.text.HAL_RCC_ClockConfig), (8 bytes).
    Removing py32f040_hal_rcc.o(.text.HAL_RCC_MCOConfig), (184 bytes).
    Removing py32f040_hal_rcc.o(.ARM.exidx.text.HAL_RCC_MCOConfig), (8 bytes).
    Removing py32f040_hal_rcc.o(.text.HAL_RCC_GetHCLKFreq), (12 bytes).
    Removing py32f040_hal_rcc.o(.ARM.exidx.text.HAL_RCC_GetHCLKFreq), (8 bytes).
    Removing py32f040_hal_rcc.o(.ARM.exidx.text.HAL_RCC_GetPCLK1Freq), (8 bytes).
    Removing py32f040_hal_rcc.o(.text.HAL_RCC_GetOscConfig), (140 bytes).
    Removing py32f040_hal_rcc.o(.ARM.exidx.text.HAL_RCC_GetOscConfig), (8 bytes).
    Removing py32f040_hal_rcc.o(.text.HAL_RCC_GetClockConfig), (52 bytes).
    Removing py32f040_hal_rcc.o(.ARM.exidx.text.HAL_RCC_GetClockConfig), (8 bytes).
    Removing py32f040_hal_rcc.o(.text.HAL_RCC_EnableCSS), (20 bytes).
    Removing py32f040_hal_rcc.o(.ARM.exidx.text.HAL_RCC_EnableCSS), (8 bytes).
    Removing py32f040_hal_rcc.o(.text.HAL_RCC_EnableLSECSS), (16 bytes).
    Removing py32f040_hal_rcc.o(.ARM.exidx.text.HAL_RCC_EnableLSECSS), (8 bytes).
    Removing py32f040_hal_rcc.o(.text.HAL_RCC_DisableLSECSS), (16 bytes).
    Removing py32f040_hal_rcc.o(.ARM.exidx.text.HAL_RCC_DisableLSECSS), (8 bytes).
    Removing py32f040_hal_rcc.o(.text.HAL_RCC_NMI_IRQHandler), (36 bytes).
    Removing py32f040_hal_rcc.o(.ARM.exidx.text.HAL_RCC_NMI_IRQHandler), (8 bytes).
    Removing py32f040_hal_rcc.o(.text.HAL_RCC_CSSCallback), (2 bytes).
    Removing py32f040_hal_rcc.o(.ARM.exidx.text.HAL_RCC_CSSCallback), (8 bytes).
    Removing py32f040_hal_rcc.o(.text.HAL_RCC_LSECSSCallback), (2 bytes).
    Removing py32f040_hal_rcc.o(.ARM.exidx.text.HAL_RCC_LSECSSCallback), (8 bytes).
    Removing py32f040_hal_rcc_ex.o(.text), (0 bytes).
    Removing py32f040_hal_rcc_ex.o(.text.HAL_RCCEx_PeriphCLKConfig), (320 bytes).
    Removing py32f040_hal_rcc_ex.o(.ARM.exidx.text.HAL_RCCEx_PeriphCLKConfig), (8 bytes).
    Removing py32f040_hal_rcc_ex.o(.text.HAL_RCCEx_GetPeriphCLKConfig), (72 bytes).
    Removing py32f040_hal_rcc_ex.o(.ARM.exidx.text.HAL_RCCEx_GetPeriphCLKConfig), (8 bytes).
    Removing py32f040_hal_rcc_ex.o(.text.HAL_RCCEx_GetPeriphCLKFreq), (292 bytes).
    Removing py32f040_hal_rcc_ex.o(.ARM.exidx.text.HAL_RCCEx_GetPeriphCLKFreq), (8 bytes).
    Removing py32f040_hal_rcc_ex.o(.text.HAL_RCCEx_EnableLSCO), (108 bytes).
    Removing py32f040_hal_rcc_ex.o(.ARM.exidx.text.HAL_RCCEx_EnableLSCO), (8 bytes).
    Removing py32f040_hal_rcc_ex.o(.text.HAL_RCCEx_DisableLSCO), (88 bytes).
    Removing py32f040_hal_rcc_ex.o(.ARM.exidx.text.HAL_RCCEx_DisableLSCO), (8 bytes).
    Removing py32f040_hal_uart.o(.text), (0 bytes).
    Removing py32f040_hal_uart.o(.ARM.exidx.text.HAL_UART_Init), (8 bytes).
    Removing py32f040_hal_uart.o(.ARM.exidx.text.HAL_UART_MspInit), (8 bytes).
    Removing py32f040_hal_uart.o(.ARM.exidx.text.UART_SetConfig), (8 bytes).
    Removing py32f040_hal_uart.o(.text.HAL_HalfDuplex_Init), (106 bytes).
    Removing py32f040_hal_uart.o(.ARM.exidx.text.HAL_HalfDuplex_Init), (8 bytes).
    Removing py32f040_hal_uart.o(.text.HAL_LIN_Init), (134 bytes).
    Removing py32f040_hal_uart.o(.ARM.exidx.text.HAL_LIN_Init), (8 bytes).
    Removing py32f040_hal_uart.o(.text.HAL_MultiProcessor_Init), (136 bytes).
    Removing py32f040_hal_uart.o(.ARM.exidx.text.HAL_MultiProcessor_Init), (8 bytes).
    Removing py32f040_hal_uart.o(.text.HAL_UART_DeInit), (52 bytes).
    Removing py32f040_hal_uart.o(.ARM.exidx.text.HAL_UART_DeInit), (8 bytes).
    Removing py32f040_hal_uart.o(.text.HAL_UART_MspDeInit), (2 bytes).
    Removing py32f040_hal_uart.o(.ARM.exidx.text.HAL_UART_MspDeInit), (8 bytes).
    Removing py32f040_hal_uart.o(.ARM.exidx.text.HAL_UART_Transmit), (8 bytes).
    Removing py32f040_hal_uart.o(.ARM.exidx.text.UART_WaitOnFlagUntilTimeout), (8 bytes).
    Removing py32f040_hal_uart.o(.text.HAL_UART_Receive), (208 bytes).
    Removing py32f040_hal_uart.o(.ARM.exidx.text.HAL_UART_Receive), (8 bytes).
    Removing py32f040_hal_uart.o(.text.HAL_UART_Transmit_IT), (74 bytes).
    Removing py32f040_hal_uart.o(.ARM.exidx.text.HAL_UART_Transmit_IT), (8 bytes).
    Removing py32f040_hal_uart.o(.text.HAL_UART_Receive_IT), (90 bytes).
    Removing py32f040_hal_uart.o(.ARM.exidx.text.HAL_UART_Receive_IT), (8 bytes).
    Removing py32f040_hal_uart.o(.text.HAL_UART_Transmit_DMA), (128 bytes).
    Removing py32f040_hal_uart.o(.ARM.exidx.text.HAL_UART_Transmit_DMA), (8 bytes).
    Removing py32f040_hal_uart.o(.text.UART_DMATransmitCplt), (44 bytes).
    Removing py32f040_hal_uart.o(.ARM.exidx.text.UART_DMATransmitCplt), (8 bytes).
    Removing py32f040_hal_uart.o(.text.UART_DMATxHalfCplt), (10 bytes).
    Removing py32f040_hal_uart.o(.ARM.exidx.text.UART_DMATxHalfCplt), (8 bytes).
    Removing py32f040_hal_uart.o(.text.UART_DMAError), (88 bytes).
    Removing py32f040_hal_uart.o(.ARM.exidx.text.UART_DMAError), (8 bytes).
    Removing py32f040_hal_uart.o(.text.HAL_UART_Receive_DMA), (168 bytes).
    Removing py32f040_hal_uart.o(.ARM.exidx.text.HAL_UART_Receive_DMA), (8 bytes).
    Removing py32f040_hal_uart.o(.text.UART_DMAReceiveCplt), (56 bytes).
    Removing py32f040_hal_uart.o(.ARM.exidx.text.UART_DMAReceiveCplt), (8 bytes).
    Removing py32f040_hal_uart.o(.text.UART_DMARxHalfCplt), (10 bytes).
    Removing py32f040_hal_uart.o(.ARM.exidx.text.UART_DMARxHalfCplt), (8 bytes).
    Removing py32f040_hal_uart.o(.text.HAL_UART_DMAPause), (92 bytes).
    Removing py32f040_hal_uart.o(.ARM.exidx.text.HAL_UART_DMAPause), (8 bytes).
    Removing py32f040_hal_uart.o(.text.HAL_UART_DMAResume), (94 bytes).
    Removing py32f040_hal_uart.o(.ARM.exidx.text.HAL_UART_DMAResume), (8 bytes).
    Removing py32f040_hal_uart.o(.text.HAL_UART_DMAStop), (102 bytes).
    Removing py32f040_hal_uart.o(.ARM.exidx.text.HAL_UART_DMAStop), (8 bytes).
    Removing py32f040_hal_uart.o(.text.UART_EndRxTransfer), (28 bytes).
    Removing py32f040_hal_uart.o(.ARM.exidx.text.UART_EndRxTransfer), (8 bytes).
    Removing py32f040_hal_uart.o(.text.HAL_UART_Abort), (138 bytes).
    Removing py32f040_hal_uart.o(.ARM.exidx.text.HAL_UART_Abort), (8 bytes).
    Removing py32f040_hal_uart.o(.text.HAL_UART_AbortTransmit), (76 bytes).
    Removing py32f040_hal_uart.o(.ARM.exidx.text.HAL_UART_AbortTransmit), (8 bytes).
    Removing py32f040_hal_uart.o(.text.HAL_UART_AbortReceive), (86 bytes).
    Removing py32f040_hal_uart.o(.ARM.exidx.text.HAL_UART_AbortReceive), (8 bytes).
    Removing py32f040_hal_uart.o(.text.HAL_UART_Abort_IT), (176 bytes).
    Removing py32f040_hal_uart.o(.ARM.exidx.text.HAL_UART_Abort_IT), (8 bytes).
    Removing py32f040_hal_uart.o(.text.UART_DMATxAbortCallback), (46 bytes).
    Removing py32f040_hal_uart.o(.ARM.exidx.text.UART_DMATxAbortCallback), (8 bytes).
    Removing py32f040_hal_uart.o(.text.UART_DMARxAbortCallback), (46 bytes).
    Removing py32f040_hal_uart.o(.ARM.exidx.text.UART_DMARxAbortCallback), (8 bytes).
    Removing py32f040_hal_uart.o(.text.HAL_UART_AbortCpltCallback), (2 bytes).
    Removing py32f040_hal_uart.o(.ARM.exidx.text.HAL_UART_AbortCpltCallback), (8 bytes).
    Removing py32f040_hal_uart.o(.text.HAL_UART_AbortTransmit_IT), (80 bytes).
    Removing py32f040_hal_uart.o(.ARM.exidx.text.HAL_UART_AbortTransmit_IT), (8 bytes).
    Removing py32f040_hal_uart.o(.text.UART_DMATxOnlyAbortCallback), (20 bytes).
    Removing py32f040_hal_uart.o(.ARM.exidx.text.UART_DMATxOnlyAbortCallback), (8 bytes).
    Removing py32f040_hal_uart.o(.text.HAL_UART_AbortTransmitCpltCallback), (2 bytes).
    Removing py32f040_hal_uart.o(.ARM.exidx.text.HAL_UART_AbortTransmitCpltCallback), (8 bytes).
    Removing py32f040_hal_uart.o(.text.HAL_UART_AbortReceive_IT), (88 bytes).
    Removing py32f040_hal_uart.o(.ARM.exidx.text.HAL_UART_AbortReceive_IT), (8 bytes).
    Removing py32f040_hal_uart.o(.text.UART_DMARxOnlyAbortCallback), (20 bytes).
    Removing py32f040_hal_uart.o(.ARM.exidx.text.UART_DMARxOnlyAbortCallback), (8 bytes).
    Removing py32f040_hal_uart.o(.text.HAL_UART_AbortReceiveCpltCallback), (2 bytes).
    Removing py32f040_hal_uart.o(.ARM.exidx.text.HAL_UART_AbortReceiveCpltCallback), (8 bytes).
    Removing py32f040_hal_uart.o(.text.HAL_UART_IRQHandler), (364 bytes).
    Removing py32f040_hal_uart.o(.ARM.exidx.text.HAL_UART_IRQHandler), (8 bytes).
    Removing py32f040_hal_uart.o(.text.UART_Receive_IT), (108 bytes).
    Removing py32f040_hal_uart.o(.ARM.exidx.text.UART_Receive_IT), (8 bytes).
    Removing py32f040_hal_uart.o(.text.UART_DMAAbortOnError), (16 bytes).
    Removing py32f040_hal_uart.o(.ARM.exidx.text.UART_DMAAbortOnError), (8 bytes).
    Removing py32f040_hal_uart.o(.text.HAL_UART_ErrorCallback), (2 bytes).
    Removing py32f040_hal_uart.o(.ARM.exidx.text.HAL_UART_ErrorCallback), (8 bytes).
    Removing py32f040_hal_uart.o(.text.HAL_UART_IdleFrameDetectCpltCallback), (2 bytes).
    Removing py32f040_hal_uart.o(.ARM.exidx.text.HAL_UART_IdleFrameDetectCpltCallback), (8 bytes).
    Removing py32f040_hal_uart.o(.text.HAL_UART_TxCpltCallback), (2 bytes).
    Removing py32f040_hal_uart.o(.ARM.exidx.text.HAL_UART_TxCpltCallback), (8 bytes).
    Removing py32f040_hal_uart.o(.text.HAL_UART_TxHalfCpltCallback), (2 bytes).
    Removing py32f040_hal_uart.o(.ARM.exidx.text.HAL_UART_TxHalfCpltCallback), (8 bytes).
    Removing py32f040_hal_uart.o(.text.HAL_UART_RxCpltCallback), (2 bytes).
    Removing py32f040_hal_uart.o(.ARM.exidx.text.HAL_UART_RxCpltCallback), (8 bytes).
    Removing py32f040_hal_uart.o(.text.HAL_UART_RxHalfCpltCallback), (2 bytes).
    Removing py32f040_hal_uart.o(.ARM.exidx.text.HAL_UART_RxHalfCpltCallback), (8 bytes).
    Removing py32f040_hal_uart.o(.text.HAL_LIN_SendBreak), (44 bytes).
    Removing py32f040_hal_uart.o(.ARM.exidx.text.HAL_LIN_SendBreak), (8 bytes).
    Removing py32f040_hal_uart.o(.text.HAL_MultiProcessor_EnterMuteMode), (44 bytes).
    Removing py32f040_hal_uart.o(.ARM.exidx.text.HAL_MultiProcessor_EnterMuteMode), (8 bytes).
    Removing py32f040_hal_uart.o(.text.HAL_MultiProcessor_ExitMuteMode), (44 bytes).
    Removing py32f040_hal_uart.o(.ARM.exidx.text.HAL_MultiProcessor_ExitMuteMode), (8 bytes).
    Removing py32f040_hal_uart.o(.text.HAL_HalfDuplex_EnableTransmitter), (48 bytes).
    Removing py32f040_hal_uart.o(.ARM.exidx.text.HAL_HalfDuplex_EnableTransmitter), (8 bytes).
    Removing py32f040_hal_uart.o(.text.HAL_HalfDuplex_EnableReceiver), (48 bytes).
    Removing py32f040_hal_uart.o(.ARM.exidx.text.HAL_HalfDuplex_EnableReceiver), (8 bytes).
    Removing py32f040_hal_uart.o(.text.HAL_UART_GetState), (14 bytes).
    Removing py32f040_hal_uart.o(.ARM.exidx.text.HAL_UART_GetState), (8 bytes).
    Removing py32f040_hal_uart.o(.text.HAL_UART_GetError), (4 bytes).
    Removing py32f040_hal_uart.o(.ARM.exidx.text.HAL_UART_GetError), (8 bytes).
    Removing py32f040_ll_usart.o(.text), (0 bytes).
    Removing py32f040_hal_tim.o(.text), (0 bytes).
    Removing py32f040_hal_tim.o(.text.HAL_TIM_Base_Init), (56 bytes).
    Removing py32f040_hal_tim.o(.ARM.exidx.text.HAL_TIM_Base_Init), (8 bytes).
    Removing py32f040_hal_tim.o(.text.HAL_TIM_Base_MspInit), (2 bytes).
    Removing py32f040_hal_tim.o(.ARM.exidx.text.HAL_TIM_Base_MspInit), (8 bytes).
    Removing py32f040_hal_tim.o(.ARM.exidx.text.TIM_Base_SetConfig), (8 bytes).
    Removing py32f040_hal_tim.o(.text.HAL_TIM_Base_DeInit), (64 bytes).
    Removing py32f040_hal_tim.o(.ARM.exidx.text.HAL_TIM_Base_DeInit), (8 bytes).
    Removing py32f040_hal_tim.o(.text.HAL_TIM_Base_MspDeInit), (2 bytes).
    Removing py32f040_hal_tim.o(.ARM.exidx.text.HAL_TIM_Base_MspDeInit), (8 bytes).
    Removing py32f040_hal_tim.o(.text.HAL_TIM_Base_Start), (36 bytes).
    Removing py32f040_hal_tim.o(.ARM.exidx.text.HAL_TIM_Base_Start), (8 bytes).
    Removing py32f040_hal_tim.o(.text.HAL_TIM_Base_Stop), (52 bytes).
    Removing py32f040_hal_tim.o(.ARM.exidx.text.HAL_TIM_Base_Stop), (8 bytes).
    Removing py32f040_hal_tim.o(.text.HAL_TIM_Base_Start_IT), (30 bytes).
    Removing py32f040_hal_tim.o(.ARM.exidx.text.HAL_TIM_Base_Start_IT), (8 bytes).
    Removing py32f040_hal_tim.o(.text.HAL_TIM_Base_Stop_IT), (44 bytes).
    Removing py32f040_hal_tim.o(.ARM.exidx.text.HAL_TIM_Base_Stop_IT), (8 bytes).
    Removing py32f040_hal_tim.o(.text.HAL_TIM_Base_Start_DMA), (120 bytes).
    Removing py32f040_hal_tim.o(.ARM.exidx.text.HAL_TIM_Base_Start_DMA), (8 bytes).
    Removing py32f040_hal_tim.o(.text.TIM_DMAPeriodElapsedCplt), (16 bytes).
    Removing py32f040_hal_tim.o(.ARM.exidx.text.TIM_DMAPeriodElapsedCplt), (8 bytes).
    Removing py32f040_hal_tim.o(.text.TIM_DMAPeriodElapsedHalfCplt), (16 bytes).
    Removing py32f040_hal_tim.o(.ARM.exidx.text.TIM_DMAPeriodElapsedHalfCplt), (8 bytes).
    Removing py32f040_hal_tim.o(.text.TIM_DMAError), (16 bytes).
    Removing py32f040_hal_tim.o(.ARM.exidx.text.TIM_DMAError), (8 bytes).
    Removing py32f040_hal_tim.o(.text.HAL_TIM_Base_Stop_DMA), (64 bytes).
    Removing py32f040_hal_tim.o(.ARM.exidx.text.HAL_TIM_Base_Stop_DMA), (8 bytes).
    Removing py32f040_hal_tim.o(.text.HAL_TIM_OC_Init), (56 bytes).
    Removing py32f040_hal_tim.o(.ARM.exidx.text.HAL_TIM_OC_Init), (8 bytes).
    Removing py32f040_hal_tim.o(.text.HAL_TIM_OC_MspInit), (2 bytes).
    Removing py32f040_hal_tim.o(.ARM.exidx.text.HAL_TIM_OC_MspInit), (8 bytes).
    Removing py32f040_hal_tim.o(.text.HAL_TIM_OC_DeInit), (64 bytes).
    Removing py32f040_hal_tim.o(.ARM.exidx.text.HAL_TIM_OC_DeInit), (8 bytes).
    Removing py32f040_hal_tim.o(.text.HAL_TIM_OC_MspDeInit), (2 bytes).
    Removing py32f040_hal_tim.o(.ARM.exidx.text.HAL_TIM_OC_MspDeInit), (8 bytes).
    Removing py32f040_hal_tim.o(.text.HAL_TIM_OC_Start), (72 bytes).
    Removing py32f040_hal_tim.o(.ARM.exidx.text.HAL_TIM_OC_Start), (8 bytes).
    Removing py32f040_hal_tim.o(.ARM.exidx.text.TIM_CCxChannelCmd), (8 bytes).
    Removing py32f040_hal_tim.o(.text.HAL_TIM_OC_Stop), (100 bytes).
    Removing py32f040_hal_tim.o(.ARM.exidx.text.HAL_TIM_OC_Stop), (8 bytes).
    Removing py32f040_hal_tim.o(.text.HAL_TIM_OC_Start_IT), (128 bytes).
    Removing py32f040_hal_tim.o(.ARM.exidx.text.HAL_TIM_OC_Start_IT), (8 bytes).
    Removing py32f040_hal_tim.o(.text.HAL_TIM_OC_Stop_IT), (164 bytes).
    Removing py32f040_hal_tim.o(.ARM.exidx.text.HAL_TIM_OC_Stop_IT), (8 bytes).
    Removing py32f040_hal_tim.o(.text.HAL_TIM_OC_Start_DMA), (324 bytes).
    Removing py32f040_hal_tim.o(.ARM.exidx.text.HAL_TIM_OC_Start_DMA), (8 bytes).
    Removing py32f040_hal_tim.o(.text.TIM_DMADelayPulseCplt), (58 bytes).
    Removing py32f040_hal_tim.o(.ARM.exidx.text.TIM_DMADelayPulseCplt), (8 bytes).
    Removing py32f040_hal_tim.o(.text.TIM_DMADelayPulseHalfCplt), (58 bytes).
    Removing py32f040_hal_tim.o(.ARM.exidx.text.TIM_DMADelayPulseHalfCplt), (8 bytes).
    Removing py32f040_hal_tim.o(.text.HAL_TIM_OC_Stop_DMA), (200 bytes).
    Removing py32f040_hal_tim.o(.ARM.exidx.text.HAL_TIM_OC_Stop_DMA), (8 bytes).
    Removing py32f040_hal_tim.o(.ARM.exidx.text.HAL_TIM_PWM_Init), (8 bytes).
    Removing py32f040_hal_tim.o(.ARM.exidx.text.HAL_TIM_PWM_MspInit), (8 bytes).
    Removing py32f040_hal_tim.o(.text.HAL_TIM_PWM_DeInit), (64 bytes).
    Removing py32f040_hal_tim.o(.ARM.exidx.text.HAL_TIM_PWM_DeInit), (8 bytes).
    Removing py32f040_hal_tim.o(.text.HAL_TIM_PWM_MspDeInit), (2 bytes).
    Removing py32f040_hal_tim.o(.ARM.exidx.text.HAL_TIM_PWM_MspDeInit), (8 bytes).
    Removing py32f040_hal_tim.o(.ARM.exidx.text.HAL_TIM_PWM_Start), (8 bytes).
    Removing py32f040_hal_tim.o(.text.HAL_TIM_PWM_Stop), (108 bytes).
    Removing py32f040_hal_tim.o(.ARM.exidx.text.HAL_TIM_PWM_Stop), (8 bytes).
    Removing py32f040_hal_tim.o(.text.HAL_TIM_PWM_Start_IT), (128 bytes).
    Removing py32f040_hal_tim.o(.ARM.exidx.text.HAL_TIM_PWM_Start_IT), (8 bytes).
    Removing py32f040_hal_tim.o(.text.HAL_TIM_PWM_Stop_IT), (164 bytes).
    Removing py32f040_hal_tim.o(.ARM.exidx.text.HAL_TIM_PWM_Stop_IT), (8 bytes).
    Removing py32f040_hal_tim.o(.text.HAL_TIM_PWM_Start_DMA), (324 bytes).
    Removing py32f040_hal_tim.o(.ARM.exidx.text.HAL_TIM_PWM_Start_DMA), (8 bytes).
    Removing py32f040_hal_tim.o(.text.HAL_TIM_PWM_Stop_DMA), (200 bytes).
    Removing py32f040_hal_tim.o(.ARM.exidx.text.HAL_TIM_PWM_Stop_DMA), (8 bytes).
    Removing py32f040_hal_tim.o(.text.HAL_TIM_IC_Init), (56 bytes).
    Removing py32f040_hal_tim.o(.ARM.exidx.text.HAL_TIM_IC_Init), (8 bytes).
    Removing py32f040_hal_tim.o(.text.HAL_TIM_IC_MspInit), (2 bytes).
    Removing py32f040_hal_tim.o(.ARM.exidx.text.HAL_TIM_IC_MspInit), (8 bytes).
    Removing py32f040_hal_tim.o(.text.HAL_TIM_IC_DeInit), (64 bytes).
    Removing py32f040_hal_tim.o(.ARM.exidx.text.HAL_TIM_IC_DeInit), (8 bytes).
    Removing py32f040_hal_tim.o(.text.HAL_TIM_IC_MspDeInit), (2 bytes).
    Removing py32f040_hal_tim.o(.ARM.exidx.text.HAL_TIM_IC_MspDeInit), (8 bytes).
    Removing py32f040_hal_tim.o(.text.HAL_TIM_IC_Start), (36 bytes).
    Removing py32f040_hal_tim.o(.ARM.exidx.text.HAL_TIM_IC_Start), (8 bytes).
    Removing py32f040_hal_tim.o(.text.HAL_TIM_IC_Stop), (52 bytes).
    Removing py32f040_hal_tim.o(.ARM.exidx.text.HAL_TIM_IC_Stop), (8 bytes).
    Removing py32f040_hal_tim.o(.text.HAL_TIM_IC_Start_IT), (94 bytes).
    Removing py32f040_hal_tim.o(.ARM.exidx.text.HAL_TIM_IC_Start_IT), (8 bytes).
    Removing py32f040_hal_tim.o(.text.HAL_TIM_IC_Stop_IT), (112 bytes).
    Removing py32f040_hal_tim.o(.ARM.exidx.text.HAL_TIM_IC_Stop_IT), (8 bytes).
    Removing py32f040_hal_tim.o(.text.HAL_TIM_IC_Start_DMA), (276 bytes).
    Removing py32f040_hal_tim.o(.ARM.exidx.text.HAL_TIM_IC_Start_DMA), (8 bytes).
    Removing py32f040_hal_tim.o(.text.TIM_DMACaptureCplt), (58 bytes).
    Removing py32f040_hal_tim.o(.ARM.exidx.text.TIM_DMACaptureCplt), (8 bytes).
    Removing py32f040_hal_tim.o(.text.TIM_DMACaptureHalfCplt), (58 bytes).
    Removing py32f040_hal_tim.o(.ARM.exidx.text.TIM_DMACaptureHalfCplt), (8 bytes).
    Removing py32f040_hal_tim.o(.text.HAL_TIM_IC_Stop_DMA), (148 bytes).
    Removing py32f040_hal_tim.o(.ARM.exidx.text.HAL_TIM_IC_Stop_DMA), (8 bytes).
    Removing py32f040_hal_tim.o(.text.HAL_TIM_OnePulse_Init), (74 bytes).
    Removing py32f040_hal_tim.o(.ARM.exidx.text.HAL_TIM_OnePulse_Init), (8 bytes).
    Removing py32f040_hal_tim.o(.text.HAL_TIM_OnePulse_MspInit), (2 bytes).
    Removing py32f040_hal_tim.o(.ARM.exidx.text.HAL_TIM_OnePulse_MspInit), (8 bytes).
    Removing py32f040_hal_tim.o(.text.HAL_TIM_OnePulse_DeInit), (64 bytes).
    Removing py32f040_hal_tim.o(.ARM.exidx.text.HAL_TIM_OnePulse_DeInit), (8 bytes).
    Removing py32f040_hal_tim.o(.text.HAL_TIM_OnePulse_MspDeInit), (2 bytes).
    Removing py32f040_hal_tim.o(.ARM.exidx.text.HAL_TIM_OnePulse_MspDeInit), (8 bytes).
    Removing py32f040_hal_tim.o(.text.HAL_TIM_OnePulse_Start), (68 bytes).
    Removing py32f040_hal_tim.o(.ARM.exidx.text.HAL_TIM_OnePulse_Start), (8 bytes).
    Removing py32f040_hal_tim.o(.text.HAL_TIM_OnePulse_Stop), (116 bytes).
    Removing py32f040_hal_tim.o(.ARM.exidx.text.HAL_TIM_OnePulse_Stop), (8 bytes).
    Removing py32f040_hal_tim.o(.text.HAL_TIM_OnePulse_Start_IT), (84 bytes).
    Removing py32f040_hal_tim.o(.ARM.exidx.text.HAL_TIM_OnePulse_Start_IT), (8 bytes).
    Removing py32f040_hal_tim.o(.text.HAL_TIM_OnePulse_Stop_IT), (132 bytes).
    Removing py32f040_hal_tim.o(.ARM.exidx.text.HAL_TIM_OnePulse_Stop_IT), (8 bytes).
    Removing py32f040_hal_tim.o(.text.HAL_TIM_Encoder_Init), (184 bytes).
    Removing py32f040_hal_tim.o(.ARM.exidx.text.HAL_TIM_Encoder_Init), (8 bytes).
    Removing py32f040_hal_tim.o(.text.HAL_TIM_Encoder_MspInit), (2 bytes).
    Removing py32f040_hal_tim.o(.ARM.exidx.text.HAL_TIM_Encoder_MspInit), (8 bytes).
    Removing py32f040_hal_tim.o(.text.HAL_TIM_Encoder_DeInit), (64 bytes).
    Removing py32f040_hal_tim.o(.ARM.exidx.text.HAL_TIM_Encoder_DeInit), (8 bytes).
    Removing py32f040_hal_tim.o(.text.HAL_TIM_Encoder_MspDeInit), (2 bytes).
    Removing py32f040_hal_tim.o(.ARM.exidx.text.HAL_TIM_Encoder_MspDeInit), (8 bytes).
    Removing py32f040_hal_tim.o(.text.HAL_TIM_Encoder_Start), (62 bytes).
    Removing py32f040_hal_tim.o(.ARM.exidx.text.HAL_TIM_Encoder_Start), (8 bytes).
    Removing py32f040_hal_tim.o(.text.HAL_TIM_Encoder_Stop), (88 bytes).
    Removing py32f040_hal_tim.o(.ARM.exidx.text.HAL_TIM_Encoder_Stop), (8 bytes).
    Removing py32f040_hal_tim.o(.text.HAL_TIM_Encoder_Start_IT), (96 bytes).
    Removing py32f040_hal_tim.o(.ARM.exidx.text.HAL_TIM_Encoder_Start_IT), (8 bytes).
    Removing py32f040_hal_tim.o(.text.HAL_TIM_Encoder_Stop_IT), (132 bytes).
    Removing py32f040_hal_tim.o(.ARM.exidx.text.HAL_TIM_Encoder_Stop_IT), (8 bytes).
    Removing py32f040_hal_tim.o(.text.HAL_TIM_Encoder_Start_DMA), (348 bytes).
    Removing py32f040_hal_tim.o(.ARM.exidx.text.HAL_TIM_Encoder_Start_DMA), (8 bytes).
    Removing py32f040_hal_tim.o(.text.HAL_TIM_Encoder_Stop_DMA), (160 bytes).
    Removing py32f040_hal_tim.o(.ARM.exidx.text.HAL_TIM_Encoder_Stop_DMA), (8 bytes).
    Removing py32f040_hal_tim.o(.text.HAL_TIM_IRQHandler), (328 bytes).
    Removing py32f040_hal_tim.o(.ARM.exidx.text.HAL_TIM_IRQHandler), (8 bytes).
    Removing py32f040_hal_tim.o(.text.HAL_TIM_IC_CaptureCallback), (2 bytes).
    Removing py32f040_hal_tim.o(.ARM.exidx.text.HAL_TIM_IC_CaptureCallback), (8 bytes).
    Removing py32f040_hal_tim.o(.text.HAL_TIM_OC_DelayElapsedCallback), (2 bytes).
    Removing py32f040_hal_tim.o(.ARM.exidx.text.HAL_TIM_OC_DelayElapsedCallback), (8 bytes).
    Removing py32f040_hal_tim.o(.text.HAL_TIM_PWM_PulseFinishedCallback), (2 bytes).
    Removing py32f040_hal_tim.o(.ARM.exidx.text.HAL_TIM_PWM_PulseFinishedCallback), (8 bytes).
    Removing py32f040_hal_tim.o(.text.HAL_TIM_PeriodElapsedCallback), (2 bytes).
    Removing py32f040_hal_tim.o(.ARM.exidx.text.HAL_TIM_PeriodElapsedCallback), (8 bytes).
    Removing py32f040_hal_tim.o(.text.HAL_TIM_TriggerCallback), (2 bytes).
    Removing py32f040_hal_tim.o(.ARM.exidx.text.HAL_TIM_TriggerCallback), (8 bytes).
    Removing py32f040_hal_tim.o(.text.HAL_TIM_OC_ConfigChannel), (90 bytes).
    Removing py32f040_hal_tim.o(.ARM.exidx.text.HAL_TIM_OC_ConfigChannel), (8 bytes).
    Removing py32f040_hal_tim.o(.ARM.exidx.text.TIM_OC1_SetConfig), (8 bytes).
    Removing py32f040_hal_tim.o(.ARM.exidx.text.TIM_OC2_SetConfig), (8 bytes).
    Removing py32f040_hal_tim.o(.ARM.exidx.text.TIM_OC3_SetConfig), (8 bytes).
    Removing py32f040_hal_tim.o(.ARM.exidx.text.TIM_OC4_SetConfig), (8 bytes).
    Removing py32f040_hal_tim.o(.text.HAL_TIM_IC_ConfigChannel), (264 bytes).
    Removing py32f040_hal_tim.o(.ARM.exidx.text.HAL_TIM_IC_ConfigChannel), (8 bytes).
    Removing py32f040_hal_tim.o(.text.TIM_TI1_SetConfig), (68 bytes).
    Removing py32f040_hal_tim.o(.ARM.exidx.text.TIM_TI1_SetConfig), (8 bytes).
    Removing py32f040_hal_tim.o(.text.TIM_TI2_SetConfig), (56 bytes).
    Removing py32f040_hal_tim.o(.ARM.exidx.text.TIM_TI2_SetConfig), (8 bytes).
    Removing py32f040_hal_tim.o(.ARM.exidx.text.HAL_TIM_PWM_ConfigChannel), (8 bytes).
    Removing py32f040_hal_tim.o(.text.HAL_TIM_OnePulse_ConfigChannel), (208 bytes).
    Removing py32f040_hal_tim.o(.ARM.exidx.text.HAL_TIM_OnePulse_ConfigChannel), (8 bytes).
    Removing py32f040_hal_tim.o(.text.HAL_TIM_DMABurst_WriteStart), (20 bytes).
    Removing py32f040_hal_tim.o(.ARM.exidx.text.HAL_TIM_DMABurst_WriteStart), (8 bytes).
    Removing py32f040_hal_tim.o(.text.HAL_TIM_DMABurst_MultiWriteStart), (332 bytes).
    Removing py32f040_hal_tim.o(.ARM.exidx.text.HAL_TIM_DMABurst_MultiWriteStart), (8 bytes).
    Removing py32f040_hal_tim.o(.text.TIM_DMATriggerCplt), (16 bytes).
    Removing py32f040_hal_tim.o(.ARM.exidx.text.TIM_DMATriggerCplt), (8 bytes).
    Removing py32f040_hal_tim.o(.text.TIM_DMATriggerHalfCplt), (16 bytes).
    Removing py32f040_hal_tim.o(.ARM.exidx.text.TIM_DMATriggerHalfCplt), (8 bytes).
    Removing py32f040_hal_tim.o(.text.HAL_TIM_DMABurst_WriteStop), (114 bytes).
    Removing py32f040_hal_tim.o(.ARM.exidx.text.HAL_TIM_DMABurst_WriteStop), (8 bytes).
    Removing py32f040_hal_tim.o(.text.HAL_TIM_DMABurst_ReadStart), (20 bytes).
    Removing py32f040_hal_tim.o(.ARM.exidx.text.HAL_TIM_DMABurst_ReadStart), (8 bytes).
    Removing py32f040_hal_tim.o(.text.HAL_TIM_DMABurst_MultiReadStart), (332 bytes).
    Removing py32f040_hal_tim.o(.ARM.exidx.text.HAL_TIM_DMABurst_MultiReadStart), (8 bytes).
    Removing py32f040_hal_tim.o(.text.HAL_TIM_DMABurst_ReadStop), (114 bytes).
    Removing py32f040_hal_tim.o(.ARM.exidx.text.HAL_TIM_DMABurst_ReadStop), (8 bytes).
    Removing py32f040_hal_tim.o(.text.HAL_TIM_GenerateEvent), (38 bytes).
    Removing py32f040_hal_tim.o(.ARM.exidx.text.HAL_TIM_GenerateEvent), (8 bytes).
    Removing py32f040_hal_tim.o(.text.HAL_TIM_ConfigOCrefClear), (236 bytes).
    Removing py32f040_hal_tim.o(.ARM.exidx.text.HAL_TIM_ConfigOCrefClear), (8 bytes).
    Removing py32f040_hal_tim.o(.text.TIM_ETR_SetConfig), (22 bytes).
    Removing py32f040_hal_tim.o(.ARM.exidx.text.TIM_ETR_SetConfig), (8 bytes).
    Removing py32f040_hal_tim.o(.text.HAL_TIM_ConfigClockSource), (248 bytes).
    Removing py32f040_hal_tim.o(.ARM.exidx.text.HAL_TIM_ConfigClockSource), (8 bytes).
    Removing py32f040_hal_tim.o(.text.TIM_TI1_ConfigInputStage), (34 bytes).
    Removing py32f040_hal_tim.o(.ARM.exidx.text.TIM_TI1_ConfigInputStage), (8 bytes).
    Removing py32f040_hal_tim.o(.text.TIM_TI2_ConfigInputStage), (38 bytes).
    Removing py32f040_hal_tim.o(.ARM.exidx.text.TIM_TI2_ConfigInputStage), (8 bytes).
    Removing py32f040_hal_tim.o(.text.HAL_TIM_ConfigTI1Input), (16 bytes).
    Removing py32f040_hal_tim.o(.ARM.exidx.text.HAL_TIM_ConfigTI1Input), (8 bytes).
    Removing py32f040_hal_tim.o(.text.HAL_TIM_SlaveConfigSynchro), (76 bytes).
    Removing py32f040_hal_tim.o(.ARM.exidx.text.HAL_TIM_SlaveConfigSynchro), (8 bytes).
    Removing py32f040_hal_tim.o(.text.TIM_SlaveTimer_SetConfig), (136 bytes).
    Removing py32f040_hal_tim.o(.ARM.exidx.text.TIM_SlaveTimer_SetConfig), (8 bytes).
    Removing py32f040_hal_tim.o(.text.HAL_TIM_SlaveConfigSynchro_IT), (76 bytes).
    Removing py32f040_hal_tim.o(.ARM.exidx.text.HAL_TIM_SlaveConfigSynchro_IT), (8 bytes).
    Removing py32f040_hal_tim.o(.text.HAL_TIM_ReadCapturedValue), (50 bytes).
    Removing py32f040_hal_tim.o(.ARM.exidx.text.HAL_TIM_ReadCapturedValue), (8 bytes).
    Removing py32f040_hal_tim.o(.text.HAL_TIM_PeriodElapsedHalfCpltCallback), (2 bytes).
    Removing py32f040_hal_tim.o(.ARM.exidx.text.HAL_TIM_PeriodElapsedHalfCpltCallback), (8 bytes).
    Removing py32f040_hal_tim.o(.text.HAL_TIM_IC_CaptureHalfCpltCallback), (2 bytes).
    Removing py32f040_hal_tim.o(.ARM.exidx.text.HAL_TIM_IC_CaptureHalfCpltCallback), (8 bytes).
    Removing py32f040_hal_tim.o(.text.HAL_TIM_PWM_PulseFinishedHalfCpltCallback), (2 bytes).
    Removing py32f040_hal_tim.o(.ARM.exidx.text.HAL_TIM_PWM_PulseFinishedHalfCpltCallback), (8 bytes).
    Removing py32f040_hal_tim.o(.text.HAL_TIM_TriggerHalfCpltCallback), (2 bytes).
    Removing py32f040_hal_tim.o(.ARM.exidx.text.HAL_TIM_TriggerHalfCpltCallback), (8 bytes).
    Removing py32f040_hal_tim.o(.text.HAL_TIM_ErrorCallback), (2 bytes).
    Removing py32f040_hal_tim.o(.ARM.exidx.text.HAL_TIM_ErrorCallback), (8 bytes).
    Removing py32f040_hal_tim.o(.text.HAL_TIM_Base_GetState), (6 bytes).
    Removing py32f040_hal_tim.o(.ARM.exidx.text.HAL_TIM_Base_GetState), (8 bytes).
    Removing py32f040_hal_tim.o(.text.HAL_TIM_OC_GetState), (6 bytes).
    Removing py32f040_hal_tim.o(.ARM.exidx.text.HAL_TIM_OC_GetState), (8 bytes).
    Removing py32f040_hal_tim.o(.text.HAL_TIM_PWM_GetState), (6 bytes).
    Removing py32f040_hal_tim.o(.ARM.exidx.text.HAL_TIM_PWM_GetState), (8 bytes).
    Removing py32f040_hal_tim.o(.text.HAL_TIM_IC_GetState), (6 bytes).
    Removing py32f040_hal_tim.o(.ARM.exidx.text.HAL_TIM_IC_GetState), (8 bytes).
    Removing py32f040_hal_tim.o(.text.HAL_TIM_OnePulse_GetState), (6 bytes).
    Removing py32f040_hal_tim.o(.ARM.exidx.text.HAL_TIM_OnePulse_GetState), (8 bytes).
    Removing py32f040_hal_tim.o(.text.HAL_TIM_Encoder_GetState), (6 bytes).
    Removing py32f040_hal_tim.o(.ARM.exidx.text.HAL_TIM_Encoder_GetState), (8 bytes).
    Removing py32f040_hal_tim_ex.o(.text), (0 bytes).
    Removing py32f040_hal_tim_ex.o(.text.HAL_TIMEx_HallSensor_Init), (178 bytes).
    Removing py32f040_hal_tim_ex.o(.ARM.exidx.text.HAL_TIMEx_HallSensor_Init), (8 bytes).
    Removing py32f040_hal_tim_ex.o(.text.HAL_TIMEx_HallSensor_MspInit), (2 bytes).
    Removing py32f040_hal_tim_ex.o(.ARM.exidx.text.HAL_TIMEx_HallSensor_MspInit), (8 bytes).
    Removing py32f040_hal_tim_ex.o(.text.HAL_TIMEx_HallSensor_DeInit), (64 bytes).
    Removing py32f040_hal_tim_ex.o(.ARM.exidx.text.HAL_TIMEx_HallSensor_DeInit), (8 bytes).
    Removing py32f040_hal_tim_ex.o(.text.HAL_TIMEx_HallSensor_MspDeInit), (2 bytes).
    Removing py32f040_hal_tim_ex.o(.ARM.exidx.text.HAL_TIMEx_HallSensor_MspDeInit), (8 bytes).
    Removing py32f040_hal_tim_ex.o(.text.HAL_TIMEx_HallSensor_Start), (38 bytes).
    Removing py32f040_hal_tim_ex.o(.ARM.exidx.text.HAL_TIMEx_HallSensor_Start), (8 bytes).
    Removing py32f040_hal_tim_ex.o(.text.HAL_TIMEx_HallSensor_Stop), (52 bytes).
    Removing py32f040_hal_tim_ex.o(.ARM.exidx.text.HAL_TIMEx_HallSensor_Stop), (8 bytes).
    Removing py32f040_hal_tim_ex.o(.text.HAL_TIMEx_HallSensor_Start_IT), (46 bytes).
    Removing py32f040_hal_tim_ex.o(.ARM.exidx.text.HAL_TIMEx_HallSensor_Start_IT), (8 bytes).
    Removing py32f040_hal_tim_ex.o(.text.HAL_TIMEx_HallSensor_Stop_IT), (60 bytes).
    Removing py32f040_hal_tim_ex.o(.ARM.exidx.text.HAL_TIMEx_HallSensor_Stop_IT), (8 bytes).
    Removing py32f040_hal_tim_ex.o(.text.HAL_TIMEx_HallSensor_Start_DMA), (144 bytes).
    Removing py32f040_hal_tim_ex.o(.ARM.exidx.text.HAL_TIMEx_HallSensor_Start_DMA), (8 bytes).
    Removing py32f040_hal_tim_ex.o(.text.HAL_TIMEx_HallSensor_Stop_DMA), (68 bytes).
    Removing py32f040_hal_tim_ex.o(.ARM.exidx.text.HAL_TIMEx_HallSensor_Stop_DMA), (8 bytes).
    Removing py32f040_hal_tim_ex.o(.text.HAL_TIMEx_OCN_Start), (44 bytes).
    Removing py32f040_hal_tim_ex.o(.ARM.exidx.text.HAL_TIMEx_OCN_Start), (8 bytes).
    Removing py32f040_hal_tim_ex.o(.text.TIM_CCxNChannelCmd), (26 bytes).
    Removing py32f040_hal_tim_ex.o(.ARM.exidx.text.TIM_CCxNChannelCmd), (8 bytes).
    Removing py32f040_hal_tim_ex.o(.text.HAL_TIMEx_OCN_Stop), (76 bytes).
    Removing py32f040_hal_tim_ex.o(.ARM.exidx.text.HAL_TIMEx_OCN_Stop), (8 bytes).
    Removing py32f040_hal_tim_ex.o(.text.HAL_TIMEx_OCN_Start_IT), (92 bytes).
    Removing py32f040_hal_tim_ex.o(.ARM.exidx.text.HAL_TIMEx_OCN_Start_IT), (8 bytes).
    Removing py32f040_hal_tim_ex.o(.text.HAL_TIMEx_OCN_Stop_IT), (128 bytes).
    Removing py32f040_hal_tim_ex.o(.ARM.exidx.text.HAL_TIMEx_OCN_Stop_IT), (8 bytes).
    Removing py32f040_hal_tim_ex.o(.text.HAL_TIMEx_OCN_Start_DMA), (244 bytes).
    Removing py32f040_hal_tim_ex.o(.ARM.exidx.text.HAL_TIMEx_OCN_Start_DMA), (8 bytes).
    Removing py32f040_hal_tim_ex.o(.text.HAL_TIMEx_OCN_Stop_DMA), (148 bytes).
    Removing py32f040_hal_tim_ex.o(.ARM.exidx.text.HAL_TIMEx_OCN_Stop_DMA), (8 bytes).
    Removing py32f040_hal_tim_ex.o(.text.HAL_TIMEx_PWMN_Start), (44 bytes).
    Removing py32f040_hal_tim_ex.o(.ARM.exidx.text.HAL_TIMEx_PWMN_Start), (8 bytes).
    Removing py32f040_hal_tim_ex.o(.text.HAL_TIMEx_PWMN_Stop), (76 bytes).
    Removing py32f040_hal_tim_ex.o(.ARM.exidx.text.HAL_TIMEx_PWMN_Stop), (8 bytes).
    Removing py32f040_hal_tim_ex.o(.text.HAL_TIMEx_PWMN_Start_IT), (92 bytes).
    Removing py32f040_hal_tim_ex.o(.ARM.exidx.text.HAL_TIMEx_PWMN_Start_IT), (8 bytes).
    Removing py32f040_hal_tim_ex.o(.text.HAL_TIMEx_PWMN_Stop_IT), (128 bytes).
    Removing py32f040_hal_tim_ex.o(.ARM.exidx.text.HAL_TIMEx_PWMN_Stop_IT), (8 bytes).
    Removing py32f040_hal_tim_ex.o(.text.HAL_TIMEx_PWMN_Start_DMA), (244 bytes).
    Removing py32f040_hal_tim_ex.o(.ARM.exidx.text.HAL_TIMEx_PWMN_Start_DMA), (8 bytes).
    Removing py32f040_hal_tim_ex.o(.text.HAL_TIMEx_PWMN_Stop_DMA), (148 bytes).
    Removing py32f040_hal_tim_ex.o(.ARM.exidx.text.HAL_TIMEx_PWMN_Stop_DMA), (8 bytes).
    Removing py32f040_hal_tim_ex.o(.text.HAL_TIMEx_OnePulseN_Start), (28 bytes).
    Removing py32f040_hal_tim_ex.o(.ARM.exidx.text.HAL_TIMEx_OnePulseN_Start), (8 bytes).
    Removing py32f040_hal_tim_ex.o(.text.HAL_TIMEx_OnePulseN_Stop), (76 bytes).
    Removing py32f040_hal_tim_ex.o(.ARM.exidx.text.HAL_TIMEx_OnePulseN_Stop), (8 bytes).
    Removing py32f040_hal_tim_ex.o(.text.HAL_TIMEx_OnePulseN_Start_IT), (42 bytes).
    Removing py32f040_hal_tim_ex.o(.ARM.exidx.text.HAL_TIMEx_OnePulseN_Start_IT), (8 bytes).
    Removing py32f040_hal_tim_ex.o(.text.HAL_TIMEx_OnePulseN_Stop_IT), (92 bytes).
    Removing py32f040_hal_tim_ex.o(.ARM.exidx.text.HAL_TIMEx_OnePulseN_Stop_IT), (8 bytes).
    Removing py32f040_hal_tim_ex.o(.text.HAL_TIMEx_ConfigCommutEvent), (80 bytes).
    Removing py32f040_hal_tim_ex.o(.ARM.exidx.text.HAL_TIMEx_ConfigCommutEvent), (8 bytes).
    Removing py32f040_hal_tim_ex.o(.text.HAL_TIMEx_ConfigCommutEvent_IT), (88 bytes).
    Removing py32f040_hal_tim_ex.o(.ARM.exidx.text.HAL_TIMEx_ConfigCommutEvent_IT), (8 bytes).
    Removing py32f040_hal_tim_ex.o(.text.HAL_TIMEx_ConfigCommutEvent_DMA), (124 bytes).
    Removing py32f040_hal_tim_ex.o(.ARM.exidx.text.HAL_TIMEx_ConfigCommutEvent_DMA), (8 bytes).
    Removing py32f040_hal_tim_ex.o(.text.TIMEx_DMACommutationCplt), (16 bytes).
    Removing py32f040_hal_tim_ex.o(.ARM.exidx.text.TIMEx_DMACommutationCplt), (8 bytes).
    Removing py32f040_hal_tim_ex.o(.text.TIMEx_DMACommutationHalfCplt), (16 bytes).
    Removing py32f040_hal_tim_ex.o(.ARM.exidx.text.TIMEx_DMACommutationHalfCplt), (8 bytes).
    Removing py32f040_hal_tim_ex.o(.text.HAL_TIMEx_MasterConfigSynchronization), (84 bytes).
    Removing py32f040_hal_tim_ex.o(.ARM.exidx.text.HAL_TIMEx_MasterConfigSynchronization), (8 bytes).
    Removing py32f040_hal_tim_ex.o(.text.HAL_TIMEx_ConfigBreakDeadTime), (88 bytes).
    Removing py32f040_hal_tim_ex.o(.ARM.exidx.text.HAL_TIMEx_ConfigBreakDeadTime), (8 bytes).
    Removing py32f040_hal_tim_ex.o(.text.HAL_TIMEx_RemapConfig), (26 bytes).
    Removing py32f040_hal_tim_ex.o(.ARM.exidx.text.HAL_TIMEx_RemapConfig), (8 bytes).
    Removing py32f040_hal_tim_ex.o(.text.HAL_TIMEx_CommutCallback), (2 bytes).
    Removing py32f040_hal_tim_ex.o(.ARM.exidx.text.HAL_TIMEx_CommutCallback), (8 bytes).
    Removing py32f040_hal_tim_ex.o(.text.HAL_TIMEx_CommutHalfCpltCallback), (2 bytes).
    Removing py32f040_hal_tim_ex.o(.ARM.exidx.text.HAL_TIMEx_CommutHalfCpltCallback), (8 bytes).
    Removing py32f040_hal_tim_ex.o(.text.HAL_TIMEx_BreakCallback), (2 bytes).
    Removing py32f040_hal_tim_ex.o(.ARM.exidx.text.HAL_TIMEx_BreakCallback), (8 bytes).
    Removing py32f040_hal_tim_ex.o(.text.HAL_TIMEx_HallSensor_GetState), (6 bytes).
    Removing py32f040_hal_tim_ex.o(.ARM.exidx.text.HAL_TIMEx_HallSensor_GetState), (8 bytes).
    Removing py32f040_ll_tim.o(.text), (0 bytes).

654 unused section(s) (total 23503 bytes) removed from the image.

==============================================================================

Image Symbol Table

    Local Symbols

    Symbol Name                              Value     Ov Type        Size  Object(Section)

    ../clib/microlib/division.c              0x00000000   Number         0  uidiv.o ABSOLUTE
    ../clib/microlib/init/entry.s            0x00000000   Number         0  entry.o ABSOLUTE
    ../clib/microlib/init/entry.s            0x00000000   Number         0  entry2.o ABSOLUTE
    ../clib/microlib/init/entry.s            0x00000000   Number         0  entry5.o ABSOLUTE
    ../clib/microlib/init/entry.s            0x00000000   Number         0  entry7a.o ABSOLUTE
    ../clib/microlib/init/entry.s            0x00000000   Number         0  entry7b.o ABSOLUTE
    ../clib/microlib/init/entry.s            0x00000000   Number         0  entry8a.o ABSOLUTE
    ../clib/microlib/init/entry.s            0x00000000   Number         0  entry8b.o ABSOLUTE
    ../clib/microlib/init/entry.s            0x00000000   Number         0  entry9a.o ABSOLUTE
    ../clib/microlib/init/entry.s            0x00000000   Number         0  entry9b.o ABSOLUTE
    ../clib/microlib/init/entry.s            0x00000000   Number         0  entry10a.o ABSOLUTE
    ../clib/microlib/init/entry.s            0x00000000   Number         0  entry10b.o ABSOLUTE
    ../clib/microlib/init/entry.s            0x00000000   Number         0  entry11a.o ABSOLUTE
    ../clib/microlib/init/entry.s            0x00000000   Number         0  entry11b.o ABSOLUTE
    ../clib/microlib/string/memset.c         0x00000000   Number         0  memseta.o ABSOLUTE
    dc.s                                     0x00000000   Number         0  dc.o ABSOLUTE
    handlers.s                               0x00000000   Number         0  handlers.o ABSOLUTE
    init.s                                   0x00000000   Number         0  init.o ABSOLUTE
    main.c                                   0x00000000   Number         0  main.o ABSOLUTE
    py32f040_hal.c                           0x00000000   Number         0  py32f040_hal.o ABSOLUTE
    py32f040_hal_cortex.c                    0x00000000   Number         0  py32f040_hal_cortex.o ABSOLUTE
    py32f040_hal_dma.c                       0x00000000   Number         0  py32f040_hal_dma.o ABSOLUTE
    py32f040_hal_gpio.c                      0x00000000   Number         0  py32f040_hal_gpio.o ABSOLUTE
    py32f040_hal_msp.c                       0x00000000   Number         0  py32f040_hal_msp.o ABSOLUTE
    py32f040_hal_pwr.c                       0x00000000   Number         0  py32f040_hal_pwr.o ABSOLUTE
    py32f040_hal_rcc.c                       0x00000000   Number         0  py32f040_hal_rcc.o ABSOLUTE
    py32f040_hal_rcc_ex.c                    0x00000000   Number         0  py32f040_hal_rcc_ex.o ABSOLUTE
    py32f040_hal_tim.c                       0x00000000   Number         0  py32f040_hal_tim.o ABSOLUTE
    py32f040_hal_tim_ex.c                    0x00000000   Number         0  py32f040_hal_tim_ex.o ABSOLUTE
    py32f040_hal_uart.c                      0x00000000   Number         0  py32f040_hal_uart.o ABSOLUTE
    py32f040_it.c                            0x00000000   Number         0  py32f040_it.o ABSOLUTE
    py32f040_ll_tim.c                        0x00000000   Number         0  py32f040_ll_tim.o ABSOLUTE
    py32f040_ll_usart.c                      0x00000000   Number         0  py32f040_ll_usart.o ABSOLUTE
    py32f040xx_Start_Kit.c                   0x00000000   Number         0  py32f040xx_start_kit.o ABSOLUTE
    startup_py32f040xx.s                     0x00000000   Number         0  startup_py32f040xx.o ABSOLUTE
    system_py32f040.c                        0x00000000   Number         0  system_py32f040.o ABSOLUTE
    RESET                                    0x08000000   Section      192  startup_py32f040xx.o(RESET)
    .ARM.Collect$$$$00000000                 0x080000c0   Section        0  entry.o(.ARM.Collect$$$$00000000)
    .ARM.Collect$$$$00000001                 0x080000c0   Section        4  entry2.o(.ARM.Collect$$$$00000001)
    .ARM.Collect$$$$00000004                 0x080000c4   Section        4  entry5.o(.ARM.Collect$$$$00000004)
    .ARM.Collect$$$$00000008                 0x080000c8   Section        0  entry7b.o(.ARM.Collect$$$$00000008)
    .ARM.Collect$$$$0000000A                 0x080000c8   Section        0  entry8b.o(.ARM.Collect$$$$0000000A)
    .ARM.Collect$$$$0000000B                 0x080000c8   Section        8  entry9a.o(.ARM.Collect$$$$0000000B)
    __lit__00000000                          0x080000d0   Data           4  entry2.o(.ARM.Collect$$$$00002712)
    .ARM.Collect$$$$0000000D                 0x080000d0   Section        0  entry10a.o(.ARM.Collect$$$$0000000D)
    .ARM.Collect$$$$0000000F                 0x080000d0   Section        0  entry11a.o(.ARM.Collect$$$$0000000F)
    .ARM.Collect$$$$00002712                 0x080000d0   Section        4  entry2.o(.ARM.Collect$$$$00002712)
    .text                                    0x080000d4   Section       28  startup_py32f040xx.o(.text)
    .text                                    0x080000f0   Section        0  uidiv.o(.text)
    .text                                    0x0800011c   Section        0  memseta.o(.text)
    .text                                    0x08000140   Section       36  init.o(.text)
    [Anonymous Symbol]                       0x08000164   Section        0  main.o(.text.Button_Init)
    [Anonymous Symbol]                       0x08000184   Section        0  main.o(.text.DisplayNumber)
    __arm_cp.9_1                             0x080002b4   Number         4  main.o(.text.DisplayNumber)
    __arm_cp.9_2                             0x080002b8   Number         4  main.o(.text.DisplayNumber)
    [Anonymous Symbol]                       0x080002bc   Section        0  main.o(.text.GPIO_Init)
    __arm_cp.2_1                             0x08000318   Number         4  main.o(.text.GPIO_Init)
    __arm_cp.2_2                             0x0800031c   Number         4  main.o(.text.GPIO_Init)
    __arm_cp.2_4                             0x08000320   Number         4  main.o(.text.GPIO_Init)
    [Anonymous Symbol]                       0x08000324   Section        0  main.o(.text.GPIO_PWM_A9_Init)
    [Anonymous Symbol]                       0x08000358   Section        0  main.o(.text.GPIO_UART1_TX_Init)
    __arm_cp.7_0                             0x08000388   Number         4  main.o(.text.GPIO_UART1_TX_Init)
    [Anonymous Symbol]                       0x0800038c   Section        0  py32f040_hal.o(.text.HAL_Delay)
    [Anonymous Symbol]                       0x080003ac   Section        0  py32f040_hal_gpio.o(.text.HAL_GPIO_Init)
    __arm_cp.0_0                             0x0800051c   Number         4  py32f040_hal_gpio.o(.text.HAL_GPIO_Init)
    __arm_cp.0_1                             0x08000520   Number         4  py32f040_hal_gpio.o(.text.HAL_GPIO_Init)
    __arm_cp.0_2                             0x08000524   Number         4  py32f040_hal_gpio.o(.text.HAL_GPIO_Init)
    __arm_cp.0_3                             0x08000528   Number         4  py32f040_hal_gpio.o(.text.HAL_GPIO_Init)
    __arm_cp.0_4                             0x0800052c   Number         4  py32f040_hal_gpio.o(.text.HAL_GPIO_Init)
    [Anonymous Symbol]                       0x08000530   Section        0  py32f040_hal_gpio.o(.text.HAL_GPIO_ReadPin)
    [Anonymous Symbol]                       0x0800053c   Section        0  py32f040_hal_gpio.o(.text.HAL_GPIO_WritePin)
    [Anonymous Symbol]                       0x0800054c   Section        0  py32f040_hal.o(.text.HAL_GetTick)
    [Anonymous Symbol]                       0x08000554   Section        0  py32f040_hal.o(.text.HAL_IncTick)
    __arm_cp.5_1                             0x08000564   Number         4  py32f040_hal.o(.text.HAL_IncTick)
    [Anonymous Symbol]                       0x08000568   Section        0  py32f040_hal.o(.text.HAL_Init)
    [Anonymous Symbol]                       0x08000580   Section        0  py32f040_hal.o(.text.HAL_InitTick)
    __arm_cp.1_0                             0x080005c0   Number         4  py32f040_hal.o(.text.HAL_InitTick)
    [Anonymous Symbol]                       0x080005c4   Section        0  py32f040_hal_msp.o(.text.HAL_MspInit)
    [Anonymous Symbol]                       0x080005c6   Section        0  py32f040_hal_cortex.o(.text.HAL_NVIC_SetPriority)
    [Anonymous Symbol]                       0x080005d0   Section        0  py32f040_hal_rcc.o(.text.HAL_RCC_ClockConfig)
    __arm_cp.3_0                             0x0800073c   Number         4  py32f040_hal_rcc.o(.text.HAL_RCC_ClockConfig)
    __arm_cp.3_1                             0x08000740   Number         4  py32f040_hal_rcc.o(.text.HAL_RCC_ClockConfig)
    __arm_cp.3_3                             0x08000744   Number         4  py32f040_hal_rcc.o(.text.HAL_RCC_ClockConfig)
    __arm_cp.3_5                             0x08000748   Number         4  py32f040_hal_rcc.o(.text.HAL_RCC_ClockConfig)
    [Anonymous Symbol]                       0x0800074c   Section        0  py32f040_hal_rcc.o(.text.HAL_RCC_GetPCLK1Freq)
    __arm_cp.6_0                             0x08000768   Number         4  py32f040_hal_rcc.o(.text.HAL_RCC_GetPCLK1Freq)
    __arm_cp.6_1                             0x0800076c   Number         4  py32f040_hal_rcc.o(.text.HAL_RCC_GetPCLK1Freq)
    __arm_cp.6_2                             0x08000770   Number         4  py32f040_hal_rcc.o(.text.HAL_RCC_GetPCLK1Freq)
    [Anonymous Symbol]                       0x08000774   Section        0  py32f040_hal_rcc.o(.text.HAL_RCC_GetSysClockFreq)
    __arm_cp.2_0                             0x08000804   Number         4  py32f040_hal_rcc.o(.text.HAL_RCC_GetSysClockFreq)
    __arm_cp.2_1                             0x08000808   Number         4  py32f040_hal_rcc.o(.text.HAL_RCC_GetSysClockFreq)
    __arm_cp.2_3                             0x0800081c   Number         4  py32f040_hal_rcc.o(.text.HAL_RCC_GetSysClockFreq)
    __arm_cp.2_4                             0x08000820   Number         4  py32f040_hal_rcc.o(.text.HAL_RCC_GetSysClockFreq)
    [Anonymous Symbol]                       0x08000824   Section        0  py32f040_hal_rcc.o(.text.HAL_RCC_OscConfig)
    __arm_cp.1_0                             0x08000cc8   Number         4  py32f040_hal_rcc.o(.text.HAL_RCC_OscConfig)
    __arm_cp.1_1                             0x08000ccc   Number         4  py32f040_hal_rcc.o(.text.HAL_RCC_OscConfig)
    __arm_cp.1_2                             0x08000cd0   Number         4  py32f040_hal_rcc.o(.text.HAL_RCC_OscConfig)
    __arm_cp.1_3                             0x08000cd4   Number         4  py32f040_hal_rcc.o(.text.HAL_RCC_OscConfig)
    __arm_cp.1_4                             0x08000cd8   Number         4  py32f040_hal_rcc.o(.text.HAL_RCC_OscConfig)
    __arm_cp.1_5                             0x08000cdc   Number         4  py32f040_hal_rcc.o(.text.HAL_RCC_OscConfig)
    __arm_cp.1_6                             0x08000ce0   Number         4  py32f040_hal_rcc.o(.text.HAL_RCC_OscConfig)
    __arm_cp.1_8                             0x08000cec   Number         4  py32f040_hal_rcc.o(.text.HAL_RCC_OscConfig)
    [Anonymous Symbol]                       0x08000cf0   Section        0  py32f040_hal_cortex.o(.text.HAL_SYSTICK_Config)
    __arm_cp.6_0                             0x08000d18   Number         4  py32f040_hal_cortex.o(.text.HAL_SYSTICK_Config)
    __arm_cp.6_1                             0x08000d1c   Number         4  py32f040_hal_cortex.o(.text.HAL_SYSTICK_Config)
    __arm_cp.6_2                             0x08000d20   Number         4  py32f040_hal_cortex.o(.text.HAL_SYSTICK_Config)
    [Anonymous Symbol]                       0x08000d24   Section        0  py32f040_hal_tim.o(.text.HAL_TIM_PWM_ConfigChannel)
    [Anonymous Symbol]                       0x08000dee   Section        0  py32f040_hal_tim.o(.text.HAL_TIM_PWM_Init)
    [Anonymous Symbol]                       0x08000e26   Section        0  py32f040_hal_tim.o(.text.HAL_TIM_PWM_MspInit)
    [Anonymous Symbol]                       0x08000e28   Section        0  py32f040_hal_tim.o(.text.HAL_TIM_PWM_Start)
    __arm_cp.31_0                            0x08000e6c   Number         4  py32f040_hal_tim.o(.text.HAL_TIM_PWM_Start)
    [Anonymous Symbol]                       0x08000e70   Section        0  py32f040_hal_uart.o(.text.HAL_UART_Init)
    [Anonymous Symbol]                       0x08000ef8   Section        0  py32f040_hal_uart.o(.text.HAL_UART_MspInit)
    [Anonymous Symbol]                       0x08000efc   Section        0  py32f040_hal_uart.o(.text.HAL_UART_Transmit)
    __arm_cp.8_0                             0x08000fdc   Number         4  py32f040_hal_uart.o(.text.HAL_UART_Transmit)
    [Anonymous Symbol]                       0x08000fe0   Section        0  py32f040_it.o(.text.HardFault_Handler)
    [Anonymous Symbol]                       0x08000fe4   Section        0  main.o(.text.LED_Init)
    __arm_cp.3_0                             0x08001038   Number         4  main.o(.text.LED_Init)
    __arm_cp.3_1                             0x0800103c   Number         4  main.o(.text.LED_Init)
    [Anonymous Symbol]                       0x08001040   Section        0  main.o(.text.MX_TIM1_Init)
    __arm_cp.6_1                             0x080010a4   Number         4  main.o(.text.MX_TIM1_Init)
    [Anonymous Symbol]                       0x080010a8   Section        0  main.o(.text.MX_USART1_UART_Init)
    __arm_cp.8_0                             0x080010e4   Number         4  main.o(.text.MX_USART1_UART_Init)
    __arm_cp.8_1                             0x080010e8   Number         4  main.o(.text.MX_USART1_UART_Init)
    __arm_cp.8_2                             0x080010ec   Number         4  main.o(.text.MX_USART1_UART_Init)
    [Anonymous Symbol]                       0x080010f0   Section        0  py32f040_it.o(.text.NMI_Handler)
    [Anonymous Symbol]                       0x080010f2   Section        0  py32f040_it.o(.text.PendSV_Handler)
    [Anonymous Symbol]                       0x080010f4   Section        0  py32f040_it.o(.text.SVC_Handler)
    [Anonymous Symbol]                       0x080010f6   Section        0  py32f040_it.o(.text.SysTick_Handler)
    [Anonymous Symbol]                       0x080010fe   Section        0  main.o(.text.SystemClock_Config)
    [Anonymous Symbol]                       0x08001150   Section        0  system_py32f040.o(.text.SystemInit)
    __arm_cp.1_0                             0x08001178   Number         4  system_py32f040.o(.text.SystemInit)
    __arm_cp.1_1                             0x0800117c   Number         4  system_py32f040.o(.text.SystemInit)
    __arm_cp.1_2                             0x08001180   Number         4  system_py32f040.o(.text.SystemInit)
    __arm_cp.1_3                             0x08001184   Number         4  system_py32f040.o(.text.SystemInit)
    [Anonymous Symbol]                       0x08001188   Section        0  py32f040_hal_tim.o(.text.TIM_Base_SetConfig)
    __arm_cp.2_0                             0x080011ec   Number         4  py32f040_hal_tim.o(.text.TIM_Base_SetConfig)
    __arm_cp.2_1                             0x080011f0   Number         4  py32f040_hal_tim.o(.text.TIM_Base_SetConfig)
    [Anonymous Symbol]                       0x080011f4   Section        0  py32f040_hal_tim.o(.text.TIM_CCxChannelCmd)
    TIM_OC1_SetConfig                        0x08001211   Thumb Code   140  py32f040_hal_tim.o(.text.TIM_OC1_SetConfig)
    [Anonymous Symbol]                       0x08001210   Section        0  py32f040_hal_tim.o(.text.TIM_OC1_SetConfig)
    [Anonymous Symbol]                       0x0800128c   Section        0  py32f040_hal_tim.o(.text.TIM_OC2_SetConfig)
    TIM_OC3_SetConfig                        0x080012f9   Thumb Code   128  py32f040_hal_tim.o(.text.TIM_OC3_SetConfig)
    [Anonymous Symbol]                       0x080012f8   Section        0  py32f040_hal_tim.o(.text.TIM_OC3_SetConfig)
    __arm_cp.76_0                            0x08001364   Number         4  py32f040_hal_tim.o(.text.TIM_OC3_SetConfig)
    __arm_cp.76_1                            0x08001368   Number         4  py32f040_hal_tim.o(.text.TIM_OC3_SetConfig)
    __arm_cp.76_2                            0x0800136c   Number         4  py32f040_hal_tim.o(.text.TIM_OC3_SetConfig)
    __arm_cp.76_3                            0x08001370   Number         4  py32f040_hal_tim.o(.text.TIM_OC3_SetConfig)
    __arm_cp.76_4                            0x08001374   Number         4  py32f040_hal_tim.o(.text.TIM_OC3_SetConfig)
    TIM_OC4_SetConfig                        0x08001379   Thumb Code    92  py32f040_hal_tim.o(.text.TIM_OC4_SetConfig)
    [Anonymous Symbol]                       0x08001378   Section        0  py32f040_hal_tim.o(.text.TIM_OC4_SetConfig)
    __arm_cp.77_0                            0x080013d0   Number         4  py32f040_hal_tim.o(.text.TIM_OC4_SetConfig)
    UART_SetConfig                           0x080013d5   Thumb Code   188  py32f040_hal_uart.o(.text.UART_SetConfig)
    [Anonymous Symbol]                       0x080013d4   Section        0  py32f040_hal_uart.o(.text.UART_SetConfig)
    __arm_cp.2_0                             0x0800148c   Number         4  py32f040_hal_uart.o(.text.UART_SetConfig)
    UART_WaitOnFlagUntilTimeout              0x08001491   Thumb Code    84  py32f040_hal_uart.o(.text.UART_WaitOnFlagUntilTimeout)
    [Anonymous Symbol]                       0x08001490   Section        0  py32f040_hal_uart.o(.text.UART_WaitOnFlagUntilTimeout)
    __NVIC_SetPriority                       0x080014e5   Thumb Code    64  py32f040_hal_cortex.o(.text.__NVIC_SetPriority)
    [Anonymous Symbol]                       0x080014e4   Section        0  py32f040_hal_cortex.o(.text.__NVIC_SetPriority)
    __arm_cp.1_0                             0x0800151c   Number         4  py32f040_hal_cortex.o(.text.__NVIC_SetPriority)
    __arm_cp.1_1                             0x08001520   Number         4  py32f040_hal_cortex.o(.text.__NVIC_SetPriority)
    [Anonymous Symbol]                       0x08001524   Section        0  main.o(.text.main)
    __arm_cp.0_1                             0x0800164c   Number         4  main.o(.text.main)
    __arm_cp.0_2                             0x08001650   Number         4  main.o(.text.main)
    __arm_cp.0_3                             0x08001654   Number         4  main.o(.text.main)
    i.__scatterload_copy                     0x08001658   Section       14  handlers.o(i.__scatterload_copy)
    i.__scatterload_null                     0x08001666   Section        2  handlers.o(i.__scatterload_null)
    i.__scatterload_zeroinit                 0x08001668   Section       14  handlers.o(i.__scatterload_zeroinit)
    [Anonymous Symbol]                       0x08001678   Section        0  py32f040_hal_rcc.o(.rodata..L__const.HAL_RCC_GetSysClockFreq.hsiValue)
    [Anonymous Symbol]                       0x20000000   Section        0  py32f040_hal.o(.data..L_MergedGlobals)
    [Anonymous Symbol]                       0x20000010   Section        0  main.o(.bss..L_MergedGlobals)
    STACK                                    0x200000a8   Section      512  startup_py32f040xx.o(STACK)

    Global Symbols

    Symbol Name                              Value     Ov Type        Size  Object(Section)

    BuildAttributes$$THM_ISAv3M$S$PE$A:L22$X:L11$S22$IEEE1$IW$~IW$USESV6$~STKCKD$USESV7$~SHL$OSPACE$EBA8$MICROLIB$REQ8$PRES8$EABIv2 0x00000000   Number         0  anon$$obj.o ABSOLUTE
    __cpp_initialize__aeabi_                  - Undefined Weak Reference
    __cxa_finalize                            - Undefined Weak Reference
    __decompress                              - Undefined Weak Reference
    _clock_init                               - Undefined Weak Reference
    _microlib_exit                            - Undefined Weak Reference
    __Vectors_Size                           0x000000c0   Number         0  startup_py32f040xx.o ABSOLUTE
    __Vectors                                0x08000000   Data           4  startup_py32f040xx.o(RESET)
    __Vectors_End                            0x080000c0   Data           0  startup_py32f040xx.o(RESET)
    __main                                   0x080000c1   Thumb Code     0  entry.o(.ARM.Collect$$$$00000000)
    _main_stk                                0x080000c1   Thumb Code     0  entry2.o(.ARM.Collect$$$$00000001)
    _main_scatterload                        0x080000c5   Thumb Code     0  entry5.o(.ARM.Collect$$$$00000004)
    __main_after_scatterload                 0x080000c9   Thumb Code     0  entry5.o(.ARM.Collect$$$$00000004)
    _main_clock                              0x080000c9   Thumb Code     0  entry7b.o(.ARM.Collect$$$$00000008)
    _main_cpp_init                           0x080000c9   Thumb Code     0  entry8b.o(.ARM.Collect$$$$0000000A)
    _main_init                               0x080000c9   Thumb Code     0  entry9a.o(.ARM.Collect$$$$0000000B)
    __rt_final_cpp                           0x080000d1   Thumb Code     0  entry10a.o(.ARM.Collect$$$$0000000D)
    __rt_final_exit                          0x080000d1   Thumb Code     0  entry11a.o(.ARM.Collect$$$$0000000F)
    Reset_Handler                            0x080000d5   Thumb Code     8  startup_py32f040xx.o(.text)
    ADC_COMP_IRQHandler                      0x080000e7   Thumb Code     0  startup_py32f040xx.o(.text)
    DMA1_Channel1_IRQHandler                 0x080000e7   Thumb Code     0  startup_py32f040xx.o(.text)
    DMA1_Channel2_3_IRQHandler               0x080000e7   Thumb Code     0  startup_py32f040xx.o(.text)
    DMA1_Channel4_5_6_7_IRQHandler           0x080000e7   Thumb Code     0  startup_py32f040xx.o(.text)
    EXTI0_1_IRQHandler                       0x080000e7   Thumb Code     0  startup_py32f040xx.o(.text)
    EXTI2_3_IRQHandler                       0x080000e7   Thumb Code     0  startup_py32f040xx.o(.text)
    EXTI4_15_IRQHandler                      0x080000e7   Thumb Code     0  startup_py32f040xx.o(.text)
    FLASH_IRQHandler                         0x080000e7   Thumb Code     0  startup_py32f040xx.o(.text)
    I2C1_IRQHandler                          0x080000e7   Thumb Code     0  startup_py32f040xx.o(.text)
    I2C2_IRQHandler                          0x080000e7   Thumb Code     0  startup_py32f040xx.o(.text)
    LCD_IRQHandler                           0x080000e7   Thumb Code     0  startup_py32f040xx.o(.text)
    PVD_IRQHandler                           0x080000e7   Thumb Code     0  startup_py32f040xx.o(.text)
    RCC_IRQHandler                           0x080000e7   Thumb Code     0  startup_py32f040xx.o(.text)
    RTC_IRQHandler                           0x080000e7   Thumb Code     0  startup_py32f040xx.o(.text)
    SPI1_IRQHandler                          0x080000e7   Thumb Code     0  startup_py32f040xx.o(.text)
    SPI2_IRQHandler                          0x080000e7   Thumb Code     0  startup_py32f040xx.o(.text)
    TIM14_IRQHandler                         0x080000e7   Thumb Code     0  startup_py32f040xx.o(.text)
    TIM15_IRQHandler                         0x080000e7   Thumb Code     0  startup_py32f040xx.o(.text)
    TIM16_IRQHandler                         0x080000e7   Thumb Code     0  startup_py32f040xx.o(.text)
    TIM17_IRQHandler                         0x080000e7   Thumb Code     0  startup_py32f040xx.o(.text)
    TIM1_BRK_UP_TRG_COM_IRQHandler           0x080000e7   Thumb Code     0  startup_py32f040xx.o(.text)
    TIM1_CC_IRQHandler                       0x080000e7   Thumb Code     0  startup_py32f040xx.o(.text)
    TIM2_IRQHandler                          0x080000e7   Thumb Code     0  startup_py32f040xx.o(.text)
    TIM3_IRQHandler                          0x080000e7   Thumb Code     0  startup_py32f040xx.o(.text)
    TIM6_LPTIM1_IRQHandler                   0x080000e7   Thumb Code     0  startup_py32f040xx.o(.text)
    TIM7_IRQHandler                          0x080000e7   Thumb Code     0  startup_py32f040xx.o(.text)
    USART1_IRQHandler                        0x080000e7   Thumb Code     0  startup_py32f040xx.o(.text)
    USART2_IRQHandler                        0x080000e7   Thumb Code     0  startup_py32f040xx.o(.text)
    USART3_4_IRQHandler                      0x080000e7   Thumb Code     0  startup_py32f040xx.o(.text)
    WWDG_IRQHandler                          0x080000e7   Thumb Code     0  startup_py32f040xx.o(.text)
    __aeabi_uidiv                            0x080000f1   Thumb Code     0  uidiv.o(.text)
    __aeabi_uidivmod                         0x080000f1   Thumb Code    44  uidiv.o(.text)
    __aeabi_memset                           0x0800011d   Thumb Code    14  memseta.o(.text)
    __aeabi_memset4                          0x0800011d   Thumb Code     0  memseta.o(.text)
    __aeabi_memset8                          0x0800011d   Thumb Code     0  memseta.o(.text)
    __aeabi_memclr                           0x0800012b   Thumb Code     4  memseta.o(.text)
    __aeabi_memclr4                          0x0800012b   Thumb Code     0  memseta.o(.text)
    __aeabi_memclr8                          0x0800012b   Thumb Code     0  memseta.o(.text)
    _memset$wrapper                          0x0800012f   Thumb Code    18  memseta.o(.text)
    __scatterload                            0x08000141   Thumb Code    28  init.o(.text)
    __scatterload_rt2                        0x08000141   Thumb Code     0  init.o(.text)
    Button_Init                              0x08000165   Thumb Code    32  main.o(.text.Button_Init)
    DisplayNumber                            0x08000185   Thumb Code   316  main.o(.text.DisplayNumber)
    GPIO_Init                                0x080002bd   Thumb Code   112  main.o(.text.GPIO_Init)
    GPIO_PWM_A9_Init                         0x08000325   Thumb Code    56  main.o(.text.GPIO_PWM_A9_Init)
    GPIO_UART1_TX_Init                       0x08000359   Thumb Code    56  main.o(.text.GPIO_UART1_TX_Init)
    HAL_Delay                                0x0800038d   Thumb Code    36  py32f040_hal.o(.text.HAL_Delay)
    HAL_GPIO_Init                            0x080003ad   Thumb Code   388  py32f040_hal_gpio.o(.text.HAL_GPIO_Init)
    HAL_GPIO_ReadPin                         0x08000531   Thumb Code    12  py32f040_hal_gpio.o(.text.HAL_GPIO_ReadPin)
    HAL_GPIO_WritePin                        0x0800053d   Thumb Code    14  py32f040_hal_gpio.o(.text.HAL_GPIO_WritePin)
    HAL_GetTick                              0x0800054d   Thumb Code    12  py32f040_hal.o(.text.HAL_GetTick)
    HAL_IncTick                              0x08000555   Thumb Code    24  py32f040_hal.o(.text.HAL_IncTick)
    HAL_Init                                 0x08000569   Thumb Code    24  py32f040_hal.o(.text.HAL_Init)
    HAL_InitTick                             0x08000581   Thumb Code    72  py32f040_hal.o(.text.HAL_InitTick)
    HAL_MspInit                              0x080005c5   Thumb Code     2  py32f040_hal_msp.o(.text.HAL_MspInit)
    HAL_NVIC_SetPriority                     0x080005c7   Thumb Code     8  py32f040_hal_cortex.o(.text.HAL_NVIC_SetPriority)
    HAL_RCC_ClockConfig                      0x080005d1   Thumb Code   388  py32f040_hal_rcc.o(.text.HAL_RCC_ClockConfig)
    HAL_RCC_GetPCLK1Freq                     0x0800074d   Thumb Code    40  py32f040_hal_rcc.o(.text.HAL_RCC_GetPCLK1Freq)
    HAL_RCC_GetSysClockFreq                  0x08000775   Thumb Code   176  py32f040_hal_rcc.o(.text.HAL_RCC_GetSysClockFreq)
    HAL_RCC_OscConfig                        0x08000825   Thumb Code  1228  py32f040_hal_rcc.o(.text.HAL_RCC_OscConfig)
    HAL_SYSTICK_Config                       0x08000cf1   Thumb Code    52  py32f040_hal_cortex.o(.text.HAL_SYSTICK_Config)
    HAL_TIM_PWM_ConfigChannel                0x08000d25   Thumb Code   202  py32f040_hal_tim.o(.text.HAL_TIM_PWM_ConfigChannel)
    HAL_TIM_PWM_Init                         0x08000def   Thumb Code    56  py32f040_hal_tim.o(.text.HAL_TIM_PWM_Init)
    HAL_TIM_PWM_MspInit                      0x08000e27   Thumb Code     2  py32f040_hal_tim.o(.text.HAL_TIM_PWM_MspInit)
    HAL_TIM_PWM_Start                        0x08000e29   Thumb Code    72  py32f040_hal_tim.o(.text.HAL_TIM_PWM_Start)
    HAL_UART_Init                            0x08000e71   Thumb Code   136  py32f040_hal_uart.o(.text.HAL_UART_Init)
    HAL_UART_MspInit                         0x08000ef9   Thumb Code     2  py32f040_hal_uart.o(.text.HAL_UART_MspInit)
    HAL_UART_Transmit                        0x08000efd   Thumb Code   228  py32f040_hal_uart.o(.text.HAL_UART_Transmit)
    HardFault_Handler                        0x08000fe1   Thumb Code     2  py32f040_it.o(.text.HardFault_Handler)
    LED_Init                                 0x08000fe5   Thumb Code    92  main.o(.text.LED_Init)
    MX_TIM1_Init                             0x08001041   Thumb Code   112  main.o(.text.MX_TIM1_Init)
    MX_USART1_UART_Init                      0x080010a9   Thumb Code    72  main.o(.text.MX_USART1_UART_Init)
    NMI_Handler                              0x080010f1   Thumb Code     2  py32f040_it.o(.text.NMI_Handler)
    PendSV_Handler                           0x080010f3   Thumb Code     2  py32f040_it.o(.text.PendSV_Handler)
    SVC_Handler                              0x080010f5   Thumb Code     2  py32f040_it.o(.text.SVC_Handler)
    SysTick_Handler                          0x080010f7   Thumb Code     8  py32f040_it.o(.text.SysTick_Handler)
    SystemClock_Config                       0x080010ff   Thumb Code    80  main.o(.text.SystemClock_Config)
    SystemInit                               0x08001151   Thumb Code    56  system_py32f040.o(.text.SystemInit)
    TIM_Base_SetConfig                       0x08001189   Thumb Code   120  py32f040_hal_tim.o(.text.TIM_Base_SetConfig)
    TIM_CCxChannelCmd                        0x080011f5   Thumb Code    26  py32f040_hal_tim.o(.text.TIM_CCxChannelCmd)
    TIM_OC2_SetConfig                        0x0800128d   Thumb Code   124  py32f040_hal_tim.o(.text.TIM_OC2_SetConfig)
    main                                     0x08001525   Thumb Code   308  main.o(.text.main)
    __scatterload_copy                       0x08001659   Thumb Code    14  handlers.o(i.__scatterload_copy)
    __scatterload_null                       0x08001667   Thumb Code     2  handlers.o(i.__scatterload_null)
    __scatterload_zeroinit                   0x08001669   Thumb Code    14  handlers.o(i.__scatterload_zeroinit)
    AHBPrescTable                            0x0800168c   Data          64  system_py32f040.o(.rodata.AHBPrescTable)
    APBPrescTable                            0x080016cc   Data          32  system_py32f040.o(.rodata.APBPrescTable)
    HSIFreqTable                             0x080016ec   Data          32  system_py32f040.o(.rodata.HSIFreqTable)
    SEGMENT_MAP                              0x0800170c   Data          10  main.o(.rodata.SEGMENT_MAP)
    Region$$Table$$Base                      0x08001718   Number         0  anon$$obj.o(Region$$Table)
    Region$$Table$$Limit                     0x08001738   Number         0  anon$$obj.o(Region$$Table)
    uwTickPrio                               0x20000000   Data           4  py32f040_hal.o(.data..L_MergedGlobals)
    uwTickFreq                               0x20000004   Data           4  py32f040_hal.o(.data..L_MergedGlobals)
    SystemCoreClock                          0x20000008   Data           4  system_py32f040.o(.data.SystemCoreClock)
    counter_running                          0x2000000c   Data           1  main.o(.data.counter_running)
    LedBlink                                 0x20000010   Data           1  main.o(.bss..L_MergedGlobals)
    huart1                                   0x20000014   Data          76  main.o(.bss..L_MergedGlobals)
    htim1                                    0x20000060   Data          64  main.o(.bss.htim1)
    uwTick                                   0x200000a0   Data           4  py32f040_hal.o(.bss.uwTick)
    __initial_sp                             0x200002a8   Data           0  startup_py32f040xx.o(STACK)



==============================================================================

Memory Map of the image

  Image Entry point : 0x080000c1

  Load Region LR_IROM1 (Base: 0x08000000, Size: 0x00001748, Max: 0x00020000, ABSOLUTE)

    Execution Region ER_IROM1 (Exec base: 0x08000000, Load base: 0x08000000, Size: 0x00001738, Max: 0x00020000, ABSOLUTE)

    Exec Addr    Load Addr    Size         Type   Attr      Idx    E Section Name        Object

    0x08000000   0x08000000   0x000000c0   Data   RO            3    RESET               startup_py32f040xx.o
    0x080000c0   0x080000c0   0x00000000   Code   RO          838  * .ARM.Collect$$$$00000000  mc_p.l(entry.o)
    0x080000c0   0x080000c0   0x00000004   Code   RO          845    .ARM.Collect$$$$00000001  mc_p.l(entry2.o)
    0x080000c4   0x080000c4   0x00000004   Code   RO          848    .ARM.Collect$$$$00000004  mc_p.l(entry5.o)
    0x080000c8   0x080000c8   0x00000000   Code   RO          850    .ARM.Collect$$$$00000008  mc_p.l(entry7b.o)
    0x080000c8   0x080000c8   0x00000000   Code   RO          852    .ARM.Collect$$$$0000000A  mc_p.l(entry8b.o)
    0x080000c8   0x080000c8   0x00000008   Code   RO          853    .ARM.Collect$$$$0000000B  mc_p.l(entry9a.o)
    0x080000d0   0x080000d0   0x00000000   Code   RO          855    .ARM.Collect$$$$0000000D  mc_p.l(entry10a.o)
    0x080000d0   0x080000d0   0x00000000   Code   RO          857    .ARM.Collect$$$$0000000F  mc_p.l(entry11a.o)
    0x080000d0   0x080000d0   0x00000004   Code   RO          846    .ARM.Collect$$$$00002712  mc_p.l(entry2.o)
    0x080000d4   0x080000d4   0x0000001c   Code   RO            4    .text               startup_py32f040xx.o
    0x080000f0   0x080000f0   0x0000002c   Code   RO          841    .text               mc_p.l(uidiv.o)
    0x0800011c   0x0800011c   0x00000024   Code   RO          843    .text               mc_p.l(memseta.o)
    0x08000140   0x08000140   0x00000024   Code   RO          859    .text               mc_p.l(init.o)
    0x08000164   0x08000164   0x00000020   Code   RO           36    .text.Button_Init   main.o
    0x08000184   0x08000184   0x00000138   Code   RO           46    .text.DisplayNumber  main.o
    0x080002bc   0x080002bc   0x00000068   Code   RO           32    .text.GPIO_Init     main.o
    0x08000324   0x08000324   0x00000034   Code   RO           38    .text.GPIO_PWM_A9_Init  main.o
    0x08000358   0x08000358   0x00000034   Code   RO           42    .text.GPIO_UART1_TX_Init  main.o
    0x0800038c   0x0800038c   0x00000020   Code   RO          150    .text.HAL_Delay     py32f040_hal.o
    0x080003ac   0x080003ac   0x00000184   Code   RO          275    .text.HAL_GPIO_Init  py32f040_hal_gpio.o
    0x08000530   0x08000530   0x0000000c   Code   RO          279    .text.HAL_GPIO_ReadPin  py32f040_hal_gpio.o
    0x0800053c   0x0800053c   0x0000000e   Code   RO          281    .text.HAL_GPIO_WritePin  py32f040_hal_gpio.o
    0x0800054a   0x0800054a   0x00000002   PAD
    0x0800054c   0x0800054c   0x00000008   Code   RO          142    .text.HAL_GetTick   py32f040_hal.o
    0x08000554   0x08000554   0x00000014   Code   RO          140    .text.HAL_IncTick   py32f040_hal.o
    0x08000568   0x08000568   0x00000018   Code   RO          130    .text.HAL_Init      py32f040_hal.o
    0x08000580   0x08000580   0x00000044   Code   RO          132    .text.HAL_InitTick  py32f040_hal.o
    0x080005c4   0x080005c4   0x00000002   Code   RO           64    .text.HAL_MspInit   py32f040_hal_msp.o
    0x080005c6   0x080005c6   0x00000008   Code   RO          201    .text.HAL_NVIC_SetPriority  py32f040_hal_cortex.o
    0x080005ce   0x080005ce   0x00000002   PAD
    0x080005d0   0x080005d0   0x0000017c   Code   RO          347    .text.HAL_RCC_ClockConfig  py32f040_hal_rcc.o
    0x0800074c   0x0800074c   0x00000028   Code   RO          353    .text.HAL_RCC_GetPCLK1Freq  py32f040_hal_rcc.o
    0x08000774   0x08000774   0x000000b0   Code   RO          345    .text.HAL_RCC_GetSysClockFreq  py32f040_hal_rcc.o
    0x08000824   0x08000824   0x000004cc   Code   RO          343    .text.HAL_RCC_OscConfig  py32f040_hal_rcc.o
    0x08000cf0   0x08000cf0   0x00000034   Code   RO          213    .text.HAL_SYSTICK_Config  py32f040_hal_cortex.o
    0x08000d24   0x08000d24   0x000000ca   Code   RO          678    .text.HAL_TIM_PWM_ConfigChannel  py32f040_hal_tim.o
    0x08000dee   0x08000dee   0x00000038   Code   RO          570    .text.HAL_TIM_PWM_Init  py32f040_hal_tim.o
    0x08000e26   0x08000e26   0x00000002   Code   RO          572    .text.HAL_TIM_PWM_MspInit  py32f040_hal_tim.o
    0x08000e28   0x08000e28   0x00000048   Code   RO          578    .text.HAL_TIM_PWM_Start  py32f040_hal_tim.o
    0x08000e70   0x08000e70   0x00000088   Code   RO          400    .text.HAL_UART_Init  py32f040_hal_uart.o
    0x08000ef8   0x08000ef8   0x00000002   Code   RO          402    .text.HAL_UART_MspInit  py32f040_hal_uart.o
    0x08000efa   0x08000efa   0x00000002   PAD
    0x08000efc   0x08000efc   0x000000e4   Code   RO          416    .text.HAL_UART_Transmit  py32f040_hal_uart.o
    0x08000fe0   0x08000fe0   0x00000002   Code   RO           75    .text.HardFault_Handler  py32f040_it.o
    0x08000fe2   0x08000fe2   0x00000002   PAD
    0x08000fe4   0x08000fe4   0x0000005c   Code   RO           34    .text.LED_Init      main.o
    0x08001040   0x08001040   0x00000068   Code   RO           40    .text.MX_TIM1_Init  main.o
    0x080010a8   0x080010a8   0x00000048   Code   RO           44    .text.MX_USART1_UART_Init  main.o
    0x080010f0   0x080010f0   0x00000002   Code   RO           73    .text.NMI_Handler   py32f040_it.o
    0x080010f2   0x080010f2   0x00000002   Code   RO           79    .text.PendSV_Handler  py32f040_it.o
    0x080010f4   0x080010f4   0x00000002   Code   RO           77    .text.SVC_Handler   py32f040_it.o
    0x080010f6   0x080010f6   0x00000008   Code   RO           81    .text.SysTick_Handler  py32f040_it.o
    0x080010fe   0x080010fe   0x00000050   Code   RO           30    .text.SystemClock_Config  main.o
    0x0800114e   0x0800114e   0x00000002   PAD
    0x08001150   0x08001150   0x00000038   Code   RO           13    .text.SystemInit    system_py32f040.o
    0x08001188   0x08001188   0x0000006c   Code   RO          520    .text.TIM_Base_SetConfig  py32f040_hal_tim.o
    0x080011f4   0x080011f4   0x0000001a   Code   RO          554    .text.TIM_CCxChannelCmd  py32f040_hal_tim.o
    0x0800120e   0x0800120e   0x00000002   PAD
    0x08001210   0x08001210   0x0000007c   Code   RO          664    .text.TIM_OC1_SetConfig  py32f040_hal_tim.o
    0x0800128c   0x0800128c   0x0000006c   Code   RO          666    .text.TIM_OC2_SetConfig  py32f040_hal_tim.o
    0x080012f8   0x080012f8   0x00000080   Code   RO          668    .text.TIM_OC3_SetConfig  py32f040_hal_tim.o
    0x08001378   0x08001378   0x0000005c   Code   RO          670    .text.TIM_OC4_SetConfig  py32f040_hal_tim.o
    0x080013d4   0x080013d4   0x000000bc   Code   RO          404    .text.UART_SetConfig  py32f040_hal_uart.o
    0x08001490   0x08001490   0x00000054   Code   RO          418    .text.UART_WaitOnFlagUntilTimeout  py32f040_hal_uart.o
    0x080014e4   0x080014e4   0x00000040   Code   RO          203    .text.__NVIC_SetPriority  py32f040_hal_cortex.o
    0x08001524   0x08001524   0x00000134   Code   RO           28    .text.main          main.o
    0x08001658   0x08001658   0x0000000e   Code   RO          863    i.__scatterload_copy  mc_p.l(handlers.o)
    0x08001666   0x08001666   0x00000002   Code   RO          864    i.__scatterload_null  mc_p.l(handlers.o)
    0x08001668   0x08001668   0x0000000e   Code   RO          865    i.__scatterload_zeroinit  mc_p.l(handlers.o)
    0x08001676   0x08001676   0x00000002   PAD
    0x08001678   0x08001678   0x00000014   Data   RO          371    .rodata..L__const.HAL_RCC_GetSysClockFreq.hsiValue  py32f040_hal_rcc.o
    0x0800168c   0x0800168c   0x00000040   Data   RO           16    .rodata.AHBPrescTable  system_py32f040.o
    0x080016cc   0x080016cc   0x00000020   Data   RO           17    .rodata.APBPrescTable  system_py32f040.o
    0x080016ec   0x080016ec   0x00000020   Data   RO           18    .rodata.HSIFreqTable  system_py32f040.o
    0x0800170c   0x0800170c   0x0000000a   Data   RO           50    .rodata.SEGMENT_MAP  main.o
    0x08001716   0x08001716   0x00000002   PAD
    0x08001718   0x08001718   0x00000020   Data   RO          862    Region$$Table       anon$$obj.o


    Execution Region RW_IRAM1 (Exec base: 0x20000000, Load base: 0x08001738, Size: 0x000002a8, Max: 0x00004000, ABSOLUTE)

    Exec Addr    Load Addr    Size         Type   Attr      Idx    E Section Name        Object

    0x20000000   0x08001738   0x00000008   Data   RW          191    .data..L_MergedGlobals  py32f040_hal.o
    0x20000008   0x08001740   0x00000004   Data   RW           15    .data.SystemCoreClock  system_py32f040.o
    0x2000000c   0x08001744   0x00000001   Data   RW           51    .data.counter_running  main.o
    0x2000000d   0x08001745   0x00000003   PAD
    0x20000010        -       0x00000050   Zero   RW           54    .bss..L_MergedGlobals  main.o
    0x20000060        -       0x00000040   Zero   RW           52    .bss.htim1          main.o
    0x200000a0        -       0x00000004   Zero   RW          190    .bss.uwTick         py32f040_hal.o
    0x200000a4   0x08001745   0x00000004   PAD
    0x200000a8        -       0x00000200   Zero   RW            1    STACK               startup_py32f040xx.o


==============================================================================

Image component sizes


      Code (inc. data)   RO Data    RW Data    ZI Data      Debug   Object Name

      1208         72         10          1        144       8782   main.o
       152          8          0          8          4       6903   py32f040_hal.o
       124         20          0          0          0       5341   py32f040_hal_cortex.o
       414         20          0          0          0       4199   py32f040_hal_gpio.o
         2          0          0          0          0        359   py32f040_hal_msp.o
      1824        128         20          0          0       8752   py32f040_hal_rcc.o
       918         40          0          0          0      37356   py32f040_hal_tim.o
       638          8          0          0          0      17203   py32f040_hal_uart.o
        16          0          0          0          0        688   py32f040_it.o
        28          8        192          0        512        604   startup_py32f040xx.o
        56         16        128          4          0       2092   system_py32f040.o

    ----------------------------------------------------------------------
      5392        320        384         16        664      92279   Object Totals
         0          0         32          0          0          0   (incl. Generated)
        12          0          2          3          4          0   (incl. Padding)

    ----------------------------------------------------------------------

      Code (inc. data)   RO Data    RW Data    ZI Data      Debug   Library Member Name

         0          0          0          0          0          0   entry.o
         0          0          0          0          0          0   entry10a.o
         0          0          0          0          0          0   entry11a.o
         8          4          0          0          0          0   entry2.o
         4          0          0          0          0          0   entry5.o
         0          0          0          0          0          0   entry7b.o
         0          0          0          0          0          0   entry8b.o
         8          4          0          0          0          0   entry9a.o
        30          0          0          0          0          0   handlers.o
        36          8          0          0          0         68   init.o
        36          0          0          0          0        100   memseta.o
        44          0          0          0          0         72   uidiv.o

    ----------------------------------------------------------------------
       168         16          0          0          0        240   Library Totals
         2          0          0          0          0          0   (incl. Padding)

    ----------------------------------------------------------------------

      Code (inc. data)   RO Data    RW Data    ZI Data      Debug   Library Name

       166         16          0          0          0        240   mc_p.l

    ----------------------------------------------------------------------
       168         16          0          0          0        240   Library Totals

    ----------------------------------------------------------------------

==============================================================================


      Code (inc. data)   RO Data    RW Data    ZI Data      Debug   

      5560        336        384         16        664      92483   Grand Totals
      5560        336        384         16        664      92483   ELF Image Totals
      5560        336        384         16          0          0   ROM Totals

==============================================================================

    Total RO  Size (Code + RO Data)                 5944 (   5.80kB)
    Total RW  Size (RW Data + ZI Data)               680 (   0.66kB)
    Total ROM Size (Code + RO Data + RW Data)       5960 (   5.82kB)

==============================================================================

